
> web@1.2.5 build
> next build

Ôû▓ Next.js 16.1.6 (Turbopack)
- Environments: .env

  Creating an optimized production build ...
node.exe : 
En línea: 1 Carácter: 1
+ & "C:\Program Files\nodejs/node.exe" "C:\Program Files\nodejs/node_mo ...
+ ~~~~~~~~~~~~~~~~~~~~~~~~~~~~~~~~~~~~~~~~~~~~~~~~~~~~~~~~~~~~~~~~~~~~~
    + CategoryInfo          : NotSpecified: (:String) [], RemoteException
    + FullyQualifiedErrorId : NativeCommandError
 
> Build error occurred
Error: Turbopack build failed with 111 errors:
./tsconfig.json:32:5
An issue occurred while parsing a tsconfig.json file.
[0m [90m 30 |[39m     [32m".next/dev/types/**/*.ts"[39m[33m,[39m
 [90m 31 |[39m     [32m"**/*.mts"[39m
[31m[1m>[22m[39m[90m 32 |[39m   ][33m,[39m
 [90m    |[39m     [31m[1m^[22m[39m
[31m[1m>[22m[39m[90m 33 |[39m [33m<<[39m[33m<<[39m[33m<<[39m[33m<[39m [33mHEAD[39m
 [90m    |[39m [31m[1m^[22m[39m[31m[1m^[22m[39m
 [90m 34 |[39m   [32m"exclude"[39m[33m:[39m [[32m"node_modules"[39m]
 [90m 35 |[39m [33m===[39m[33m===[39m[33m=[39m
 [90m 36 |[39m   [32m"exclude"[39m[33m:[39m [[32m"node_modules"[39m[33m,[39m [32m"scripts"[39m][0m

tsconfig is not parseable: invalid JSON: Unexpected token


./src/app/api/products/import/route.ts:7:1
Parsing ecmascript source code failed
[0m [90m  5 |[39m [36mexport[39m [36masync[39m [36mfunction[39m [33mPOST[39m(req[33m:[39m 
[33mRequest[39m) {
 [90m  6 |[39m     [36mtry[39m {
[31m[1m>[22m[39m[90m  7 |[39m [33m<<[39m[33m<<[39m[33m<<[39m[33m<[39m [33mHEAD[39m
 [90m    |[39m [31m[1m^[22m[39m[31m[1m^[22m[39m[31m[1m^[22m[39m[31m[1m^[22m[39m[31m[1m^[22m[39m[
31m[1m^[22m[39m[31m[1m^[22m[39m
 [90m  8 |[39m         [90m// [Fase 2C] API de importaci├│n CSV deshabilitada temporalmente para evitar inserciones 
en cabinet_products.[39m
 [90m  9 |[39m         [90m// La migraci├│n de este m├│dulo hacia V6.1 puro (usando el RPC de creaci├│n) queda 
diferida.[39m
 [90m 10 |[39m         [36mreturn[39m [33mNextResponse[39m[33m.[39mjson({ [0m

Merge conflict marker encountered.


./src/app/api/products/import/route.ts:14:1
Parsing ecmascript source code failed
[0m [90m 12 |[39m         }[33m,[39m { status[33m:[39m [35m403[39m })
 [90m 13 |[39m
[31m[1m>[22m[39m[90m 14 |[39m [33m===[39m[33m===[39m[33m=[39m
 [90m    |[39m [31m[1m^[22m[39m[31m[1m^[22m[39m[31m[1m^[22m[39m[31m[1m^[22m[39m[31m[1m^[22m[39m[
31m[1m^[22m[39m[31m[1m^[22m[39m
 [90m 15 |[39m [33m>>>[39m[33m>>>[39m[33m>[39m origin[33m/[39m[33mOswaldo_cambios[39m
 [90m 16 |[39m         [36mconst[39m body [33m=[39m [36mawait[39m req[33m.[39mjson()
 [90m 17 |[39m         [36mconst[39m records [33m=[39m body[33m.[39mdata[0m

Merge conflict marker encountered.


./src/app/api/products/import/route.ts:15:1
Parsing ecmascript source code failed
[0m [90m 13 |[39m
 [90m 14 |[39m [33m===[39m[33m===[39m[33m=[39m
[31m[1m>[22m[39m[90m 15 |[39m [33m>>>[39m[33m>>>[39m[33m>[39m origin[33m/[39m[33mOswaldo_cambios[39m
 [90m    |[39m [31m[1m^[22m[39m[31m[1m^[22m[39m[31m[1m^[22m[39m[31m[1m^[22m[39m[31m[1m^[22m[39m[
31m[1m^[22m[39m[31m[1m^[22m[39m
 [90m 16 |[39m         [36mconst[39m body [33m=[39m [36mawait[39m req[33m.[39mjson()
 [90m 17 |[39m         [36mconst[39m records [33m=[39m body[33m.[39mdata
 [90m 18 |[39m[0m

Merge conflict marker encountered.


./src/app/families/edit/[code]/page.tsx:32:1
Parsing ecmascript source code failed
[0m [90m 30 |[39m         use_destination[33m:[39m [32m''[39m[33m,[39m
 [90m 31 |[39m         rh_default[33m:[39m [36mfalse[39m[33m,[39m
[31m[1m>[22m[39m[90m 32 |[39m [33m<<[39m[33m<<[39m[33m<<[39m[33m<[39m [33mHEAD[39m
 [90m    |[39m [31m[1m^[22m[39m[31m[1m^[22m[39m[31m[1m^[22m[39m[31m[1m^[22m[39m[31m[1m^[22m[39m[
31m[1m^[22m[39m[31m[1m^[22m[39m
 [90m 33 |[39m         assembled_default[33m:[39m [36mfalse[39m[33m,[39m
 [90m 34 |[39m         manufacturing_process[33m:[39m [32m'FABRICADO'[39m
 [90m 35 |[39m [33m===[39m[33m===[39m[33m=[39m[0m

Merge conflict marker encountered.


./src/app/families/edit/[code]/page.tsx:35:1
Parsing ecmascript source code failed
[0m [90m 33 |[39m         assembled_default[33m:[39m [36mfalse[39m[33m,[39m
 [90m 34 |[39m         manufacturing_process[33m:[39m [32m'FABRICADO'[39m
[31m[1m>[22m[39m[90m 35 |[39m [33m===[39m[33m===[39m[33m=[39m
 [90m    |[39m [31m[1m^[22m[39m[31m[1m^[22m[39m[31m[1m^[22m[39m[31m[1m^[22m[39m[31m[1m^[22m[39m[
31m[1m^[22m[39m[31m[1m^[22m[39m
 [90m 36 |[39m         assembled_default[33m:[39m [36mfalse[39m
 [90m 37 |[39m [33m>>>[39m[33m>>>[39m[33m>[39m origin[33m/[39m[33mOswaldo_cambios[39m
 [90m 38 |[39m     })[0m

Merge conflict marker encountered.


./src/app/families/page.tsx:88:21
Parsing ecmascript source code failed
[0m [90m 86 |[39m                             )}
 [90m 87 |[39m                         [33m<[39m[33m/[39m[33mTableBody[39m[33m>[39m
[31m[1m>[22m[39m[90m 88 |[39m                     [33m<[39m[33m/[39m[33mTable[39m[33m>[39m
 [90m    |[39m                     [31m[1m^[22m[39m
 [90m 89 |[39m                 [33m<[39m[33m/[39m[33mCardContent[39m[33m>[39m
 [90m 90 |[39m             [33m<[39m[33m/[39m[33mCard[39m[33m>[39m
 [90m 91 |[39m         [33m<[39m[33m/[39m[33mdiv[39m[33m>[39m[0m

Expression expected


./src/app/families/page.tsx:67:1
Parsing ecmascript source code failed
[0m [90m 65 |[39m                             ) [33m:[39m (
 [90m 66 |[39m                                 families[33m.[39mmap((family[33m:[39m any) [33m=>[39m (
[31m[1m>[22m[39m[90m 67 |[39m [33m<<[39m[33m<<[39m[33m<<[39m[33m<[39m [33mHEAD[39m
 [90m    |[39m [31m[1m^[22m[39m[31m[1m^[22m[39m[31m[1m^[22m[39m[31m[1m^[22m[39m[31m[1m^[22m[39m[
31m[1m^[22m[39m[31m[1m^[22m[39m
 [90m 68 |[39m                                     [33m<[39m[33mTableRow[39m 
key[33m=[39m{family[33m.[39mcode} className[33m=[39m[32m"hover:bg-slate-50/50 transition-colors"[39m[33m>[39m
 [90m 69 |[39m [33m===[39m[33m===[39m[33m=[39m
 [90m 70 |[39m                                     [33m<[39m[33mTableRow[39m key[33m=[39m{family[33m.[39mid} 
className[33m=[39m[32m"hover:bg-slate-50/50 transition-colors"[39m[33m>[39m[0m

Merge conflict marker encountered.


./src/app/families/page.tsx:71:1
Parsing ecmascript source code failed
[0m [90m 69 |[39m [33m===[39m[33m===[39m[33m=[39m
 [90m 70 |[39m                                     [33m<[39m[33mTableRow[39m key[33m=[39m{family[33m.[39mid} 
className[33m=[39m[32m"hover:bg-slate-50/50 transition-colors"[39m[33m>[39m
[31m[1m>[22m[39m[90m 71 |[39m [33m>>>[39m[33m>>>[39m[33m>[39m origin[33m/[39m[33mOswaldo_cambios[39m
 [90m    |[39m [31m[1m^[22m[39m
 [90m 72 |[39m                                         [33m<[39m[33mTableCell[39m 
className[33m=[39m[32m"font-mono font-medium 
text-slate-700"[39m[33m>[39m{family[33m.[39mcode}[33m<[39m[33m/[39m[33mTableCell[39m[33m>[39m
 [90m 73 |[39m                                         [33m<[39m[33mTableCell[39m className[33m=[39m[32m"text-
slate-600"[39m[33m>[39m{family[33m.[39mname}[33m<[39m[33m/[39m[33mTableCell[39m[33m>[39m
 [90m 74 |[39m                                         [33m<[39m[33mTableCell[39m className[33m=[39m[32m"text-
slate-600"[39m[33m>[39m{family[33m.[39muse_destination}[33m<[39m[33m/[39m[33mTableCell[39m[33m>[39m[0m

Unexpected token. Did you mean `{'>'}` or `&gt;`?


./src/app/families/page.tsx:71:2
Parsing ecmascript source code failed
[0m [90m 69 |[39m [33m===[39m[33m===[39m[33m=[39m
 [90m 70 |[39m                                     [33m<[39m[33mTableRow[39m key[33m=[39m{family[33m.[39mid} 
className[33m=[39m[32m"hover:bg-slate-50/50 transition-colors"[39m[33m>[39m
[31m[1m>[22m[39m[90m 71 |[39m [33m>>>[39m[33m>>>[39m[33m>[39m origin[33m/[39m[33mOswaldo_cambios[39m
 [90m    |[39m  [31m[1m^[22m[39m
 [90m 72 |[39m                                         [33m<[39m[33mTableCell[39m 
className[33m=[39m[32m"font-mono font-medium 
text-slate-700"[39m[33m>[39m{family[33m.[39mcode}[33m<[39m[33m/[39m[33mTableCell[39m[33m>[39m
 [90m 73 |[39m                                         [33m<[39m[33mTableCell[39m className[33m=[39m[32m"text-
slate-600"[39m[33m>[39m{family[33m.[39mname}[33m<[39m[33m/[39m[33mTableCell[39m[33m>[39m
 [90m 74 |[39m                                         [33m<[39m[33mTableCell[39m className[33m=[39m[32m"text-
slate-600"[39m[33m>[39m{family[33m.[39muse_destination}[33m<[39m[33m/[39m[33mTableCell[39m[33m>[39m[0m

Unexpected token. Did you mean `{'>'}` or `&gt;`?


./src/app/families/page.tsx:71:3
Parsing ecmascript source code failed
[0m [90m 69 |[39m [33m===[39m[33m===[39m[33m=[39m
 [90m 70 |[39m                                     [33m<[39m[33mTableRow[39m key[33m=[39m{family[33m.[39mid} 
className[33m=[39m[32m"hover:bg-slate-50/50 transition-colors"[39m[33m>[39m
[31m[1m>[22m[39m[90m 71 |[39m [33m>>>[39m[33m>>>[39m[33m>[39m origin[33m/[39m[33mOswaldo_cambios[39m
 [90m    |[39m   [31m[1m^[22m[39m
 [90m 72 |[39m                                         [33m<[39m[33mTableCell[39m 
className[33m=[39m[32m"font-mono font-medium 
text-slate-700"[39m[33m>[39m{family[33m.[39mcode}[33m<[39m[33m/[39m[33mTableCell[39m[33m>[39m
 [90m 73 |[39m                                         [33m<[39m[33mTableCell[39m className[33m=[39m[32m"text-
slate-600"[39m[33m>[39m{family[33m.[39mname}[33m<[39m[33m/[39m[33mTableCell[39m[33m>[39m
 [90m 74 |[39m                                         [33m<[39m[33mTableCell[39m className[33m=[39m[32m"text-
slate-600"[39m[33m>[39m{family[33m.[39muse_destination}[33m<[39m[33m/[39m[33mTableCell[39m[33m>[39m[0m

Unexpected token. Did you mean `{'>'}` or `&gt;`?


./src/app/families/page.tsx:71:4
Parsing ecmascript source code failed
[0m [90m 69 |[39m [33m===[39m[33m===[39m[33m=[39m
 [90m 70 |[39m                                     [33m<[39m[33mTableRow[39m key[33m=[39m{family[33m.[39mid} 
className[33m=[39m[32m"hover:bg-slate-50/50 transition-colors"[39m[33m>[39m
[31m[1m>[22m[39m[90m 71 |[39m [33m>>>[39m[33m>>>[39m[33m>[39m origin[33m/[39m[33mOswaldo_cambios[39m
 [90m    |[39m    [31m[1m^[22m[39m
 [90m 72 |[39m                                         [33m<[39m[33mTableCell[39m 
className[33m=[39m[32m"font-mono font-medium 
text-slate-700"[39m[33m>[39m{family[33m.[39mcode}[33m<[39m[33m/[39m[33mTableCell[39m[33m>[39m
 [90m 73 |[39m                                         [33m<[39m[33mTableCell[39m className[33m=[39m[32m"text-
slate-600"[39m[33m>[39m{family[33m.[39mname}[33m<[39m[33m/[39m[33mTableCell[39m[33m>[39m
 [90m 74 |[39m                                         [33m<[39m[33mTableCell[39m className[33m=[39m[32m"text-
slate-600"[39m[33m>[39m{family[33m.[39muse_destination}[33m<[39m[33m/[39m[33mTableCell[39m[33m>[39m[0m

Unexpected token. Did you mean `{'>'}` or `&gt;`?


./src/app/families/page.tsx:71:5
Parsing ecmascript source code failed
[0m [90m 69 |[39m [33m===[39m[33m===[39m[33m=[39m
 [90m 70 |[39m                                     [33m<[39m[33mTableRow[39m key[33m=[39m{family[33m.[39mid} 
className[33m=[39m[32m"hover:bg-slate-50/50 transition-colors"[39m[33m>[39m
[31m[1m>[22m[39m[90m 71 |[39m [33m>>>[39m[33m>>>[39m[33m>[39m origin[33m/[39m[33mOswaldo_cambios[39m
 [90m    |[39m     [31m[1m^[22m[39m
 [90m 72 |[39m                                         [33m<[39m[33mTableCell[39m 
className[33m=[39m[32m"font-mono font-medium 
text-slate-700"[39m[33m>[39m{family[33m.[39mcode}[33m<[39m[33m/[39m[33mTableCell[39m[33m>[39m
 [90m 73 |[39m                                         [33m<[39m[33mTableCell[39m className[33m=[39m[32m"text-
slate-600"[39m[33m>[39m{family[33m.[39mname}[33m<[39m[33m/[39m[33mTableCell[39m[33m>[39m
 [90m 74 |[39m                                         [33m<[39m[33mTableCell[39m className[33m=[39m[32m"text-
slate-600"[39m[33m>[39m{family[33m.[39muse_destination}[33m<[39m[33m/[39m[33mTableCell[39m[33m>[39m[0m

Unexpected token. Did you mean `{'>'}` or `&gt;`?


./src/app/families/page.tsx:71:6
Parsing ecmascript source code failed
[0m [90m 69 |[39m [33m===[39m[33m===[39m[33m=[39m
 [90m 70 |[39m                                     [33m<[39m[33mTableRow[39m key[33m=[39m{family[33m.[39mid} 
className[33m=[39m[32m"hover:bg-slate-50/50 transition-colors"[39m[33m>[39m
[31m[1m>[22m[39m[90m 71 |[39m [33m>>>[39m[33m>>>[39m[33m>[39m origin[33m/[39m[33mOswaldo_cambios[39m
 [90m    |[39m      [31m[1m^[22m[39m
 [90m 72 |[39m                                         [33m<[39m[33mTableCell[39m 
className[33m=[39m[32m"font-mono font-medium 
text-slate-700"[39m[33m>[39m{family[33m.[39mcode}[33m<[39m[33m/[39m[33mTableCell[39m[33m>[39m
 [90m 73 |[39m                                         [33m<[39m[33mTableCell[39m className[33m=[39m[32m"text-
slate-600"[39m[33m>[39m{family[33m.[39mname}[33m<[39m[33m/[39m[33mTableCell[39m[33m>[39m
 [90m 74 |[39m                                         [33m<[39m[33mTableCell[39m className[33m=[39m[32m"text-
slate-600"[39m[33m>[39m{family[33m.[39muse_destination}[33m<[39m[33m/[39m[33mTableCell[39m[33m>[39m[0m

Unexpected token. Did you mean `{'>'}` or `&gt;`?


./src/app/families/page.tsx:71:7
Parsing ecmascript source code failed
[0m [90m 69 |[39m [33m===[39m[33m===[39m[33m=[39m
 [90m 70 |[39m                                     [33m<[39m[33mTableRow[39m key[33m=[39m{family[33m.[39mid} 
className[33m=[39m[32m"hover:bg-slate-50/50 transition-colors"[39m[33m>[39m
[31m[1m>[22m[39m[90m 71 |[39m [33m>>>[39m[33m>>>[39m[33m>[39m origin[33m/[39m[33mOswaldo_cambios[39m
 [90m    |[39m       [31m[1m^[22m[39m
 [90m 72 |[39m                                         [33m<[39m[33mTableCell[39m 
className[33m=[39m[32m"font-mono font-medium 
text-slate-700"[39m[33m>[39m{family[33m.[39mcode}[33m<[39m[33m/[39m[33mTableCell[39m[33m>[39m
 [90m 73 |[39m                                         [33m<[39m[33mTableCell[39m className[33m=[39m[32m"text-
slate-600"[39m[33m>[39m{family[33m.[39mname}[33m<[39m[33m/[39m[33mTableCell[39m[33m>[39m
 [90m 74 |[39m                                         [33m<[39m[33mTableCell[39m className[33m=[39m[32m"text-
slate-600"[39m[33m>[39m{family[33m.[39muse_destination}[33m<[39m[33m/[39m[33mTableCell[39m[33m>[39m[0m

Unexpected token. Did you mean `{'>'}` or `&gt;`?


./src/app/families/page.tsx:86:30
Parsing ecmascript source code failed
[0m [90m 84 |[39m                                     [33m<[39m[33m/[39m[33mTableRow[39m[33m>[39m
 [90m 85 |[39m                                 ))
[31m[1m>[22m[39m[90m 86 |[39m                             )}
 [90m    |[39m                              [31m[1m^[22m[39m
 [90m 87 |[39m                         [33m<[39m[33m/[39m[33mTableBody[39m[33m>[39m
 [90m 88 |[39m                     [33m<[39m[33m/[39m[33mTable[39m[33m>[39m
 [90m 89 |[39m                 [33m<[39m[33m/[39m[33mCardContent[39m[33m>[39m[0m

Unexpected token. Did you mean `{'}'}` or `&rbrace;`?


./src/app/families/page.tsx:88:22
Parsing ecmascript source code failed
[0m [90m 86 |[39m                             )}
 [90m 87 |[39m                         [33m<[39m[33m/[39m[33mTableBody[39m[33m>[39m
[31m[1m>[22m[39m[90m 88 |[39m                     [33m<[39m[33m/[39m[33mTable[39m[33m>[39m
 [90m    |[39m                      [31m[1m^[22m[39m[31m[1m^[22m[39m[31m[1m^[22m[39m[31m[1m^[22m[39m
[31m[1m^[22m[39m[31m[1m^[22m[39m[31m[1m^[22m[39m
 [90m 89 |[39m                 [33m<[39m[33m/[39m[33mCardContent[39m[33m>[39m
 [90m 90 |[39m             [33m<[39m[33m/[39m[33mCard[39m[33m>[39m
 [90m 91 |[39m         [33m<[39m[33m/[39m[33mdiv[39m[33m>[39m[0m

Unterminated regexp literal


./src/app/generate/[id]/page.tsx:129:1
Parsing ecmascript source code failed
[0m [90m 127 |[39m     )
 [90m 128 |[39m }
[31m[1m>[22m[39m[90m 129 |[39m
 [90m     |[39m [31m[1m^[22m[39m[0m

Expected '}', got '<eof>'


./src/app/generate/[id]/page.tsx:39:1
Parsing ecmascript source code failed
[0m [90m 37 |[39m     [36mlet[39m product[33m:[39m any [33m=[39m [36mnull[39m
 [90m 38 |[39m     
[31m[1m>[22m[39m[90m 39 |[39m [33m<<[39m[33m<<[39m[33m<<[39m[33m<[39m [33mHEAD[39m
 [90m    |[39m [31m[1m^[22m[39m[31m[1m^[22m[39m[31m[1m^[22m[39m[31m[1m^[22m[39m[31m[1m^[22m[39m[
31m[1m^[22m[39m[31m[1m^[22m[39m
 [90m 40 |[39m     [90m// Intentar buscar en productos core V6.1[39m
 [90m 41 |[39m     [36mconst[39m { composeProductById } [33m=[39m [36mawait[39m 
[36mimport[39m([32m'@/lib/engine/product_composer'[39m)
 [90m 42 |[39m     [36mconst[39m coreProduct [33m=[39m [36mawait[39m composeProductById(id)[0m

Merge conflict marker encountered.


./src/app/generate/[id]/page.tsx:46:1
Parsing ecmascript source code failed
[0m [90m 44 |[39m     [36mif[39m (coreProduct) {
 [90m 45 |[39m         product [33m=[39m coreProduct
[31m[1m>[22m[39m[90m 46 |[39m [33m===[39m[33m===[39m[33m=[39m
 [90m    |[39m [31m[1m^[22m[39m[31m[1m^[22m[39m[31m[1m^[22m[39m[31m[1m^[22m[39m[31m[1m^[22m[39m[
31m[1m^[22m[39m[31m[1m^[22m[39m
 [90m 47 |[39m     [90m// Intentar buscar en productos core[39m
 [90m 48 |[39m     [36mconst[39m pRows [33m=[39m [36mawait[39m dbQuery(
 [90m 49 |[39m         [32m`SELECT p.*, c.name_color_sap as color_name [39m[0m

Merge conflict marker encountered.


./src/app/generate/[id]/page.tsx:57:1
Parsing ecmascript source code failed
[0m [90m 55 |[39m     [36mif[39m (pRows [33m&&[39m pRows[[35m0[39m]) {
 [90m 56 |[39m         product [33m=[39m pRows[[35m0[39m]
[31m[1m>[22m[39m[90m 57 |[39m [33m>>>[39m[33m>>>[39m[33m>[39m origin[33m/[39m[33mOswaldo_cambios[39m
 [90m    |[39m [31m[1m^[22m[39m[31m[1m^[22m[39m[31m[1m^[22m[39m[31m[1m^[22m[39m[31m[1m^[22m[39m[
31m[1m^[22m[39m[31m[1m^[22m[39m
 [90m 58 |[39m     } [36melse[39m {
 [90m 59 |[39m         [90m// Buscar en datasets externos[39m
 [90m 60 |[39m         [36mconst[39m dRows [33m=[39m [36mawait[39m dbQuery([0m

Merge conflict marker encountered.


./src/app/generate/page.tsx:152:1
Parsing ecmascript source code failed
[0m [90m 150 |[39m     )
 [90m 151 |[39m }
[31m[1m>[22m[39m[90m 152 |[39m
 [90m     |[39m [31m[1m^[22m[39m[0m

Expected '}', got '<eof>'


./src/app/generate/page.tsx:33:1
Parsing ecmascript source code failed
[0m [90m 31 |[39m     [90m// --- Cargar productos filtrados ---[39m
 [90m 32 |[39m     [36mlet[39m products[33m:[39m any[] [33m=[39m []
[31m[1m>[22m[39m[90m 33 |[39m [33m<<[39m[33m<<[39m[33m<<[39m[33m<[39m [33mHEAD[39m
 [90m    |[39m [31m[1m^[22m[39m[31m[1m^[22m[39m[31m[1m^[22m[39m[31m[1m^[22m[39m[31m[1m^[22m[39m[
31m[1m^[22m[39m[31m[1m^[22m[39m
 [90m 34 |[39m     [36mlet[39m totalCount [33m=[39m [35m0[39m
 [90m 35 |[39m     [36mif[39m (hasFilter) {
 [90m 36 |[39m         [36mconst[39m filtersObj [33m=[39m {[0m

Merge conflict marker encountered.


./src/app/generate/page.tsx:46:1
Parsing ecmascript source code failed
[0m [90m 44 |[39m         products [33m=[39m result[33m.[39mproducts
 [90m 45 |[39m         totalCount [33m=[39m result[33m.[39mtotalCount
[31m[1m>[22m[39m[90m 46 |[39m [33m===[39m[33m===[39m[33m=[39m
 [90m    |[39m [31m[1m^[22m[39m[31m[1m^[22m[39m[31m[1m^[22m[39m[31m[1m^[22m[39m[31m[1m^[22m[39m[
31m[1m^[22m[39m[31m[1m^[22m[39m
 [90m 47 |[39m     [36mif[39m (hasFilter) {
 [90m 48 |[39m         [36mconst[39m conditions[33m:[39m string[] [33m=[39m []
 [90m 49 |[39m         [36mif[39m (f[33m.[39mlength [33m>[39m [35m0[39m) 
conditions[33m.[39mpush([32m`familia_code IN (${f.map(v => `'${v.replace(/'/g, "''")}'`).join(',')})`[39m)[0m

Merge conflict marker encountered.


./src/app/generate/page.tsx:60:1
Parsing ecmascript source code failed
[0m [90m 58 |[39m [32m             ${where} ORDER BY p.code ASC LIMIT 200`[39m
 [90m 59 |[39m         ) [33m||[39m []
[31m[1m>[22m[39m[90m 60 |[39m [33m>>>[39m[33m>>>[39m[33m>[39m origin[33m/[39m[33mOswaldo_cambios[39m
 [90m    |[39m [31m[1m^[22m[39m[31m[1m^[22m[39m[31m[1m^[22m[39m[31m[1m^[22m[39m[31m[1m^[22m[39m[
31m[1m^[22m[39m[31m[1m^[22m[39m
 [90m 61 |[39m     }
 [90m 62 |[39m
 [90m 63 |[39m     [90m// --- Filtros centralizados (src/lib/data/filters.ts) ---[39m[0m

Merge conflict marker encountered.


./src/app/generate/page.tsx:144:1
Parsing ecmascript source code failed
[0m [90m 142 |[39m                 hasFilter[33m=[39m{effectiveHasFilter}
 [90m 143 |[39m                 isExternalSource[33m=[39m{isDataSourceExternal}
[31m[1m>[22m[39m[90m 144 |[39m [33m<<[39m[33m<<[39m[33m<<[39m[33m<[39m [33mHEAD[39m
 [90m     |[39m [31m[1m^[22m[39m[31m[1m^[22m[39m[31m[1m^[22m[39m[31m[1m^[22m[39m[31m[1m^[22m[39m
[31m[1m^[22m[39m[31m[1m^[22m[39m
 [90m 145 |[39m                 totalCount[33m=[39m{totalCount}
 [90m 146 |[39m [33m===[39m[33m===[39m[33m=[39m
 [90m 147 |[39m [33m>>>[39m[33m>>>[39m[33m>[39m origin[33m/[39m[33mOswaldo_cambios[39m[0m

Merge conflict marker encountered.


./src/app/generate/page.tsx:146:1
Parsing ecmascript source code failed
[0m [90m 144 |[39m [33m<<[39m[33m<<[39m[33m<<[39m[33m<[39m [33mHEAD[39m
 [90m 145 |[39m                 totalCount[33m=[39m{totalCount}
[31m[1m>[22m[39m[90m 146 |[39m [33m===[39m[33m===[39m[33m=[39m
 [90m     |[39m [31m[1m^[22m[39m[31m[1m^[22m[39m[31m[1m^[22m[39m[31m[1m^[22m[39m[31m[1m^[22m[39m
[31m[1m^[22m[39m[31m[1m^[22m[39m
 [90m 147 |[39m [33m>>>[39m[33m>>>[39m[33m>[39m origin[33m/[39m[33mOswaldo_cambios[39m
 [90m 148 |[39m             [33m/[39m[33m>[39m
 [90m 149 |[39m         [33m<[39m[33m/[39m[33mdiv[39m[33m>[39m[0m

Merge conflict marker encountered.


./src/app/generate/page.tsx:147:1
Parsing ecmascript source code failed
[0m [90m 145 |[39m                 totalCount[33m=[39m{totalCount}
 [90m 146 |[39m [33m===[39m[33m===[39m[33m=[39m
[31m[1m>[22m[39m[90m 147 |[39m [33m>>>[39m[33m>>>[39m[33m>[39m origin[33m/[39m[33mOswaldo_cambios[39m
 [90m     |[39m [31m[1m^[22m[39m[31m[1m^[22m[39m[31m[1m^[22m[39m[31m[1m^[22m[39m[31m[1m^[22m[39m
[31m[1m^[22m[39m[31m[1m^[22m[39m
 [90m 148 |[39m             [33m/[39m[33m>[39m
 [90m 149 |[39m         [33m<[39m[33m/[39m[33mdiv[39m[33m>[39m
 [90m 150 |[39m     )[0m

Merge conflict marker encountered.


./src/app/products/ProductForm.tsx:12:1
Parsing ecmascript source code failed
[0m [90m 10 |[39m [36mimport[39m { createProductAction[33m,[39m updateProductAction[33m,[39m 
getUniquePropertiesAction[33m,[39m parseProductCodeAction[33m,[39m translateAction[33m,[39m 
checkProductExistsAction[33m,[39m getDiagnosticInfoAction[33m,[39m getClientsAction[33m,[39m 
checkFamilyExistsAction[33m,[39m upsertFamilyAction[33m,[39m saveGlossaryTermsAction } [36mfrom[39m 
[32m'./actions'[39m
 [90m 11 |[39m [36mimport[39m { [33mCheckbox[39m } [36mfrom[39m [32m'@/components/ui/checkbox'[39m
[31m[1m>[22m[39m[90m 12 |[39m [33m<<[39m[33m<<[39m[33m<<[39m[33m<[39m [33mHEAD[39m
 [90m    |[39m [31m[1m^[22m[39m[31m[1m^[22m[39m[31m[1m^[22m[39m[31m[1m^[22m[39m[31m[1m^[22m[39m[
31m[1m^[22m[39m[31m[1m^[22m[39m
 [90m 13 |[39m [36mimport[39m { [33mSelect[39m[33m,[39m [33mSelectContent[39m[33m,[39m 
[33mSelectItem[39m[33m,[39m [33mSelectTrigger[39m[33m,[39m [33mSelectValue[39m } [36mfrom[39m 
[32m'@/components/ui/select'[39m
 [90m 14 |[39m [36mimport[39m { getColorByNameAction[33m,[39m getRulesAction } [36mfrom[39m 
[32m'@/app/rules/actions'[39m
 [90m 15 |[39m [36mimport[39m { evaluateProductRules } [36mfrom[39m [32m'@/lib/engine/ruleEvaluator'[39m[0m

Merge conflict marker encountered.

Import trace:
  Server Component:
    ./src/app/products/ProductForm.tsx
    ./src/app/products/new/page.tsx


./src/app/products/ProductForm.tsx:17:1
Parsing ecmascript source code failed
[0m [90m 15 |[39m [36mimport[39m { evaluateProductRules } [36mfrom[39m [32m'@/lib/engine/ruleEvaluator'[39m
 [90m 16 |[39m [36mimport[39m { [33mArrowLeft[39m[33m,[39m [33mFileBadge2[39m[33m,[39m 
[33mAlertTriangle[39m[33m,[39m [33mSparkles[39m[33m,[39m [33mBuilding2[39m[33m,[39m [33mImage[39m 
[36mas[39m [33mImageIcon[39m[33m,[39m [33mSave[39m[33m,[39m [33mBox[39m[33m,[39m 
[33mShieldCheck[39m[33m,[39m [33mHistory[39m[33m,[39m [33mAlertCircle[39m } [36mfrom[39m 
[32m'lucide-react'[39m
[31m[1m>[22m[39m[90m 17 |[39m [33m===[39m[33m===[39m[33m=[39m
 [90m    |[39m [31m[1m^[22m[39m[31m[1m^[22m[39m[31m[1m^[22m[39m[31m[1m^[22m[39m[31m[1m^[22m[39m[
31m[1m^[22m[39m[31m[1m^[22m[39m
 [90m 18 |[39m [36mimport[39m { getColorByNameAction[33m,[39m getRulesAction } [36mfrom[39m 
[32m'@/app/rules/actions'[39m
 [90m 19 |[39m [36mimport[39m { evaluateProductRules } [36mfrom[39m [32m'@/lib/engine/ruleEvaluator'[39m
 [90m 20 |[39m [36mimport[39m { [33mArrowLeft[39m[33m,[39m [33mFileBadge2[39m[33m,[39m 
[33mAlertTriangle[39m[33m,[39m [33mSparkles[39m[33m,[39m [33mBuilding2[39m[33m,[39m [33mImage[39m 
[36mas[39m [33mImageIcon[39m[33m,[39m [33mSave[39m[33m,[39m [33mBox[39m[33m,[39m [33mShieldCheck[39m } 
[36mfrom[39m [32m'lucide-react'[39m[0m

Merge conflict marker encountered.

Import trace:
  Server Component:
    ./src/app/products/ProductForm.tsx
    ./src/app/products/new/page.tsx


./src/app/products/ProductForm.tsx:21:1
Parsing ecmascript source code failed
[0m [90m 19 |[39m [36mimport[39m { evaluateProductRules } [36mfrom[39m [32m'@/lib/engine/ruleEvaluator'[39m
 [90m 20 |[39m [36mimport[39m { [33mArrowLeft[39m[33m,[39m [33mFileBadge2[39m[33m,[39m 
[33mAlertTriangle[39m[33m,[39m [33mSparkles[39m[33m,[39m [33mBuilding2[39m[33m,[39m [33mImage[39m 
[36mas[39m [33mImageIcon[39m[33m,[39m [33mSave[39m[33m,[39m [33mBox[39m[33m,[39m [33mShieldCheck[39m } 
[36mfrom[39m [32m'lucide-react'[39m
[31m[1m>[22m[39m[90m 21 |[39m [33m>>>[39m[33m>>>[39m[33m>[39m origin[33m/[39m[33mOswaldo_cambios[39m
 [90m    |[39m [31m[1m^[22m[39m[31m[1m^[22m[39m[31m[1m^[22m[39m[31m[1m^[22m[39m[31m[1m^[22m[39m[
31m[1m^[22m[39m[31m[1m^[22m[39m
 [90m 22 |[39m [36mimport[39m { toast } [36mfrom[39m [32m'sonner'[39m
 [90m 23 |[39m [36mimport[39m { [33mProduct[39m } [36mfrom[39m [32m'@prisma/client'[39m
 [90m 24 |[39m [36mimport[39m { [33mUploadAssetButton[39m } [36mfrom[39m 
[32m'@/components/assets/UploadAssetButton'[39m[0m

Merge conflict marker encountered.

Import trace:
  Server Component:
    ./src/app/products/ProductForm.tsx
    ./src/app/products/new/page.tsx


./src/app/products/ProductForm.tsx:28:1
Parsing ecmascript source code failed
[0m [90m 26 |[39m [36mimport[39m { [33mIsometricAssociationDialog[39m } [36mfrom[39m 
[32m'@/components/assets/IsometricAssociationDialog'[39m
 [90m 27 |[39m [36mimport[39m { [33mPostSaveExportModal[39m } [36mfrom[39m 
[32m'@/components/products/PostSaveExportModal'[39m
[31m[1m>[22m[39m[90m 28 |[39m [33m<<[39m[33m<<[39m[33m<<[39m[33m<[39m [33mHEAD[39m
 [90m    |[39m [31m[1m^[22m[39m[31m[1m^[22m[39m[31m[1m^[22m[39m[31m[1m^[22m[39m[31m[1m^[22m[39m[
31m[1m^[22m[39m[31m[1m^[22m[39m
 [90m 29 |[39m [36mimport[39m { cn } [36mfrom[39m [32m'@/lib/utils'[39m
 [90m 30 |[39m [33m===[39m[33m===[39m[33m=[39m
 [90m 31 |[39m [33m>>>[39m[33m>>>[39m[33m>[39m origin[33m/[39m[33mOswaldo_cambios[39m[0m

Merge conflict marker encountered.

Import trace:
  Server Component:
    ./src/app/products/ProductForm.tsx
    ./src/app/products/new/page.tsx


./src/app/products/ProductForm.tsx:30:1
Parsing ecmascript source code failed
[0m [90m 28 |[39m [33m<<[39m[33m<<[39m[33m<<[39m[33m<[39m [33mHEAD[39m
 [90m 29 |[39m [36mimport[39m { cn } [36mfrom[39m [32m'@/lib/utils'[39m
[31m[1m>[22m[39m[90m 30 |[39m [33m===[39m[33m===[39m[33m=[39m
 [90m    |[39m [31m[1m^[22m[39m[31m[1m^[22m[39m[31m[1m^[22m[39m[31m[1m^[22m[39m[31m[1m^[22m[39m[
31m[1m^[22m[39m[31m[1m^[22m[39m
 [90m 31 |[39m [33m>>>[39m[33m>>>[39m[33m>[39m origin[33m/[39m[33mOswaldo_cambios[39m
 [90m 32 |[39m
 [90m 33 |[39m [36minterface[39m [33mProductFormProps[39m {[0m

Merge conflict marker encountered.

Import trace:
  Server Component:
    ./src/app/products/ProductForm.tsx
    ./src/app/products/new/page.tsx


./src/app/products/ProductForm.tsx:31:1
Parsing ecmascript source code failed
[0m [90m 29 |[39m [36mimport[39m { cn } [36mfrom[39m [32m'@/lib/utils'[39m
 [90m 30 |[39m [33m===[39m[33m===[39m[33m=[39m
[31m[1m>[22m[39m[90m 31 |[39m [33m>>>[39m[33m>>>[39m[33m>[39m origin[33m/[39m[33mOswaldo_cambios[39m
 [90m    |[39m [31m[1m^[22m[39m[31m[1m^[22m[39m[31m[1m^[22m[39m[31m[1m^[22m[39m[31m[1m^[22m[39m[
31m[1m^[22m[39m[31m[1m^[22m[39m
 [90m 32 |[39m
 [90m 33 |[39m [36minterface[39m [33mProductFormProps[39m {
 [90m 34 |[39m     initialData[33m?[39m[33m:[39m any[0m

Merge conflict marker encountered.

Import trace:
  Server Component:
    ./src/app/products/ProductForm.tsx
    ./src/app/products/new/page.tsx


./src/app/products/[id]/page.tsx:50:2
Parsing ecmascript source code failed
[0m [90m 48 |[39m     [36mreturn[39m (
 [90m 49 |[39m         [33m<[39m[33mdiv[39m className[33m=[39m[32m"max-w-5xl mx-auto w-full"[39m[33m>[39m
[31m[1m>[22m[39m[90m 50 |[39m [33m<<[39m[33m<<[39m[33m<<[39m[33m<[39m [33mHEAD[39m
 [90m    |[39m  [31m[1m^[22m[39m[31m[1m^[22m[39m
 [90m 51 |[39m             [33m<[39m[33mProductForm[39m initialData[33m=[39m{product} 
backHref[33m=[39m{backHref} readOnly[33m=[39m{[36mtrue[39m} [33m/[39m[33m>[39m
 [90m 52 |[39m [33m===[39m[33m===[39m[33m=[39m
 [90m 53 |[39m             [33m<[39m[33mProductForm[39m initialData[33m=[39m{product} 
backHref[33m=[39m{backHref} [33m/[39m[33m>[39m[0m

Expression expected


./src/app/products/[id]/page.tsx:50:4
Parsing ecmascript source code failed
[0m [90m 48 |[39m     [36mreturn[39m (
 [90m 49 |[39m         [33m<[39m[33mdiv[39m className[33m=[39m[32m"max-w-5xl mx-auto w-full"[39m[33m>[39m
[31m[1m>[22m[39m[90m 50 |[39m [33m<<[39m[33m<<[39m[33m<<[39m[33m<[39m [33mHEAD[39m
 [90m    |[39m    [31m[1m^[22m[39m[31m[1m^[22m[39m
 [90m 51 |[39m             [33m<[39m[33mProductForm[39m initialData[33m=[39m{product} 
backHref[33m=[39m{backHref} readOnly[33m=[39m{[36mtrue[39m} [33m/[39m[33m>[39m
 [90m 52 |[39m [33m===[39m[33m===[39m[33m=[39m
 [90m 53 |[39m             [33m<[39m[33mProductForm[39m initialData[33m=[39m{product} 
backHref[33m=[39m{backHref} [33m/[39m[33m>[39m[0m

Expression expected


./src/app/products/[id]/page.tsx:1:1
Parsing ecmascript source code failed
[0m[31m[1m>[22m[39m[90m 1 |[39m [33m<<[39m[33m<<[39m[33m<<[39m[33m<[39m [33mHEAD[39m
 [90m   |[39m [31m[1m^[22m[39m[31m[1m^[22m[39m[31m[1m^[22m[39m[31m[1m^[22m[39m[31m[1m^[22m[39m[3
1m[1m^[22m[39m[31m[1m^[22m[39m
 [90m 2 |[39m [36mimport[39m { redirect } [36mfrom[39m [32m'next/navigation'[39m
 [90m 3 |[39m [36mimport[39m { [33mProductForm[39m } [36mfrom[39m [32m'../ProductForm'[39m
 [90m 4 |[39m [36mimport[39m { composeProductById } [36mfrom[39m [32m'@/lib/engine/product_composer'[39m[0m

Merge conflict marker encountered.


./src/app/products/[id]/page.tsx:5:1
Parsing ecmascript source code failed
[0m [90m 3 |[39m [36mimport[39m { [33mProductForm[39m } [36mfrom[39m [32m'../ProductForm'[39m
 [90m 4 |[39m [36mimport[39m { composeProductById } [36mfrom[39m [32m'@/lib/engine/product_composer'[39m
[31m[1m>[22m[39m[90m 5 |[39m [33m===[39m[33m===[39m[33m=[39m
 [90m   |[39m [31m[1m^[22m[39m[31m[1m^[22m[39m[31m[1m^[22m[39m[31m[1m^[22m[39m[31m[1m^[22m[39m[3
1m[1m^[22m[39m[31m[1m^[22m[39m
 [90m 6 |[39m [36mimport[39m { dbQuery } [36mfrom[39m [32m'@/lib/supabase'[39m
 [90m 7 |[39m [36mimport[39m { redirect } [36mfrom[39m [32m'next/navigation'[39m
 [90m 8 |[39m [36mimport[39m { [33mProductForm[39m } [36mfrom[39m [32m'../ProductForm'[39m[0m

Merge conflict marker encountered.


./src/app/products/[id]/page.tsx:9:1
Parsing ecmascript source code failed
[0m [90m  7 |[39m [36mimport[39m { redirect } [36mfrom[39m [32m'next/navigation'[39m
 [90m  8 |[39m [36mimport[39m { [33mProductForm[39m } [36mfrom[39m [32m'../ProductForm'[39m
[31m[1m>[22m[39m[90m  9 |[39m [33m>>>[39m[33m>>>[39m[33m>[39m origin[33m/[39m[33mOswaldo_cambios[39m
 [90m    |[39m [31m[1m^[22m[39m[31m[1m^[22m[39m[31m[1m^[22m[39m[31m[1m^[22m[39m[31m[1m^[22m[39m[
31m[1m^[22m[39m[31m[1m^[22m[39m
 [90m 10 |[39m
 [90m 11 |[39m [36mexport[39m [36mdefault[39m [36masync[39m [36mfunction[39m [33mEditProductPage[39m({ 
 [90m 12 |[39m     params[33m,[39m [0m

Merge conflict marker encountered.


./src/app/products/[id]/page.tsx:21:1
Parsing ecmascript source code failed
[0m [90m 19 |[39m     [36mconst[39m searchParams [33m=[39m [36mawait[39m searchParamsPromise
 [90m 20 |[39m
[31m[1m>[22m[39m[90m 21 |[39m [33m<<[39m[33m<<[39m[33m<<[39m[33m<[39m [33mHEAD[39m
 [90m    |[39m [31m[1m^[22m[39m[31m[1m^[22m[39m[31m[1m^[22m[39m[31m[1m^[22m[39m[31m[1m^[22m[39m[
31m[1m^[22m[39m[31m[1m^[22m[39m
 [90m 22 |[39m     [36mconst[39m product [33m=[39m [36mawait[39m composeProductById(id)
 [90m 23 |[39m
 [90m 24 |[39m     [36mif[39m ([33m![39mproduct) {[0m

Merge conflict marker encountered.


./src/app/products/[id]/page.tsx:28:1
Parsing ecmascript source code failed
[0m [90m 26 |[39m         [90m// (Sin fallback a cabinet_products como se solicit├│)[39m
 [90m 27 |[39m         redirect([32m'/products?error=not_found'[39m)
[31m[1m>[22m[39m[90m 28 |[39m [33m===[39m[33m===[39m[33m=[39m
 [90m    |[39m [31m[1m^[22m[39m[31m[1m^[22m[39m[31m[1m^[22m[39m[31m[1m^[22m[39m[31m[1m^[22m[39m[
31m[1m^[22m[39m[31m[1m^[22m[39m
 [90m 29 |[39m     [36mconst[39m rows [33m=[39m [36mawait[39m dbQuery([32m`SELECT * FROM 
public.cabinet_products WHERE id='${id}' LIMIT 1`[39m)
 [90m 30 |[39m     [36mconst[39m product [33m=[39m rows[33m?[39m[33m.[39m[[35m0[39m]
 [90m 31 |[39m[0m

Merge conflict marker encountered.


./src/app/products/[id]/page.tsx:34:1
Parsing ecmascript source code failed
[0m [90m 32 |[39m     [36mif[39m ([33m![39mproduct) {
 [90m 33 |[39m         redirect([32m'/products'[39m)
[31m[1m>[22m[39m[90m 34 |[39m [33m>>>[39m[33m>>>[39m[33m>[39m origin[33m/[39m[33mOswaldo_cambios[39m
 [90m    |[39m [31m[1m^[22m[39m[31m[1m^[22m[39m[31m[1m^[22m[39m[31m[1m^[22m[39m[31m[1m^[22m[39m[
31m[1m^[22m[39m[31m[1m^[22m[39m
 [90m 35 |[39m     }
 [90m 36 |[39m
 [90m 37 |[39m     [90m// Construct back link with current filters[39m[0m

Merge conflict marker encountered.


./src/app/products/mass-edit/page.tsx:27:2
Parsing ecmascript source code failed
[0m [90m 25 |[39m     [36mreturn[39m (
 [90m 26 |[39m         [33m<[39m[33mdiv[39m className[33m=[39m[32m"container py-8"[39m[33m>[39m
[31m[1m>[22m[39m[90m 27 |[39m [33m<<[39m[33m<<[39m[33m<<[39m[33m<[39m [33mHEAD[39m
 [90m    |[39m  [31m[1m^[22m[39m[31m[1m^[22m[39m
 [90m 28 |[39m             [33m<[39m[33mMassEditClient[39m products[33m=[39m{products} 
families[33m=[39m{families} readOnly[33m=[39m{[36mtrue[39m} [33m/[39m[33m>[39m
 [90m 29 |[39m [33m===[39m[33m===[39m[33m=[39m
 [90m 30 |[39m             [33m<[39m[33mMassEditClient[39m products[33m=[39m{products} 
families[33m=[39m{families} [33m/[39m[33m>[39m[0m

Expression expected


./src/app/products/mass-edit/page.tsx:27:4
Parsing ecmascript source code failed
[0m [90m 25 |[39m     [36mreturn[39m (
 [90m 26 |[39m         [33m<[39m[33mdiv[39m className[33m=[39m[32m"container py-8"[39m[33m>[39m
[31m[1m>[22m[39m[90m 27 |[39m [33m<<[39m[33m<<[39m[33m<<[39m[33m<[39m [33mHEAD[39m
 [90m    |[39m    [31m[1m^[22m[39m[31m[1m^[22m[39m
 [90m 28 |[39m             [33m<[39m[33mMassEditClient[39m products[33m=[39m{products} 
families[33m=[39m{families} readOnly[33m=[39m{[36mtrue[39m} [33m/[39m[33m>[39m
 [90m 29 |[39m [33m===[39m[33m===[39m[33m=[39m
 [90m 30 |[39m             [33m<[39m[33mMassEditClient[39m products[33m=[39m{products} 
families[33m=[39m{families} [33m/[39m[33m>[39m[0m

Expression expected


./src/app/products/mass-edit/page.tsx:8:1
Parsing ecmascript source code failed
[0m [90m  6 |[39m
 [90m  7 |[39m [36mexport[39m [36mdefault[39m [36masync[39m [36mfunction[39m [33mMassEditPage[39m() {
[31m[1m>[22m[39m[90m  8 |[39m [33m<<[39m[33m<<[39m[33m<<[39m[33m<[39m [33mHEAD[39m
 [90m    |[39m [31m[1m^[22m[39m[31m[1m^[22m[39m[31m[1m^[22m[39m[31m[1m^[22m[39m[31m[1m^[22m[39m[
31m[1m^[22m[39m[31m[1m^[22m[39m
 [90m  9 |[39m     [36mconst[39m { mapRowToComposedProduct } [33m=[39m [36mawait[39m 
[36mimport[39m([32m'@/lib/engine/product_composer'[39m)
 [90m 10 |[39m     
 [90m 11 |[39m     [36mconst[39m rows [33m=[39m [36mawait[39m dbQuery([32m`[39m[0m

Merge conflict marker encountered.


./src/app/products/mass-edit/page.tsx:18:1
Parsing ecmascript source code failed
[0m [90m 16 |[39m
 [90m 17 |[39m     [36mconst[39m products [33m=[39m rows[33m.[39mmap(mapRowToComposedProduct)
[31m[1m>[22m[39m[90m 18 |[39m [33m===[39m[33m===[39m[33m=[39m
 [90m    |[39m [31m[1m^[22m[39m[31m[1m^[22m[39m[31m[1m^[22m[39m[31m[1m^[22m[39m[31m[1m^[22m[39m[
31m[1m^[22m[39m[31m[1m^[22m[39m
 [90m 19 |[39m     [36mconst[39m products [33m=[39m [36mawait[39m dbQuery([32m`SELECT id, code, familia_code, 
ref_code, product_type, designation, cabinet_name, canto_puertas, rh, rh_flag, assembled_flag, commercial_measure, 
accessory_text, door_color_text, carb2, special_label, private_label_client_name, armado_con_lvm, line, 
use_destination, validation_status, sap_description, zone_home, color_code, width_cm, depth_cm, height_cm, 
final_name_es, final_name_en, status FROM public.cabinet_products ORDER BY updated_at DESC`[39m) [33m||[39m []
 [90m 20 |[39m [33m>>>[39m[33m>>>[39m[33m>[39m origin[33m/[39m[33mOswaldo_cambios[39m
 [90m 21 |[39m[0m

Merge conflict marker encountered.


./src/app/products/mass-edit/page.tsx:20:1
Parsing ecmascript source code failed
[0m [90m 18 |[39m [33m===[39m[33m===[39m[33m=[39m
 [90m 19 |[39m     [36mconst[39m products [33m=[39m [36mawait[39m dbQuery([32m`SELECT id, code, familia_code, 
ref_code, product_type, designation, cabinet_name, canto_puertas, rh, rh_flag, assembled_flag, commercial_measure, 
accessory_text, door_color_text, carb2, special_label, private_label_client_name, armado_con_lvm, line, 
use_destination, validation_status, sap_description, zone_home, color_code, width_cm, depth_cm, height_cm, 
final_name_es, final_name_en, status FROM public.cabinet_products ORDER BY updated_at DESC`[39m) [33m||[39m []
[31m[1m>[22m[39m[90m 20 |[39m [33m>>>[39m[33m>>>[39m[33m>[39m origin[33m/[39m[33mOswaldo_cambios[39m
 [90m    |[39m [31m[1m^[22m[39m[31m[1m^[22m[39m[31m[1m^[22m[39m[31m[1m^[22m[39m[31m[1m^[22m[39m[
31m[1m^[22m[39m[31m[1m^[22m[39m
 [90m 21 |[39m
 [90m 22 |[39m     [90m// --- Filtros centralizados (src/lib/data/filters.ts) ---[39m
 [90m 23 |[39m     [36mconst[39m families [33m=[39m [36mawait[39m getFamilyFilters()[0m

Merge conflict marker encountered.


./src/app/products/page.tsx:48:1
Parsing ecmascript source code failed
[0m [90m 46 |[39m     [36mif[39m (hasFilter) {
 [90m 47 |[39m         [36mconst[39m conditions[33m:[39m string[] [33m=[39m []
[31m[1m>[22m[39m[90m 48 |[39m [33m<<[39m[33m<<[39m[33m<<[39m[33m<[39m [33mHEAD[39m
 [90m    |[39m [31m[1m^[22m[39m[31m[1m^[22m[39m[31m[1m^[22m[39m[31m[1m^[22m[39m[31m[1m^[22m[39m[
31m[1m^[22m[39m[31m[1m^[22m[39m
 [90m 49 |[39m         [36mif[39m (f[33m.[39mlength [33m>[39m [35m0[39m) 
conditions[33m.[39mpush([32m`family_code IN (${f.map(v => `'${v.replace(/'/g, "''")}'`).join(',')})`[39m)
 [90m 50 |[39m         [36mif[39m (r[33m.[39mlength [33m>[39m [35m0[39m) 
conditions[33m.[39mpush([32m`reference_code IN (${r.map(v => `'${v.replace(/'/g, "''")}'`).join(',')})`[39m)
 [90m 51 |[39m         [36mif[39m (m[33m.[39mlength [33m>[39m [35m0[39m) 
conditions[33m.[39mpush([32m`commercial_measure IN (${m.map(v => `'${v.replace(/'/g, 
"''")}'`).join(',')})`[39m)[0m

Merge conflict marker encountered.


./src/app/products/page.tsx:68:1
Parsing ecmascript source code failed
[0m [90m 66 |[39m             validation_status[33m:[39m p[33m.[39mvalidation_status
 [90m 67 |[39m         }))
[31m[1m>[22m[39m[90m 68 |[39m [33m===[39m[33m===[39m[33m=[39m
 [90m    |[39m [31m[1m^[22m[39m[31m[1m^[22m[39m[31m[1m^[22m[39m[31m[1m^[22m[39m[31m[1m^[22m[39m[
31m[1m^[22m[39m[31m[1m^[22m[39m
 [90m 69 |[39m         [36mif[39m (f[33m.[39mlength [33m>[39m [35m0[39m) 
conditions[33m.[39mpush([32m`familia_code IN (${f.map(v => `'${v.replace(/'/g, "''")}'`).join(',')})`[39m)
 [90m 70 |[39m         [36mif[39m (r[33m.[39mlength [33m>[39m [35m0[39m) 
conditions[33m.[39mpush([32m`ref_code IN (${r.map(v => `'${v.replace(/'/g, "''")}'`).join(',')})`[39m)
 [90m 71 |[39m         [36mif[39m (m[33m.[39mlength [33m>[39m [35m0[39m) 
conditions[33m.[39mpush([32m`commercial_measure IN (${m.map(v => `'${v.replace(/'/g, 
"''")}'`).join(',')})`[39m)[0m

Merge conflict marker encountered.


./src/app/products/page.tsx:79:1
Parsing ecmascript source code failed
[0m [90m 77 |[39m [32m             ${where} ORDER BY p.updated_at DESC LIMIT 100`[39m
 [90m 78 |[39m         ) [33m||[39m []
[31m[1m>[22m[39m[90m 79 |[39m [33m>>>[39m[33m>>>[39m[33m>[39m origin[33m/[39m[33mOswaldo_cambios[39m
 [90m    |[39m [31m[1m^[22m[39m[31m[1m^[22m[39m[31m[1m^[22m[39m[31m[1m^[22m[39m[31m[1m^[22m[39m[
31m[1m^[22m[39m[31m[1m^[22m[39m
 [90m 80 |[39m     }
 [90m 81 |[39m
 [90m 82 |[39m     [90m// --- Filtros centralizados (src/lib/data/filters.ts) ---[39m[0m

Merge conflict marker encountered.


./src/app/templates/page.tsx:83:2
Parsing ecmascript source code failed
[0m [90m 81 |[39m                                                 [33m<[39m[33mButton[39m 
variant[33m=[39m[32m"ghost"[39m size[33m=[39m[32m"sm"[39m className[33m=[39m[32m"font-semibold 
text-indigo-600 hover:text-indigo-700 
hover:bg-indigo-50"[39m[33m>[39m[33mConfigurar[39m[33m<[39m[33m/[39m[33mButton[39m[33m>[39m
 [90m 82 |[39m                                             [33m<[39m[33m/[39m[33mLink[39m[33m>[39m
[31m[1m>[22m[39m[90m 83 |[39m [33m<<[39m[33m<<[39m[33m<<[39m[33m<[39m [33mHEAD[39m
 [90m    |[39m  [31m[1m^[22m[39m[31m[1m^[22m[39m
 [90m 84 |[39m                                             [33m<[39m[33mEditTemplateDialog[39m
 [90m 85 |[39m                                                 id[33m=[39m{template[33m.[39mid}
 [90m 86 |[39m                                                 currentName[33m=[39m{template[33m.[39mname}[0m

Expression expected


./src/app/templates/page.tsx:83:4
Parsing ecmascript source code failed
[0m [90m 81 |[39m                                                 [33m<[39m[33mButton[39m 
variant[33m=[39m[32m"ghost"[39m size[33m=[39m[32m"sm"[39m className[33m=[39m[32m"font-semibold 
text-indigo-600 hover:text-indigo-700 
hover:bg-indigo-50"[39m[33m>[39m[33mConfigurar[39m[33m<[39m[33m/[39m[33mButton[39m[33m>[39m
 [90m 82 |[39m                                             [33m<[39m[33m/[39m[33mLink[39m[33m>[39m
[31m[1m>[22m[39m[90m 83 |[39m [33m<<[39m[33m<<[39m[33m<<[39m[33m<[39m [33mHEAD[39m
 [90m    |[39m    [31m[1m^[22m[39m[31m[1m^[22m[39m
 [90m 84 |[39m                                             [33m<[39m[33mEditTemplateDialog[39m
 [90m 85 |[39m                                                 id[33m=[39m{template[33m.[39mid}
 [90m 86 |[39m                                                 currentName[33m=[39m{template[33m.[39mname}[0m

Expression expected


./src/app/templates/page.tsx:83:6
Parsing ecmascript source code failed
[0m [90m 81 |[39m                                                 [33m<[39m[33mButton[39m 
variant[33m=[39m[32m"ghost"[39m size[33m=[39m[32m"sm"[39m className[33m=[39m[32m"font-semibold 
text-indigo-600 hover:text-indigo-700 
hover:bg-indigo-50"[39m[33m>[39m[33mConfigurar[39m[33m<[39m[33m/[39m[33mButton[39m[33m>[39m
 [90m 82 |[39m                                             [33m<[39m[33m/[39m[33mLink[39m[33m>[39m
[31m[1m>[22m[39m[90m 83 |[39m [33m<<[39m[33m<<[39m[33m<<[39m[33m<[39m [33mHEAD[39m
 [90m    |[39m      [31m[1m^[22m[39m[31m[1m^[22m[39m
 [90m 84 |[39m                                             [33m<[39m[33mEditTemplateDialog[39m
 [90m 85 |[39m                                                 id[33m=[39m{template[33m.[39mid}
 [90m 86 |[39m                                                 currentName[33m=[39m{template[33m.[39mname}[0m

Expression expected


./src/app/templates/page.tsx:16:1
Parsing ecmascript source code failed
[0m [90m 14 |[39m [36mimport[39m { [33mDeleteTemplateButton[39m } [36mfrom[39m 
[32m'@/components/templates/DeleteTemplateButton'[39m
 [90m 15 |[39m [36mimport[39m { [33mDuplicateTemplateDialog[39m } [36mfrom[39m 
[32m'@/components/templates/DuplicateTemplateDialog'[39m
[31m[1m>[22m[39m[90m 16 |[39m [33m<<[39m[33m<<[39m[33m<<[39m[33m<[39m [33mHEAD[39m
 [90m    |[39m [31m[1m^[22m[39m[31m[1m^[22m[39m[31m[1m^[22m[39m[31m[1m^[22m[39m[31m[1m^[22m[39m[
31m[1m^[22m[39m[31m[1m^[22m[39m
 [90m 17 |[39m [36mimport[39m { [33mEditTemplateDialog[39m } [36mfrom[39m 
[32m'@/components/templates/EditTemplateDialog'[39m
 [90m 18 |[39m [33m===[39m[33m===[39m[33m=[39m
 [90m 19 |[39m [33m>>>[39m[33m>>>[39m[33m>[39m origin[33m/[39m[33mOswaldo_cambios[39m[0m

Merge conflict marker encountered.


./src/app/templates/page.tsx:18:1
Parsing ecmascript source code failed
[0m [90m 16 |[39m [33m<<[39m[33m<<[39m[33m<<[39m[33m<[39m [33mHEAD[39m
 [90m 17 |[39m [36mimport[39m { [33mEditTemplateDialog[39m } [36mfrom[39m 
[32m'@/components/templates/EditTemplateDialog'[39m
[31m[1m>[22m[39m[90m 18 |[39m [33m===[39m[33m===[39m[33m=[39m
 [90m    |[39m [31m[1m^[22m[39m[31m[1m^[22m[39m[31m[1m^[22m[39m[31m[1m^[22m[39m[31m[1m^[22m[39m[
31m[1m^[22m[39m[31m[1m^[22m[39m
 [90m 19 |[39m [33m>>>[39m[33m>>>[39m[33m>[39m origin[33m/[39m[33mOswaldo_cambios[39m
 [90m 20 |[39m
 [90m 21 |[39m [36mexport[39m [36mdefault[39m [36masync[39m [36mfunction[39m [33mTemplatesPage[39m() {[0m

Merge conflict marker encountered.


./src/app/templates/page.tsx:19:1
Parsing ecmascript source code failed
[0m [90m 17 |[39m [36mimport[39m { [33mEditTemplateDialog[39m } [36mfrom[39m 
[32m'@/components/templates/EditTemplateDialog'[39m
 [90m 18 |[39m [33m===[39m[33m===[39m[33m=[39m
[31m[1m>[22m[39m[90m 19 |[39m [33m>>>[39m[33m>>>[39m[33m>[39m origin[33m/[39m[33mOswaldo_cambios[39m
 [90m    |[39m [31m[1m^[22m[39m[31m[1m^[22m[39m[31m[1m^[22m[39m[31m[1m^[22m[39m[31m[1m^[22m[39m[
31m[1m^[22m[39m[31m[1m^[22m[39m
 [90m 20 |[39m
 [90m 21 |[39m [36mexport[39m [36mdefault[39m [36masync[39m [36mfunction[39m [33mTemplatesPage[39m() {
 [90m 22 |[39m     [36mconst[39m templates [33m=[39m [36mawait[39m dbQuery([32m`SELECT * FROM 
public.plantillas_doc_tec ORDER BY created_at ASC`[39m) [33m||[39m [][0m

Merge conflict marker encountered.


./src/app/families/new/page.tsx:10:1
Module not found: Can't resolve '@/app/products/actions'
[0m [90m  8 |[39m [36mimport[39m { [33mSelect[39m[33m,[39m [33mSelectContent[39m[33m,[39m 
[33mSelectItem[39m[33m,[39m [33mSelectTrigger[39m[33m,[39m [33mSelectValue[39m } [36mfrom[39m 
[32m'@/components/ui/select'[39m
 [90m  9 |[39m [36mimport[39m [33mLink[39m [36mfrom[39m [32m'next/link'[39m
[31m[1m>[22m[39m[90m 10 |[39m [36mimport[39m { upsertFamilyAction } [36mfrom[39m 
[32m'@/app/products/actions'[39m
 [90m    |[39m [31m[1m^[22m[39m[31m[1m^[22m[39m[31m[1m^[22m[39m[31m[1m^[22m[39m[31m[1m^[22m[39m[
31m[1m^[22m[39m[31m[1m^[22m[39m[31m[1m^[22m[39m[31m[1m^[22m[39m[31m[1m^[22m[39m[31m[1m^[22m[39m
[31m[1m^[22m[39m[31m[1m^[22m[39m[31m[1m^[22m[39m[31m[1m^[22m[39m[31m[1m^[22m[39m[31m[1m^[22m[39m
[31m[1m^[22m[39m[31m[1m^[22m[39m[31m[1m^[22m[39m[31m[1m^[22m[39m[31m[1m^[22m[39m[31m[1m^[22m[39
m[31m[1m^[22m[39m[31m[1m^[22m[39m[31m[1m^[22m[39m[31m[1m^[22m[39m[31m[1m^[22m[39m[31m[1m^[22m[3
9m[31m[1m^[22m[39m[31m[1m^[22m[39m[31m[1m^[22m[39m[31m[1m^[22m[39m[31m[1m^[22m[39m[31m[1m^[22m[
39m[31m[1m^[22m[39m[31m[1m^[22m[39m[31m[1m^[22m[39m[31m[1m^[22m[39m[31m[1m^[22m[39m[31m[1m^[22m
[39m[31m[1m^[22m[39m[31m[1m^[22m[39m[31m[1m^[22m[39m[31m[1m^[22m[39m[31m[1m^[22m[39m[31m[1m^[22m
[39m[31m[1m^[22m[39m[31m[1m^[22m[39m[31m[1m^[22m[39m[31m[1m^[22m[39m[31m[1m^[22m[39m[31m[1m^[22
m[39m[31m[1m^[22m[39m[31m[1m^[22m[39m[31m[1m^[22m[39m[31m[1m^[22m[39m[31m[1m^[22m[39m[31m[1m^[2
2m[39m
 [90m 11 |[39m [36mimport[39m { [33mArrowLeft[39m } [36mfrom[39m [32m'lucide-react'[39m
 [90m 12 |[39m [36mimport[39m { useRouter } [36mfrom[39m [32m'next/navigation'[39m
 [90m 13 |[39m[0m



Import traces:
  Client Component Browser:
    ./src/app/families/new/page.tsx [Client Component Browser]
    ./src/app/families/new/page.tsx [Server Component]

  Client Component SSR:
    ./src/app/families/new/page.tsx [Client Component SSR]
    ./src/app/families/new/page.tsx [Server Component]

https://nextjs.org/docs/messages/module-not-found


./src/app/assets/page.tsx:16:1
Module not found: Can't resolve '@/components/assets/DeleteAssetDialog'
[0m [90m 14 |[39m [36mimport[39m { [33mUploadAssetButton[39m } [36mfrom[39m 
[32m'@/components/assets/UploadAssetButton'[39m
 [90m 15 |[39m [36mimport[39m { [33mEditAssetDialog[39m } [36mfrom[39m 
[32m'@/components/assets/EditAssetDialog'[39m
[31m[1m>[22m[39m[90m 16 |[39m [36mimport[39m { [33mDeleteAssetDialog[39m } [36mfrom[39m 
[32m'@/components/assets/DeleteAssetDialog'[39m
 [90m    |[39m [31m[1m^[22m[39m[31m[1m^[22m[39m[31m[1m^[22m[39m[31m[1m^[22m[39m[31m[1m^[22m[39m[
31m[1m^[22m[39m[31m[1m^[22m[39m[31m[1m^[22m[39m[31m[1m^[22m[39m[31m[1m^[22m[39m[31m[1m^[22m[39m
[31m[1m^[22m[39m[31m[1m^[22m[39m[31m[1m^[22m[39m[31m[1m^[22m[39m[31m[1m^[22m[39m[31m[1m^[22m[39m
[31m[1m^[22m[39m[31m[1m^[22m[39m[31m[1m^[22m[39m[31m[1m^[22m[39m[31m[1m^[22m[39m[31m[1m^[22m[39
m[31m[1m^[22m[39m[31m[1m^[22m[39m[31m[1m^[22m[39m[31m[1m^[22m[39m[31m[1m^[22m[39m[31m[1m^[22m[3
9m[31m[1m^[22m[39m[31m[1m^[22m[39m[31m[1m^[22m[39m[31m[1m^[22m[39m[31m[1m^[22m[39m[31m[1m^[22m[
39m[31m[1m^[22m[39m[31m[1m^[22m[39m[31m[1m^[22m[39m[31m[1m^[22m[39m[31m[1m^[22m[39m[31m[1m^[22m
[39m[31m[1m^[22m[39m[31m[1m^[22m[39m[31m[1m^[22m[39m[31m[1m^[22m[39m[31m[1m^[22m[39m[31m[1m^[22m
[39m[31m[1m^[22m[39m[31m[1m^[22m[39m[31m[1m^[22m[39m[31m[1m^[22m[39m[31m[1m^[22m[39m[31m[1m^[22
m[39m[31m[1m^[22m[39m[31m[1m^[22m[39m[31m[1m^[22m[39m[31m[1m^[22m[39m[31m[1m^[22m[39m[31m[1m^[2
2m[39m[31m[1m^[22m[39m[31m[1m^[22m[39m[31m[1m^[22m[39m[31m[1m^[22m[39m[31m[1m^[22m[39m[31m[1m^[
22m[39m[31m[1m^[22m[39m[31m[1m^[22m[39m[31m[1m^[22m[39m[31m[1m^[22m[39m[31m[1m^[22m[39m[31m[1m^
[22m[39m[31m[1m^[22m[39m[31m[1m^[22m[39m
 [90m 17 |[39m [36mimport[39m { [33mViewAssetDialog[39m } [36mfrom[39m 
[32m'@/components/assets/ViewAssetDialog'[39m
 [90m 18 |[39m [36mimport[39m { [33mIsometricAssociationDialog[39m } [36mfrom[39m 
[32m'@/components/assets/IsometricAssociationDialog'[39m
 [90m 19 |[39m[0m



https://nextjs.org/docs/messages/module-not-found


./src/app/assets/page.tsx:15:1
Module not found: Can't resolve '@/components/assets/EditAssetDialog'
[0m [90m 13 |[39m [36mimport[39m { [33mBadge[39m } [36mfrom[39m [32m'@/components/ui/badge'[39m
 [90m 14 |[39m [36mimport[39m { [33mUploadAssetButton[39m } [36mfrom[39m 
[32m'@/components/assets/UploadAssetButton'[39m
[31m[1m>[22m[39m[90m 15 |[39m [36mimport[39m { [33mEditAssetDialog[39m } [36mfrom[39m 
[32m'@/components/assets/EditAssetDialog'[39m
 [90m    |[39m [31m[1m^[22m[39m[31m[1m^[22m[39m[31m[1m^[22m[39m[31m[1m^[22m[39m[31m[1m^[22m[39m[
31m[1m^[22m[39m[31m[1m^[22m[39m[31m[1m^[22m[39m[31m[1m^[22m[39m[31m[1m^[22m[39m[31m[1m^[22m[39m
[31m[1m^[22m[39m[31m[1m^[22m[39m[31m[1m^[22m[39m[31m[1m^[22m[39m[31m[1m^[22m[39m[31m[1m^[22m[39m
[31m[1m^[22m[39m[31m[1m^[22m[39m[31m[1m^[22m[39m[31m[1m^[22m[39m[31m[1m^[22m[39m[31m[1m^[22m[39
m[31m[1m^[22m[39m[31m[1m^[22m[39m[31m[1m^[22m[39m[31m[1m^[22m[39m[31m[1m^[22m[39m[31m[1m^[22m[3
9m[31m[1m^[22m[39m[31m[1m^[22m[39m[31m[1m^[22m[39m[31m[1m^[22m[39m[31m[1m^[22m[39m[31m[1m^[22m[
39m[31m[1m^[22m[39m[31m[1m^[22m[39m[31m[1m^[22m[39m[31m[1m^[22m[39m[31m[1m^[22m[39m[31m[1m^[22m
[39m[31m[1m^[22m[39m[31m[1m^[22m[39m[31m[1m^[22m[39m[31m[1m^[22m[39m[31m[1m^[22m[39m[31m[1m^[22m
[39m[31m[1m^[22m[39m[31m[1m^[22m[39m[31m[1m^[22m[39m[31m[1m^[22m[39m[31m[1m^[22m[39m[31m[1m^[22
m[39m[31m[1m^[22m[39m[31m[1m^[22m[39m[31m[1m^[22m[39m[31m[1m^[22m[39m[31m[1m^[22m[39m[31m[1m^[2
2m[39m[31m[1m^[22m[39m[31m[1m^[22m[39m[31m[1m^[22m[39m[31m[1m^[22m[39m[31m[1m^[22m[39m[31m[1m^[
22m[39m[31m[1m^[22m[39m[31m[1m^[22m[39m[31m[1m^[22m[39m[31m[1m^[22m[39m
 [90m 16 |[39m [36mimport[39m { [33mDeleteAssetDialog[39m } [36mfrom[39m 
[32m'@/components/assets/DeleteAssetDialog'[39m
 [90m 17 |[39m [36mimport[39m { [33mViewAssetDialog[39m } [36mfrom[39m 
[32m'@/components/assets/ViewAssetDialog'[39m
 [90m 18 |[39m [36mimport[39m { [33mIsometricAssociationDialog[39m } [36mfrom[39m 
[32m'@/components/assets/IsometricAssociationDialog'[39m[0m



https://nextjs.org/docs/messages/module-not-found


./src/app/assets/page.tsx:18:1
Module not found: Can't resolve '@/components/assets/IsometricAssociationDialog'
[0m [90m 16 |[39m [36mimport[39m { [33mDeleteAssetDialog[39m } [36mfrom[39m 
[32m'@/components/assets/DeleteAssetDialog'[39m
 [90m 17 |[39m [36mimport[39m { [33mViewAssetDialog[39m } [36mfrom[39m 
[32m'@/components/assets/ViewAssetDialog'[39m
[31m[1m>[22m[39m[90m 18 |[39m [36mimport[39m { [33mIsometricAssociationDialog[39m } [36mfrom[39m 
[32m'@/components/assets/IsometricAssociationDialog'[39m
 [90m    |[39m [31m[1m^[22m[39m[31m[1m^[22m[39m[31m[1m^[22m[39m[31m[1m^[22m[39m[31m[1m^[22m[39m[
31m[1m^[22m[39m[31m[1m^[22m[39m[31m[1m^[22m[39m[31m[1m^[22m[39m[31m[1m^[22m[39m[31m[1m^[22m[39m
[31m[1m^[22m[39m[31m[1m^[22m[39m[31m[1m^[22m[39m[31m[1m^[22m[39m[31m[1m^[22m[39m[31m[1m^[22m[39m
[31m[1m^[22m[39m[31m[1m^[22m[39m[31m[1m^[22m[39m[31m[1m^[22m[39m[31m[1m^[22m[39m[31m[1m^[22m[39
m[31m[1m^[22m[39m[31m[1m^[22m[39m[31m[1m^[22m[39m[31m[1m^[22m[39m[31m[1m^[22m[39m[31m[1m^[22m[3
9m[31m[1m^[22m[39m[31m[1m^[22m[39m[31m[1m^[22m[39m[31m[1m^[22m[39m[31m[1m^[22m[39m[31m[1m^[22m[
39m[31m[1m^[22m[39m[31m[1m^[22m[39m[31m[1m^[22m[39m[31m[1m^[22m[39m[31m[1m^[22m[39m[31m[1m^[22m
[39m[31m[1m^[22m[39m[31m[1m^[22m[39m[31m[1m^[22m[39m[31m[1m^[22m[39m[31m[1m^[22m[39m[31m[1m^[22m
[39m[31m[1m^[22m[39m[31m[1m^[22m[39m[31m[1m^[22m[39m[31m[1m^[22m[39m[31m[1m^[22m[39m[31m[1m^[22
m[39m[31m[1m^[22m[39m[31m[1m^[22m[39m[31m[1m^[22m[39m[31m[1m^[22m[39m[31m[1m^[22m[39m[31m[1m^[2
2m[39m[31m[1m^[22m[39m[31m[1m^[22m[39m[31m[1m^[22m[39m[31m[1m^[22m[39m[31m[1m^[22m[39m[31m[1m^[
22m[39m[31m[1m^[22m[39m[31m[1m^[22m[39m[31m[1m^[22m[39m[31m[1m^[22m[39m[31m[1m^[22m[39m[31m[1m^
[22m[39m[31m[1m^[22m[39m[31m[1m^[22m[39m[31m[1m^[22m[39m[31m[1m^[22m[39m[31m[1m^[22m[39m[31m[1m^
[22m[39m[31m[1m^[22m[39m[31m[1m^[22m[39m[31m[1m^[22m[39m[31m[1m^[22m[39m[31m[1m^[22m[39m[31m[1m
^[22m[39m[31m[1m^[22m[39m[31m[1m^[22m[39m[31m[1m^[22m[39m[31m[1m^[22m[39m[31m[1m^[22m[39m[31m[1
m^[22m[39m[31m[1m^[22m[39m[31m[1m^[22m[39m
 [90m 19 |[39m
 [90m 20 |[39m [36mimport[39m { [33mResourceSearch[39m } [36mfrom[39m 
[32m'@/components/assets/ResourceSearch'[39m
 [90m 21 |[39m[0m



https://nextjs.org/docs/messages/module-not-found


./src/app/assets/page.tsx:20:1
Module not found: Can't resolve '@/components/assets/ResourceSearch'
[0m [90m 18 |[39m [36mimport[39m { [33mIsometricAssociationDialog[39m } [36mfrom[39m 
[32m'@/components/assets/IsometricAssociationDialog'[39m
 [90m 19 |[39m
[31m[1m>[22m[39m[90m 20 |[39m [36mimport[39m { [33mResourceSearch[39m } [36mfrom[39m 
[32m'@/components/assets/ResourceSearch'[39m
 [90m    |[39m [31m[1m^[22m[39m[31m[1m^[22m[39m[31m[1m^[22m[39m[31m[1m^[22m[39m[31m[1m^[22m[39m[
31m[1m^[22m[39m[31m[1m^[22m[39m[31m[1m^[22m[39m[31m[1m^[22m[39m[31m[1m^[22m[39m[31m[1m^[22m[39m
[31m[1m^[22m[39m[31m[1m^[22m[39m[31m[1m^[22m[39m[31m[1m^[22m[39m[31m[1m^[22m[39m[31m[1m^[22m[39m
[31m[1m^[22m[39m[31m[1m^[22m[39m[31m[1m^[22m[39m[31m[1m^[22m[39m[31m[1m^[22m[39m[31m[1m^[22m[39
m[31m[1m^[22m[39m[31m[1m^[22m[39m[31m[1m^[22m[39m[31m[1m^[22m[39m[31m[1m^[22m[39m[31m[1m^[22m[3
9m[31m[1m^[22m[39m[31m[1m^[22m[39m[31m[1m^[22m[39m[31m[1m^[22m[39m[31m[1m^[22m[39m[31m[1m^[22m[
39m[31m[1m^[22m[39m[31m[1m^[22m[39m[31m[1m^[22m[39m[31m[1m^[22m[39m[31m[1m^[22m[39m[31m[1m^[22m
[39m[31m[1m^[22m[39m[31m[1m^[22m[39m[31m[1m^[22m[39m[31m[1m^[22m[39m[31m[1m^[22m[39m[31m[1m^[22m
[39m[31m[1m^[22m[39m[31m[1m^[22m[39m[31m[1m^[22m[39m[31m[1m^[22m[39m[31m[1m^[22m[39m[31m[1m^[22
m[39m[31m[1m^[22m[39m[31m[1m^[22m[39m[31m[1m^[22m[39m[31m[1m^[22m[39m[31m[1m^[22m[39m[31m[1m^[2
2m[39m[31m[1m^[22m[39m[31m[1m^[22m[39m[31m[1m^[22m[39m[31m[1m^[22m[39m[31m[1m^[22m[39m[31m[1m^[
22m[39m[31m[1m^[22m[39m[31m[1m^[22m[39m
 [90m 21 |[39m
 [90m 22 |[39m [36mexport[39m [36mdefault[39m [36masync[39m [36mfunction[39m [33mAssetsPage[39m({
 [90m 23 |[39m     searchParams[33m:[39m searchParamsPromise[0m



https://nextjs.org/docs/messages/module-not-found


./src/app/assets/page.tsx:14:1
Module not found: Can't resolve '@/components/assets/UploadAssetButton'
[0m [90m 12 |[39m [36mimport[39m { [33mInput[39m } [36mfrom[39m [32m'@/components/ui/input'[39m
 [90m 13 |[39m [36mimport[39m { [33mBadge[39m } [36mfrom[39m [32m'@/components/ui/badge'[39m
[31m[1m>[22m[39m[90m 14 |[39m [36mimport[39m { [33mUploadAssetButton[39m } [36mfrom[39m 
[32m'@/components/assets/UploadAssetButton'[39m
 [90m    |[39m [31m[1m^[22m[39m[31m[1m^[22m[39m[31m[1m^[22m[39m[31m[1m^[22m[39m[31m[1m^[22m[39m[
31m[1m^[22m[39m[31m[1m^[22m[39m[31m[1m^[22m[39m[31m[1m^[22m[39m[31m[1m^[22m[39m[31m[1m^[22m[39m
[31m[1m^[22m[39m[31m[1m^[22m[39m[31m[1m^[22m[39m[31m[1m^[22m[39m[31m[1m^[22m[39m[31m[1m^[22m[39m
[31m[1m^[22m[39m[31m[1m^[22m[39m[31m[1m^[22m[39m[31m[1m^[22m[39m[31m[1m^[22m[39m[31m[1m^[22m[39
m[31m[1m^[22m[39m[31m[1m^[22m[39m[31m[1m^[22m[39m[31m[1m^[22m[39m[31m[1m^[22m[39m[31m[1m^[22m[3
9m[31m[1m^[22m[39m[31m[1m^[22m[39m[31m[1m^[22m[39m[31m[1m^[22m[39m[31m[1m^[22m[39m[31m[1m^[22m[
39m[31m[1m^[22m[39m[31m[1m^[22m[39m[31m[1m^[22m[39m[31m[1m^[22m[39m[31m[1m^[22m[39m[31m[1m^[22m
[39m[31m[1m^[22m[39m[31m[1m^[22m[39m[31m[1m^[22m[39m[31m[1m^[22m[39m[31m[1m^[22m[39m[31m[1m^[22m
[39m[31m[1m^[22m[39m[31m[1m^[22m[39m[31m[1m^[22m[39m[31m[1m^[22m[39m[31m[1m^[22m[39m[31m[1m^[22
m[39m[31m[1m^[22m[39m[31m[1m^[22m[39m[31m[1m^[22m[39m[31m[1m^[22m[39m[31m[1m^[22m[39m[31m[1m^[2
2m[39m[31m[1m^[22m[39m[31m[1m^[22m[39m[31m[1m^[22m[39m[31m[1m^[22m[39m[31m[1m^[22m[39m[31m[1m^[
22m[39m[31m[1m^[22m[39m[31m[1m^[22m[39m[31m[1m^[22m[39m[31m[1m^[22m[39m[31m[1m^[22m[39m[31m[1m^
[22m[39m[31m[1m^[22m[39m[31m[1m^[22m[39m
 [90m 15 |[39m [36mimport[39m { [33mEditAssetDialog[39m } [36mfrom[39m 
[32m'@/components/assets/EditAssetDialog'[39m
 [90m 16 |[39m [36mimport[39m { [33mDeleteAssetDialog[39m } [36mfrom[39m 
[32m'@/components/assets/DeleteAssetDialog'[39m
 [90m 17 |[39m [36mimport[39m { [33mViewAssetDialog[39m } [36mfrom[39m 
[32m'@/components/assets/ViewAssetDialog'[39m[0m



https://nextjs.org/docs/messages/module-not-found


./src/app/assets/page.tsx:17:1
Module not found: Can't resolve '@/components/assets/ViewAssetDialog'
[0m [90m 15 |[39m [36mimport[39m { [33mEditAssetDialog[39m } [36mfrom[39m 
[32m'@/components/assets/EditAssetDialog'[39m
 [90m 16 |[39m [36mimport[39m { [33mDeleteAssetDialog[39m } [36mfrom[39m 
[32m'@/components/assets/DeleteAssetDialog'[39m
[31m[1m>[22m[39m[90m 17 |[39m [36mimport[39m { [33mViewAssetDialog[39m } [36mfrom[39m 
[32m'@/components/assets/ViewAssetDialog'[39m
 [90m    |[39m [31m[1m^[22m[39m[31m[1m^[22m[39m[31m[1m^[22m[39m[31m[1m^[22m[39m[31m[1m^[22m[39m[
31m[1m^[22m[39m[31m[1m^[22m[39m[31m[1m^[22m[39m[31m[1m^[22m[39m[31m[1m^[22m[39m[31m[1m^[22m[39m
[31m[1m^[22m[39m[31m[1m^[22m[39m[31m[1m^[22m[39m[31m[1m^[22m[39m[31m[1m^[22m[39m[31m[1m^[22m[39m
[31m[1m^[22m[39m[31m[1m^[22m[39m[31m[1m^[22m[39m[31m[1m^[22m[39m[31m[1m^[22m[39m[31m[1m^[22m[39
m[31m[1m^[22m[39m[31m[1m^[22m[39m[31m[1m^[22m[39m[31m[1m^[22m[39m[31m[1m^[22m[39m[31m[1m^[22m[3
9m[31m[1m^[22m[39m[31m[1m^[22m[39m[31m[1m^[22m[39m[31m[1m^[22m[39m[31m[1m^[22m[39m[31m[1m^[22m[
39m[31m[1m^[22m[39m[31m[1m^[22m[39m[31m[1m^[22m[39m[31m[1m^[22m[39m[31m[1m^[22m[39m[31m[1m^[22m
[39m[31m[1m^[22m[39m[31m[1m^[22m[39m[31m[1m^[22m[39m[31m[1m^[22m[39m[31m[1m^[22m[39m[31m[1m^[22m
[39m[31m[1m^[22m[39m[31m[1m^[22m[39m[31m[1m^[22m[39m[31m[1m^[22m[39m[31m[1m^[22m[39m[31m[1m^[22
m[39m[31m[1m^[22m[39m[31m[1m^[22m[39m[31m[1m^[22m[39m[31m[1m^[22m[39m[31m[1m^[22m[39m[31m[1m^[2
2m[39m[31m[1m^[22m[39m[31m[1m^[22m[39m[31m[1m^[22m[39m[31m[1m^[22m[39m[31m[1m^[22m[39m[31m[1m^[
22m[39m[31m[1m^[22m[39m[31m[1m^[22m[39m[31m[1m^[22m[39m[31m[1m^[22m[39m
 [90m 18 |[39m [36mimport[39m { [33mIsometricAssociationDialog[39m } [36mfrom[39m 
[32m'@/components/assets/IsometricAssociationDialog'[39m
 [90m 19 |[39m
 [90m 20 |[39m [36mimport[39m { [33mResourceSearch[39m } [36mfrom[39m 
[32m'@/components/assets/ResourceSearch'[39m[0m



https://nextjs.org/docs/messages/module-not-found


./src/app/datasets/page.tsx:2:1
Module not found: Can't resolve '@/components/datasets/DatasetsClient'
[0m [90m 1 |[39m [36mimport[39m { getDatasetsAction } [36mfrom[39m [32m'./actions'[39m
[31m[1m>[22m[39m[90m 2 |[39m [36mimport[39m { [33mDatasetsClient[39m } [36mfrom[39m 
[32m'@/components/datasets/DatasetsClient'[39m
 [90m   |[39m [31m[1m^[22m[39m[31m[1m^[22m[39m[31m[1m^[22m[39m[31m[1m^[22m[39m[31m[1m^[22m[39m[3
1m[1m^[22m[39m[31m[1m^[22m[39m[31m[1m^[22m[39m[31m[1m^[22m[39m[31m[1m^[22m[39m[31m[1m^[22m[39m[
31m[1m^[22m[39m[31m[1m^[22m[39m[31m[1m^[22m[39m[31m[1m^[22m[39m[31m[1m^[22m[39m[31m[1m^[22m[39m
[31m[1m^[22m[39m[31m[1m^[22m[39m[31m[1m^[22m[39m[31m[1m^[22m[39m[31m[1m^[22m[39m[31m[1m^[22m[39m
[31m[1m^[22m[39m[31m[1m^[22m[39m[31m[1m^[22m[39m[31m[1m^[22m[39m[31m[1m^[22m[39m[31m[1m^[22m[39
m[31m[1m^[22m[39m[31m[1m^[22m[39m[31m[1m^[22m[39m[31m[1m^[22m[39m[31m[1m^[22m[39m[31m[1m^[22m[3
9m[31m[1m^[22m[39m[31m[1m^[22m[39m[31m[1m^[22m[39m[31m[1m^[22m[39m[31m[1m^[22m[39m[31m[1m^[22m[
39m[31m[1m^[22m[39m[31m[1m^[22m[39m[31m[1m^[22m[39m[31m[1m^[22m[39m[31m[1m^[22m[39m[31m[1m^[22m
[39m[31m[1m^[22m[39m[31m[1m^[22m[39m[31m[1m^[22m[39m[31m[1m^[22m[39m[31m[1m^[22m[39m[31m[1m^[22m
[39m[31m[1m^[22m[39m[31m[1m^[22m[39m[31m[1m^[22m[39m[31m[1m^[22m[39m[31m[1m^[22m[39m[31m[1m^[22
m[39m[31m[1m^[22m[39m[31m[1m^[22m[39m[31m[1m^[22m[39m[31m[1m^[22m[39m[31m[1m^[22m[39m[31m[1m^[2
2m[39m[31m[1m^[22m[39m[31m[1m^[22m[39m[31m[1m^[22m[39m[31m[1m^[22m[39m
 [90m 3 |[39m
 [90m 4 |[39m [36mexport[39m [36mdefault[39m [36masync[39m [36mfunction[39m [33mDatasetsPage[39m() {
 [90m 5 |[39m     [36mconst[39m datasets [33m=[39m [36mawait[39m getDatasetsAction()[0m



https://nextjs.org/docs/messages/module-not-found


./src/app/export-render/page.tsx:4:1
Module not found: Can't resolve '@/components/export/DocumentRenderSurface'
[0m [90m 2 |[39m
 [90m 3 |[39m [36mimport[39m [33mReact[39m[33m,[39m { useEffect[33m,[39m useState } [36mfrom[39m 
[32m'react'[39m
[31m[1m>[22m[39m[90m 4 |[39m [36mimport[39m [33mDocumentRenderSurface[39m [36mfrom[39m 
[32m'@/components/export/DocumentRenderSurface'[39m
 [90m   |[39m [31m[1m^[22m[39m[31m[1m^[22m[39m[31m[1m^[22m[39m[31m[1m^[22m[39m[31m[1m^[22m[39m[3
1m[1m^[22m[39m[31m[1m^[22m[39m[31m[1m^[22m[39m[31m[1m^[22m[39m[31m[1m^[22m[39m[31m[1m^[22m[39m[
31m[1m^[22m[39m[31m[1m^[22m[39m[31m[1m^[22m[39m[31m[1m^[22m[39m[31m[1m^[22m[39m[31m[1m^[22m[39m
[31m[1m^[22m[39m[31m[1m^[22m[39m[31m[1m^[22m[39m[31m[1m^[22m[39m[31m[1m^[22m[39m[31m[1m^[22m[39m
[31m[1m^[22m[39m[31m[1m^[22m[39m[31m[1m^[22m[39m[31m[1m^[22m[39m[31m[1m^[22m[39m[31m[1m^[22m[39
m[31m[1m^[22m[39m[31m[1m^[22m[39m[31m[1m^[22m[39m[31m[1m^[22m[39m[31m[1m^[22m[39m[31m[1m^[22m[3
9m[31m[1m^[22m[39m[31m[1m^[22m[39m[31m[1m^[22m[39m[31m[1m^[22m[39m[31m[1m^[22m[39m[31m[1m^[22m[
39m[31m[1m^[22m[39m[31m[1m^[22m[39m[31m[1m^[22m[39m[31m[1m^[22m[39m[31m[1m^[22m[39m[31m[1m^[22m
[39m[31m[1m^[22m[39m[31m[1m^[22m[39m[31m[1m^[22m[39m[31m[1m^[22m[39m[31m[1m^[22m[39m[31m[1m^[22m
[39m[31m[1m^[22m[39m[31m[1m^[22m[39m[31m[1m^[22m[39m[31m[1m^[22m[39m[31m[1m^[22m[39m[31m[1m^[22
m[39m[31m[1m^[22m[39m[31m[1m^[22m[39m[31m[1m^[22m[39m[31m[1m^[22m[39m[31m[1m^[22m[39m[31m[1m^[2
2m[39m[31m[1m^[22m[39m[31m[1m^[22m[39m[31m[1m^[22m[39m[31m[1m^[22m[39m[31m[1m^[22m[39m[31m[1m^[
22m[39m[31m[1m^[22m[39m[31m[1m^[22m[39m[31m[1m^[22m[39m[31m[1m^[22m[39m[31m[1m^[22m[39m[31m[1m^
[22m[39m
 [90m 5 |[39m
 [90m 6 |[39m [36mexport[39m [36mdefault[39m [36mfunction[39m [33mExportRenderPage[39m() {
 [90m 7 |[39m     [36mconst[39m [payload[33m,[39m setPayload] [33m=[39m 
useState[33m<[39m[33many[39m[33m>[39m([36mnull[39m)[0m



Import traces:
  Client Component Browser:
    ./src/app/export-render/page.tsx [Client Component Browser]
    ./src/app/export-render/page.tsx [Server Component]

  Client Component SSR:
    ./src/app/export-render/page.tsx [Client Component SSR]
    ./src/app/export-render/page.tsx [Server Component]

https://nextjs.org/docs/messages/module-not-found


./src/app/layout.tsx:5:1
Module not found: Can't resolve '@/components/layout/sidebar'
[0m [90m 3 |[39m [36mimport[39m { montserrat } [36mfrom[39m [32m'./fonts'[39m[33m;[39m
 [90m 4 |[39m [36mimport[39m [32m'./globals.css'[39m[33m;[39m
[31m[1m>[22m[39m[90m 5 |[39m [36mimport[39m { [33mSidebar[39m } [36mfrom[39m 
[32m'@/components/layout/sidebar'[39m[33m;[39m
 [90m   |[39m [31m[1m^[22m[39m[31m[1m^[22m[39m[31m[1m^[22m[39m[31m[1m^[22m[39m[31m[1m^[22m[39m[3
1m[1m^[22m[39m[31m[1m^[22m[39m[31m[1m^[22m[39m[31m[1m^[22m[39m[31m[1m^[22m[39m[31m[1m^[22m[39m[
31m[1m^[22m[39m[31m[1m^[22m[39m[31m[1m^[22m[39m[31m[1m^[22m[39m[31m[1m^[22m[39m[31m[1m^[22m[39m
[31m[1m^[22m[39m[31m[1m^[22m[39m[31m[1m^[22m[39m[31m[1m^[22m[39m[31m[1m^[22m[39m[31m[1m^[22m[39m
[31m[1m^[22m[39m[31m[1m^[22m[39m[31m[1m^[22m[39m[31m[1m^[22m[39m[31m[1m^[22m[39m[31m[1m^[22m[39
m[31m[1m^[22m[39m[31m[1m^[22m[39m[31m[1m^[22m[39m[31m[1m^[22m[39m[31m[1m^[22m[39m[31m[1m^[22m[3
9m[31m[1m^[22m[39m[31m[1m^[22m[39m[31m[1m^[22m[39m[31m[1m^[22m[39m[31m[1m^[22m[39m[31m[1m^[22m[
39m[31m[1m^[22m[39m[31m[1m^[22m[39m[31m[1m^[22m[39m[31m[1m^[22m[39m[31m[1m^[22m[39m[31m[1m^[22m
[39m[31m[1m^[22m[39m[31m[1m^[22m[39m[31m[1m^[22m[39m[31m[1m^[22m[39m[31m[1m^[22m[39m[31m[1m^[22m
[39m[31m[1m^[22m[39m
 [90m 6 |[39m
 [90m 7 |[39m [36mconst[39m geistSans [33m=[39m [33mGeist[39m({
 [90m 8 |[39m   variable[33m:[39m [32m'--font-geist-sans'[39m[33m,[39m[0m



https://nextjs.org/docs/messages/module-not-found


./src/app/rules/page.tsx:3:1
Module not found: Can't resolve '@/components/rules/NomenclaturesSection'
[0m [90m 1 |[39m [36mimport[39m { dbQuery } [36mfrom[39m [32m'@/lib/supabase'[39m
 [90m 2 |[39m [36mimport[39m { [33mRulesTable[39m } [36mfrom[39m [32m'@/components/rules/RulesTable'[39m
[31m[1m>[22m[39m[90m 3 |[39m [36mimport[39m { [33mNomenclaturesSection[39m } [36mfrom[39m 
[32m'@/components/rules/NomenclaturesSection'[39m
 [90m   |[39m [31m[1m^[22m[39m[31m[1m^[22m[39m[31m[1m^[22m[39m[31m[1m^[22m[39m[31m[1m^[22m[39m[3
1m[1m^[22m[39m[31m[1m^[22m[39m[31m[1m^[22m[39m[31m[1m^[22m[39m[31m[1m^[22m[39m[31m[1m^[22m[39m[
31m[1m^[22m[39m[31m[1m^[22m[39m[31m[1m^[22m[39m[31m[1m^[22m[39m[31m[1m^[22m[39m[31m[1m^[22m[39m
[31m[1m^[22m[39m[31m[1m^[22m[39m[31m[1m^[22m[39m[31m[1m^[22m[39m[31m[1m^[22m[39m[31m[1m^[22m[39m
[31m[1m^[22m[39m[31m[1m^[22m[39m[31m[1m^[22m[39m[31m[1m^[22m[39m[31m[1m^[22m[39m[31m[1m^[22m[39
m[31m[1m^[22m[39m[31m[1m^[22m[39m[31m[1m^[22m[39m[31m[1m^[22m[39m[31m[1m^[22m[39m[31m[1m^[22m[3
9m[31m[1m^[22m[39m[31m[1m^[22m[39m[31m[1m^[22m[39m[31m[1m^[22m[39m[31m[1m^[22m[39m[31m[1m^[22m[
39m[31m[1m^[22m[39m[31m[1m^[22m[39m[31m[1m^[22m[39m[31m[1m^[22m[39m[31m[1m^[22m[39m[31m[1m^[22m
[39m[31m[1m^[22m[39m[31m[1m^[22m[39m[31m[1m^[22m[39m[31m[1m^[22m[39m[31m[1m^[22m[39m[31m[1m^[22m
[39m[31m[1m^[22m[39m[31m[1m^[22m[39m[31m[1m^[22m[39m[31m[1m^[22m[39m[31m[1m^[22m[39m[31m[1m^[22
m[39m[31m[1m^[22m[39m[31m[1m^[22m[39m[31m[1m^[22m[39m[31m[1m^[22m[39m[31m[1m^[22m[39m[31m[1m^[2
2m[39m[31m[1m^[22m[39m[31m[1m^[22m[39m[31m[1m^[22m[39m[31m[1m^[22m[39m[31m[1m^[22m[39m[31m[1m^[
22m[39m[31m[1m^[22m[39m[31m[1m^[22m[39m[31m[1m^[22m[39m[31m[1m^[22m[39m[31m[1m^[22m[39m[31m[1m^
[22m[39m[31m[1m^[22m[39m
 [90m 4 |[39m [36mimport[39m [33mLink[39m [36mfrom[39m [32m'next/link'[39m
 [90m 5 |[39m [36mimport[39m { [33mButton[39m } [36mfrom[39m [32m'@/components/ui/button'[39m
 [90m 6 |[39m [36mimport[39m { [33mSettings[39m } [36mfrom[39m [32m'lucide-react'[39m[0m



https://nextjs.org/docs/messages/module-not-found


./src/app/rules/page.tsx:2:1
Module not found: Can't resolve '@/components/rules/RulesTable'
[0m [90m 1 |[39m [36mimport[39m { dbQuery } [36mfrom[39m [32m'@/lib/supabase'[39m
[31m[1m>[22m[39m[90m 2 |[39m [36mimport[39m { [33mRulesTable[39m } [36mfrom[39m 
[32m'@/components/rules/RulesTable'[39m
 [90m   |[39m [31m[1m^[22m[39m[31m[1m^[22m[39m[31m[1m^[22m[39m[31m[1m^[22m[39m[31m[1m^[22m[39m[3
1m[1m^[22m[39m[31m[1m^[22m[39m[31m[1m^[22m[39m[31m[1m^[22m[39m[31m[1m^[22m[39m[31m[1m^[22m[39m[
31m[1m^[22m[39m[31m[1m^[22m[39m[31m[1m^[22m[39m[31m[1m^[22m[39m[31m[1m^[22m[39m[31m[1m^[22m[39m
[31m[1m^[22m[39m[31m[1m^[22m[39m[31m[1m^[22m[39m[31m[1m^[22m[39m[31m[1m^[22m[39m[31m[1m^[22m[39m
[31m[1m^[22m[39m[31m[1m^[22m[39m[31m[1m^[22m[39m[31m[1m^[22m[39m[31m[1m^[22m[39m[31m[1m^[22m[39
m[31m[1m^[22m[39m[31m[1m^[22m[39m[31m[1m^[22m[39m[31m[1m^[22m[39m[31m[1m^[22m[39m[31m[1m^[22m[3
9m[31m[1m^[22m[39m[31m[1m^[22m[39m[31m[1m^[22m[39m[31m[1m^[22m[39m[31m[1m^[22m[39m[31m[1m^[22m[
39m[31m[1m^[22m[39m[31m[1m^[22m[39m[31m[1m^[22m[39m[31m[1m^[22m[39m[31m[1m^[22m[39m[31m[1m^[22m
[39m[31m[1m^[22m[39m[31m[1m^[22m[39m[31m[1m^[22m[39m[31m[1m^[22m[39m[31m[1m^[22m[39m[31m[1m^[22m
[39m[31m[1m^[22m[39m[31m[1m^[22m[39m[31m[1m^[22m[39m[31m[1m^[22m[39m[31m[1m^[22m[39m
 [90m 3 |[39m [36mimport[39m { [33mNomenclaturesSection[39m } [36mfrom[39m 
[32m'@/components/rules/NomenclaturesSection'[39m
 [90m 4 |[39m [36mimport[39m [33mLink[39m [36mfrom[39m [32m'next/link'[39m
 [90m 5 |[39m [36mimport[39m { [33mButton[39m } [36mfrom[39m [32m'@/components/ui/button'[39m[0m



https://nextjs.org/docs/messages/module-not-found


./src/app/templates/builder/page.tsx:2:1
Module not found: Can't resolve '@/components/templates/TemplateCanvas'
[0m [90m 1 |[39m [36mimport[39m { dbQuery } [36mfrom[39m [32m'@/lib/supabase'[39m
[31m[1m>[22m[39m[90m 2 |[39m [36mimport[39m { [33mBuilderCanvas[39m } [36mfrom[39m 
[32m'@/components/templates/TemplateCanvas'[39m
 [90m   |[39m [31m[1m^[22m[39m[31m[1m^[22m[39m[31m[1m^[22m[39m[31m[1m^[22m[39m[31m[1m^[22m[39m[3
1m[1m^[22m[39m[31m[1m^[22m[39m[31m[1m^[22m[39m[31m[1m^[22m[39m[31m[1m^[22m[39m[31m[1m^[22m[39m[
31m[1m^[22m[39m[31m[1m^[22m[39m[31m[1m^[22m[39m[31m[1m^[22m[39m[31m[1m^[22m[39m[31m[1m^[22m[39m
[31m[1m^[22m[39m[31m[1m^[22m[39m[31m[1m^[22m[39m[31m[1m^[22m[39m[31m[1m^[22m[39m[31m[1m^[22m[39m
[31m[1m^[22m[39m[31m[1m^[22m[39m[31m[1m^[22m[39m[31m[1m^[22m[39m[31m[1m^[22m[39m[31m[1m^[22m[39
m[31m[1m^[22m[39m[31m[1m^[22m[39m[31m[1m^[22m[39m[31m[1m^[22m[39m[31m[1m^[22m[39m[31m[1m^[22m[3
9m[31m[1m^[22m[39m[31m[1m^[22m[39m[31m[1m^[22m[39m[31m[1m^[22m[39m[31m[1m^[22m[39m[31m[1m^[22m[
39m[31m[1m^[22m[39m[31m[1m^[22m[39m[31m[1m^[22m[39m[31m[1m^[22m[39m[31m[1m^[22m[39m[31m[1m^[22m
[39m[31m[1m^[22m[39m[31m[1m^[22m[39m[31m[1m^[22m[39m[31m[1m^[22m[39m[31m[1m^[22m[39m[31m[1m^[22m
[39m[31m[1m^[22m[39m[31m[1m^[22m[39m[31m[1m^[22m[39m[31m[1m^[22m[39m[31m[1m^[22m[39m[31m[1m^[22
m[39m[31m[1m^[22m[39m[31m[1m^[22m[39m[31m[1m^[22m[39m[31m[1m^[22m[39m[31m[1m^[22m[39m[31m[1m^[2
2m[39m[31m[1m^[22m[39m[31m[1m^[22m[39m[31m[1m^[22m[39m[31m[1m^[22m[39m
 [90m 3 |[39m [36mimport[39m [33mLink[39m [36mfrom[39m [32m'next/link'[39m
 [90m 4 |[39m [36mimport[39m { [33mArrowLeft[39m } [36mfrom[39m [32m'lucide-react'[39m
 [90m 5 |[39m [36mimport[39m { redirect } [36mfrom[39m [32m'next/navigation'[39m[0m



https://nextjs.org/docs/messages/module-not-found


./src/app/assets/page.tsx:13:1
Module not found: Can't resolve '@/components/ui/badge'
[0m [90m 11 |[39m [36mimport[39m { [33mSearch[39m[33m,[39m [33mImage[39m [36mas[39m [33mImageIcon[39m } 
[36mfrom[39m [32m'lucide-react'[39m
 [90m 12 |[39m [36mimport[39m { [33mInput[39m } [36mfrom[39m [32m'@/components/ui/input'[39m
[31m[1m>[22m[39m[90m 13 |[39m [36mimport[39m { [33mBadge[39m } [36mfrom[39m 
[32m'@/components/ui/badge'[39m
 [90m    |[39m [31m[1m^[22m[39m[31m[1m^[22m[39m[31m[1m^[22m[39m[31m[1m^[22m[39m[31m[1m^[22m[39m[
31m[1m^[22m[39m[31m[1m^[22m[39m[31m[1m^[22m[39m[31m[1m^[22m[39m[31m[1m^[22m[39m[31m[1m^[22m[39m
[31m[1m^[22m[39m[31m[1m^[22m[39m[31m[1m^[22m[39m[31m[1m^[22m[39m[31m[1m^[22m[39m[31m[1m^[22m[39m
[31m[1m^[22m[39m[31m[1m^[22m[39m[31m[1m^[22m[39m[31m[1m^[22m[39m[31m[1m^[22m[39m[31m[1m^[22m[39
m[31m[1m^[22m[39m[31m[1m^[22m[39m[31m[1m^[22m[39m[31m[1m^[22m[39m[31m[1m^[22m[39m[31m[1m^[22m[3
9m[31m[1m^[22m[39m[31m[1m^[22m[39m[31m[1m^[22m[39m[31m[1m^[22m[39m[31m[1m^[22m[39m[31m[1m^[22m[
39m[31m[1m^[22m[39m[31m[1m^[22m[39m[31m[1m^[22m[39m[31m[1m^[22m[39m[31m[1m^[22m[39m[31m[1m^[22m
[39m[31m[1m^[22m[39m[31m[1m^[22m[39m[31m[1m^[22m[39m[31m[1m^[22m[39m
 [90m 14 |[39m [36mimport[39m { [33mUploadAssetButton[39m } [36mfrom[39m 
[32m'@/components/assets/UploadAssetButton'[39m
 [90m 15 |[39m [36mimport[39m { [33mEditAssetDialog[39m } [36mfrom[39m 
[32m'@/components/assets/EditAssetDialog'[39m
 [90m 16 |[39m [36mimport[39m { [33mDeleteAssetDialog[39m } [36mfrom[39m 
[32m'@/components/assets/DeleteAssetDialog'[39m[0m



https://nextjs.org/docs/messages/module-not-found


./src/app/exceptions/page.tsx:10:1
Module not found: Can't resolve '@/components/ui/badge'
[0m [90m  8 |[39m     [33mTableRow[39m[33m,[39m
 [90m  9 |[39m } [36mfrom[39m [32m'@/components/ui/table'[39m
[31m[1m>[22m[39m[90m 10 |[39m [36mimport[39m { [33mBadge[39m } [36mfrom[39m 
[32m'@/components/ui/badge'[39m
 [90m    |[39m [31m[1m^[22m[39m[31m[1m^[22m[39m[31m[1m^[22m[39m[31m[1m^[22m[39m[31m[1m^[22m[39m[
31m[1m^[22m[39m[31m[1m^[22m[39m[31m[1m^[22m[39m[31m[1m^[22m[39m[31m[1m^[22m[39m[31m[1m^[22m[39m
[31m[1m^[22m[39m[31m[1m^[22m[39m[31m[1m^[22m[39m[31m[1m^[22m[39m[31m[1m^[22m[39m[31m[1m^[22m[39m
[31m[1m^[22m[39m[31m[1m^[22m[39m[31m[1m^[22m[39m[31m[1m^[22m[39m[31m[1m^[22m[39m[31m[1m^[22m[39
m[31m[1m^[22m[39m[31m[1m^[22m[39m[31m[1m^[22m[39m[31m[1m^[22m[39m[31m[1m^[22m[39m[31m[1m^[22m[3
9m[31m[1m^[22m[39m[31m[1m^[22m[39m[31m[1m^[22m[39m[31m[1m^[22m[39m[31m[1m^[22m[39m[31m[1m^[22m[
39m[31m[1m^[22m[39m[31m[1m^[22m[39m[31m[1m^[22m[39m[31m[1m^[22m[39m[31m[1m^[22m[39m[31m[1m^[22m
[39m[31m[1m^[22m[39m[31m[1m^[22m[39m[31m[1m^[22m[39m[31m[1m^[22m[39m
 [90m 11 |[39m [36mimport[39m { [33mButton[39m } [36mfrom[39m [32m'@/components/ui/button'[39m
 [90m 12 |[39m [36mimport[39m { buttonVariants } [36mfrom[39m [32m'@/components/ui/button-variants'[39m
 [90m 13 |[39m [36mimport[39m { cn } [36mfrom[39m [32m'@/lib/utils'[39m[0m



https://nextjs.org/docs/messages/module-not-found


./src/app/page.tsx:5:1
Module not found: Can't resolve '@/components/ui/badge'
[0m [90m 3 |[39m [36mimport[39m { [33mCard[39m[33m,[39m [33mCardContent[39m } [36mfrom[39m 
[32m"@/components/ui/card"[39m
 [90m 4 |[39m [36mimport[39m { [33mButton[39m } [36mfrom[39m [32m"@/components/ui/button"[39m
[31m[1m>[22m[39m[90m 5 |[39m [36mimport[39m { [33mBadge[39m } [36mfrom[39m 
[32m"@/components/ui/badge"[39m
 [90m   |[39m [31m[1m^[22m[39m[31m[1m^[22m[39m[31m[1m^[22m[39m[31m[1m^[22m[39m[31m[1m^[22m[39m[3
1m[1m^[22m[39m[31m[1m^[22m[39m[31m[1m^[22m[39m[31m[1m^[22m[39m[31m[1m^[22m[39m[31m[1m^[22m[39m[
31m[1m^[22m[39m[31m[1m^[22m[39m[31m[1m^[22m[39m[31m[1m^[22m[39m[31m[1m^[22m[39m[31m[1m^[22m[39m
[31m[1m^[22m[39m[31m[1m^[22m[39m[31m[1m^[22m[39m[31m[1m^[22m[39m[31m[1m^[22m[39m[31m[1m^[22m[39m
[31m[1m^[22m[39m[31m[1m^[22m[39m[31m[1m^[22m[39m[31m[1m^[22m[39m[31m[1m^[22m[39m[31m[1m^[22m[39
m[31m[1m^[22m[39m[31m[1m^[22m[39m[31m[1m^[22m[39m[31m[1m^[22m[39m[31m[1m^[22m[39m[31m[1m^[22m[3
9m[31m[1m^[22m[39m[31m[1m^[22m[39m[31m[1m^[22m[39m[31m[1m^[22m[39m[31m[1m^[22m[39m[31m[1m^[22m[
39m[31m[1m^[22m[39m[31m[1m^[22m[39m[31m[1m^[22m[39m[31m[1m^[22m[39m
 [90m 6 |[39m [36mimport[39m { 
 [90m 7 |[39m   [33mPackage[39m[33m,[39m [33mAlertCircle[39m[33m,[39m [33mLayoutTemplate[39m[33m,[39m 
[33mGitMerge[39m[33m,[39m [33mFileImage[39m[33m,[39m 
 [90m 8 |[39m   [33mFileText[39m[33m,[39m [33mPlusCircle[39m[33m,[39m [33mUpload[39m[33m,[39m 
[33mArrowRight[39m[33m,[39m [33mSettings2[39m[33m,[39m [33mDatabaseZap[39m[0m



https://nextjs.org/docs/messages/module-not-found


./src/app/products/glossary/GlossaryClient.tsx:7:1
Module not found: Can't resolve '@/components/ui/badge'
[0m [90m  5 |[39m [36mimport[39m { [33mInput[39m } [36mfrom[39m [32m'@/components/ui/input'[39m
 [90m  6 |[39m [36mimport[39m { [33mTable[39m[33m,[39m [33mTableBody[39m[33m,[39m 
[33mTableCell[39m[33m,[39m [33mTableHead[39m[33m,[39m [33mTableHeader[39m[33m,[39m [33mTableRow[39m } 
[36mfrom[39m [32m'@/components/ui/table'[39m
[31m[1m>[22m[39m[90m  7 |[39m [36mimport[39m { [33mBadge[39m } [36mfrom[39m 
[32m'@/components/ui/badge'[39m
 [90m    |[39m [31m[1m^[22m[39m[31m[1m^[22m[39m[31m[1m^[22m[39m[31m[1m^[22m[39m[31m[1m^[22m[39m[
31m[1m^[22m[39m[31m[1m^[22m[39m[31m[1m^[22m[39m[31m[1m^[22m[39m[31m[1m^[22m[39m[31m[1m^[22m[39m
[31m[1m^[22m[39m[31m[1m^[22m[39m[31m[1m^[22m[39m[31m[1m^[22m[39m[31m[1m^[22m[39m[31m[1m^[22m[39m
[31m[1m^[22m[39m[31m[1m^[22m[39m[31m[1m^[22m[39m[31m[1m^[22m[39m[31m[1m^[22m[39m[31m[1m^[22m[39
m[31m[1m^[22m[39m[31m[1m^[22m[39m[31m[1m^[22m[39m[31m[1m^[22m[39m[31m[1m^[22m[39m[31m[1m^[22m[3
9m[31m[1m^[22m[39m[31m[1m^[22m[39m[31m[1m^[22m[39m[31m[1m^[22m[39m[31m[1m^[22m[39m[31m[1m^[22m[
39m[31m[1m^[22m[39m[31m[1m^[22m[39m[31m[1m^[22m[39m[31m[1m^[22m[39m[31m[1m^[22m[39m[31m[1m^[22m
[39m[31m[1m^[22m[39m[31m[1m^[22m[39m[31m[1m^[22m[39m[31m[1m^[22m[39m
 [90m  8 |[39m [36mimport[39m { [33mPlusCircle[39m[33m,[39m [33mTrash2[39m[33m,[39m 
[33mSearch[39m[33m,[39m [33mArrowLeft[39m[33m,[39m [33mLoader2[39m[33m,[39m [33mSave[39m } 
[36mfrom[39m [32m'lucide-react'[39m
 [90m  9 |[39m [36mimport[39m [33mLink[39m [36mfrom[39m [32m'next/link'[39m
 [90m 10 |[39m [36mimport[39m { upsertGlossaryTermAction[33m,[39m deleteGlossaryTermAction } [36mfrom[39m 
[32m'./actions'[39m[0m



Import trace:
  Server Component:
    ./src/app/products/glossary/GlossaryClient.tsx
    ./src/app/products/glossary/page.tsx

https://nextjs.org/docs/messages/module-not-found


./src/app/rules/versions/VersionsClient.tsx:7:1
Module not found: Can't resolve '@/components/ui/badge'
[0m [90m  5 |[39m [36mimport[39m { [33mInput[39m } [36mfrom[39m [32m'@/components/ui/input'[39m
 [90m  6 |[39m [36mimport[39m { [33mTable[39m[33m,[39m [33mTableBody[39m[33m,[39m 
[33mTableCell[39m[33m,[39m [33mTableHead[39m[33m,[39m [33mTableHeader[39m[33m,[39m [33mTableRow[39m } 
[36mfrom[39m [32m'@/components/ui/table'[39m
[31m[1m>[22m[39m[90m  7 |[39m [36mimport[39m { [33mBadge[39m } [36mfrom[39m 
[32m'@/components/ui/badge'[39m
 [90m    |[39m [31m[1m^[22m[39m[31m[1m^[22m[39m[31m[1m^[22m[39m[31m[1m^[22m[39m[31m[1m^[22m[39m[
31m[1m^[22m[39m[31m[1m^[22m[39m[31m[1m^[22m[39m[31m[1m^[22m[39m[31m[1m^[22m[39m[31m[1m^[22m[39m
[31m[1m^[22m[39m[31m[1m^[22m[39m[31m[1m^[22m[39m[31m[1m^[22m[39m[31m[1m^[22m[39m[31m[1m^[22m[39m
[31m[1m^[22m[39m[31m[1m^[22m[39m[31m[1m^[22m[39m[31m[1m^[22m[39m[31m[1m^[22m[39m[31m[1m^[22m[39
m[31m[1m^[22m[39m[31m[1m^[22m[39m[31m[1m^[22m[39m[31m[1m^[22m[39m[31m[1m^[22m[39m[31m[1m^[22m[3
9m[31m[1m^[22m[39m[31m[1m^[22m[39m[31m[1m^[22m[39m[31m[1m^[22m[39m[31m[1m^[22m[39m[31m[1m^[22m[
39m[31m[1m^[22m[39m[31m[1m^[22m[39m[31m[1m^[22m[39m[31m[1m^[22m[39m[31m[1m^[22m[39m[31m[1m^[22m
[39m[31m[1m^[22m[39m[31m[1m^[22m[39m[31m[1m^[22m[39m[31m[1m^[22m[39m
 [90m  8 |[39m [36mimport[39m { [33mPlusCircle[39m[33m,[39m [33mTrash2[39m[33m,[39m 
[33mSearch[39m[33m,[39m [33mArrowLeft[39m[33m,[39m [33mLoader2[39m[33m,[39m [33mSave[39m[33m,[39m 
[33mSettings[39m } [36mfrom[39m [32m'lucide-react'[39m
 [90m  9 |[39m [36mimport[39m [33mLink[39m [36mfrom[39m [32m'next/link'[39m
 [90m 10 |[39m [36mimport[39m { upsertVersionAction[33m,[39m deleteVersionAction } [36mfrom[39m 
[32m'./actions'[39m[0m



Import trace:
  Server Component:
    ./src/app/rules/versions/VersionsClient.tsx
    ./src/app/rules/versions/page.tsx

https://nextjs.org/docs/messages/module-not-found


./src/app/families/new/page.tsx:4:1
Module not found: Can't resolve '@/components/ui/button'
[0m [90m 2 |[39m
 [90m 3 |[39m [36mimport[39m { useState } [36mfrom[39m [32m'react'[39m
[31m[1m>[22m[39m[90m 4 |[39m [36mimport[39m { [33mButton[39m } [36mfrom[39m 
[32m'@/components/ui/button'[39m
 [90m   |[39m [31m[1m^[22m[39m[31m[1m^[22m[39m[31m[1m^[22m[39m[31m[1m^[22m[39m[31m[1m^[22m[39m[3
1m[1m^[22m[39m[31m[1m^[22m[39m[31m[1m^[22m[39m[31m[1m^[22m[39m[31m[1m^[22m[39m[31m[1m^[22m[39m[
31m[1m^[22m[39m[31m[1m^[22m[39m[31m[1m^[22m[39m[31m[1m^[22m[39m[31m[1m^[22m[39m[31m[1m^[22m[39m
[31m[1m^[22m[39m[31m[1m^[22m[39m[31m[1m^[22m[39m[31m[1m^[22m[39m[31m[1m^[22m[39m[31m[1m^[22m[39m
[31m[1m^[22m[39m[31m[1m^[22m[39m[31m[1m^[22m[39m[31m[1m^[22m[39m[31m[1m^[22m[39m[31m[1m^[22m[39
m[31m[1m^[22m[39m[31m[1m^[22m[39m[31m[1m^[22m[39m[31m[1m^[22m[39m[31m[1m^[22m[39m[31m[1m^[22m[3
9m[31m[1m^[22m[39m[31m[1m^[22m[39m[31m[1m^[22m[39m[31m[1m^[22m[39m[31m[1m^[22m[39m[31m[1m^[22m[
39m[31m[1m^[22m[39m[31m[1m^[22m[39m[31m[1m^[22m[39m[31m[1m^[22m[39m[31m[1m^[22m[39m[31m[1m^[22m
[39m
 [90m 5 |[39m [36mimport[39m { [33mInput[39m } [36mfrom[39m [32m'@/components/ui/input'[39m
 [90m 6 |[39m [36mimport[39m { [33mLabel[39m } [36mfrom[39m [32m'@/components/ui/label'[39m
 [90m 7 |[39m [36mimport[39m { [33mCard[39m[33m,[39m [33mCardHeader[39m[33m,[39m 
[33mCardTitle[39m[33m,[39m [33mCardContent[39m[33m,[39m [33mCardDescription[39m } [36mfrom[39m 
[32m'@/components/ui/card'[39m[0m



Import traces:
  Client Component Browser:
    ./src/app/families/new/page.tsx [Client Component Browser]
    ./src/app/families/new/page.tsx [Server Component]

  Client Component SSR:
    ./src/app/families/new/page.tsx [Client Component SSR]
    ./src/app/families/new/page.tsx [Server Component]

https://nextjs.org/docs/messages/module-not-found


./src/app/page.tsx:4:1
Module not found: Can't resolve '@/components/ui/button'
[0m [90m 2 |[39m [36mimport[39m [33mLink[39m [36mfrom[39m [32m'next/link'[39m
 [90m 3 |[39m [36mimport[39m { [33mCard[39m[33m,[39m [33mCardContent[39m } [36mfrom[39m 
[32m"@/components/ui/card"[39m
[31m[1m>[22m[39m[90m 4 |[39m [36mimport[39m { [33mButton[39m } [36mfrom[39m 
[32m"@/components/ui/button"[39m
 [90m   |[39m [31m[1m^[22m[39m[31m[1m^[22m[39m[31m[1m^[22m[39m[31m[1m^[22m[39m[31m[1m^[22m[39m[3
1m[1m^[22m[39m[31m[1m^[22m[39m[31m[1m^[22m[39m[31m[1m^[22m[39m[31m[1m^[22m[39m[31m[1m^[22m[39m[
31m[1m^[22m[39m[31m[1m^[22m[39m[31m[1m^[22m[39m[31m[1m^[22m[39m[31m[1m^[22m[39m[31m[1m^[22m[39m
[31m[1m^[22m[39m[31m[1m^[22m[39m[31m[1m^[22m[39m[31m[1m^[22m[39m[31m[1m^[22m[39m[31m[1m^[22m[39m
[31m[1m^[22m[39m[31m[1m^[22m[39m[31m[1m^[22m[39m[31m[1m^[22m[39m[31m[1m^[22m[39m[31m[1m^[22m[39
m[31m[1m^[22m[39m[31m[1m^[22m[39m[31m[1m^[22m[39m[31m[1m^[22m[39m[31m[1m^[22m[39m[31m[1m^[22m[3
9m[31m[1m^[22m[39m[31m[1m^[22m[39m[31m[1m^[22m[39m[31m[1m^[22m[39m[31m[1m^[22m[39m[31m[1m^[22m[
39m[31m[1m^[22m[39m[31m[1m^[22m[39m[31m[1m^[22m[39m[31m[1m^[22m[39m[31m[1m^[22m[39m[31m[1m^[22m
[39m
 [90m 5 |[39m [36mimport[39m { [33mBadge[39m } [36mfrom[39m [32m"@/components/ui/badge"[39m
 [90m 6 |[39m [36mimport[39m { 
 [90m 7 |[39m   [33mPackage[39m[33m,[39m [33mAlertCircle[39m[33m,[39m [33mLayoutTemplate[39m[33m,[39m 
[33mGitMerge[39m[33m,[39m [33mFileImage[39m[33m,[39m [0m



https://nextjs.org/docs/messages/module-not-found


./src/app/products/glossary/GlossaryClient.tsx:4:1
Module not found: Can't resolve '@/components/ui/button'
[0m [90m 2 |[39m
 [90m 3 |[39m [36mimport[39m { useState } [36mfrom[39m [32m'react'[39m
[31m[1m>[22m[39m[90m 4 |[39m [36mimport[39m { [33mButton[39m } [36mfrom[39m 
[32m'@/components/ui/button'[39m
 [90m   |[39m [31m[1m^[22m[39m[31m[1m^[22m[39m[31m[1m^[22m[39m[31m[1m^[22m[39m[31m[1m^[22m[39m[3
1m[1m^[22m[39m[31m[1m^[22m[39m[31m[1m^[22m[39m[31m[1m^[22m[39m[31m[1m^[22m[39m[31m[1m^[22m[39m[
31m[1m^[22m[39m[31m[1m^[22m[39m[31m[1m^[22m[39m[31m[1m^[22m[39m[31m[1m^[22m[39m[31m[1m^[22m[39m
[31m[1m^[22m[39m[31m[1m^[22m[39m[31m[1m^[22m[39m[31m[1m^[22m[39m[31m[1m^[22m[39m[31m[1m^[22m[39m
[31m[1m^[22m[39m[31m[1m^[22m[39m[31m[1m^[22m[39m[31m[1m^[22m[39m[31m[1m^[22m[39m[31m[1m^[22m[39
m[31m[1m^[22m[39m[31m[1m^[22m[39m[31m[1m^[22m[39m[31m[1m^[22m[39m[31m[1m^[22m[39m[31m[1m^[22m[3
9m[31m[1m^[22m[39m[31m[1m^[22m[39m[31m[1m^[22m[39m[31m[1m^[22m[39m[31m[1m^[22m[39m[31m[1m^[22m[
39m[31m[1m^[22m[39m[31m[1m^[22m[39m[31m[1m^[22m[39m[31m[1m^[22m[39m[31m[1m^[22m[39m[31m[1m^[22m
[39m
 [90m 5 |[39m [36mimport[39m { [33mInput[39m } [36mfrom[39m [32m'@/components/ui/input'[39m
 [90m 6 |[39m [36mimport[39m { [33mTable[39m[33m,[39m [33mTableBody[39m[33m,[39m 
[33mTableCell[39m[33m,[39m [33mTableHead[39m[33m,[39m [33mTableHeader[39m[33m,[39m [33mTableRow[39m } 
[36mfrom[39m [32m'@/components/ui/table'[39m
 [90m 7 |[39m [36mimport[39m { [33mBadge[39m } [36mfrom[39m [32m'@/components/ui/badge'[39m[0m



Import trace:
  Server Component:
    ./src/app/products/glossary/GlossaryClient.tsx
    ./src/app/products/glossary/page.tsx

https://nextjs.org/docs/messages/module-not-found


./src/app/rules/page.tsx:5:1
Module not found: Can't resolve '@/components/ui/button'
[0m [90m 3 |[39m [36mimport[39m { [33mNomenclaturesSection[39m } [36mfrom[39m 
[32m'@/components/rules/NomenclaturesSection'[39m
 [90m 4 |[39m [36mimport[39m [33mLink[39m [36mfrom[39m [32m'next/link'[39m
[31m[1m>[22m[39m[90m 5 |[39m [36mimport[39m { [33mButton[39m } [36mfrom[39m 
[32m'@/components/ui/button'[39m
 [90m   |[39m [31m[1m^[22m[39m[31m[1m^[22m[39m[31m[1m^[22m[39m[31m[1m^[22m[39m[31m[1m^[22m[39m[3
1m[1m^[22m[39m[31m[1m^[22m[39m[31m[1m^[22m[39m[31m[1m^[22m[39m[31m[1m^[22m[39m[31m[1m^[22m[39m[
31m[1m^[22m[39m[31m[1m^[22m[39m[31m[1m^[22m[39m[31m[1m^[22m[39m[31m[1m^[22m[39m[31m[1m^[22m[39m
[31m[1m^[22m[39m[31m[1m^[22m[39m[31m[1m^[22m[39m[31m[1m^[22m[39m[31m[1m^[22m[39m[31m[1m^[22m[39m
[31m[1m^[22m[39m[31m[1m^[22m[39m[31m[1m^[22m[39m[31m[1m^[22m[39m[31m[1m^[22m[39m[31m[1m^[22m[39
m[31m[1m^[22m[39m[31m[1m^[22m[39m[31m[1m^[22m[39m[31m[1m^[22m[39m[31m[1m^[22m[39m[31m[1m^[22m[3
9m[31m[1m^[22m[39m[31m[1m^[22m[39m[31m[1m^[22m[39m[31m[1m^[22m[39m[31m[1m^[22m[39m[31m[1m^[22m[
39m[31m[1m^[22m[39m[31m[1m^[22m[39m[31m[1m^[22m[39m[31m[1m^[22m[39m[31m[1m^[22m[39m[31m[1m^[22m
[39m
 [90m 6 |[39m [36mimport[39m { [33mSettings[39m } [36mfrom[39m [32m'lucide-react'[39m
 [90m 7 |[39m
 [90m 8 |[39m [36mexport[39m [36mdefault[39m [36masync[39m [36mfunction[39m [33mRulesPage[39m() {[0m



https://nextjs.org/docs/messages/module-not-found


./src/app/rules/versions/VersionsClient.tsx:4:1
Module not found: Can't resolve '@/components/ui/button'
[0m [90m 2 |[39m
 [90m 3 |[39m [36mimport[39m { useState } [36mfrom[39m [32m'react'[39m
[31m[1m>[22m[39m[90m 4 |[39m [36mimport[39m { [33mButton[39m } [36mfrom[39m 
[32m'@/components/ui/button'[39m
 [90m   |[39m [31m[1m^[22m[39m[31m[1m^[22m[39m[31m[1m^[22m[39m[31m[1m^[22m[39m[31m[1m^[22m[39m[3
1m[1m^[22m[39m[31m[1m^[22m[39m[31m[1m^[22m[39m[31m[1m^[22m[39m[31m[1m^[22m[39m[31m[1m^[22m[39m[
31m[1m^[22m[39m[31m[1m^[22m[39m[31m[1m^[22m[39m[31m[1m^[22m[39m[31m[1m^[22m[39m[31m[1m^[22m[39m
[31m[1m^[22m[39m[31m[1m^[22m[39m[31m[1m^[22m[39m[31m[1m^[22m[39m[31m[1m^[22m[39m[31m[1m^[22m[39m
[31m[1m^[22m[39m[31m[1m^[22m[39m[31m[1m^[22m[39m[31m[1m^[22m[39m[31m[1m^[22m[39m[31m[1m^[22m[39
m[31m[1m^[22m[39m[31m[1m^[22m[39m[31m[1m^[22m[39m[31m[1m^[22m[39m[31m[1m^[22m[39m[31m[1m^[22m[3
9m[31m[1m^[22m[39m[31m[1m^[22m[39m[31m[1m^[22m[39m[31m[1m^[22m[39m[31m[1m^[22m[39m[31m[1m^[22m[
39m[31m[1m^[22m[39m[31m[1m^[22m[39m[31m[1m^[22m[39m[31m[1m^[22m[39m[31m[1m^[22m[39m[31m[1m^[22m
[39m
 [90m 5 |[39m [36mimport[39m { [33mInput[39m } [36mfrom[39m [32m'@/components/ui/input'[39m
 [90m 6 |[39m [36mimport[39m { [33mTable[39m[33m,[39m [33mTableBody[39m[33m,[39m 
[33mTableCell[39m[33m,[39m [33mTableHead[39m[33m,[39m [33mTableHeader[39m[33m,[39m [33mTableRow[39m } 
[36mfrom[39m [32m'@/components/ui/table'[39m
 [90m 7 |[39m [36mimport[39m { [33mBadge[39m } [36mfrom[39m [32m'@/components/ui/badge'[39m[0m



Import trace:
  Server Component:
    ./src/app/rules/versions/VersionsClient.tsx
    ./src/app/rules/versions/page.tsx

https://nextjs.org/docs/messages/module-not-found


./src/app/exceptions/page.tsx:12:1
Module not found: Can't resolve '@/components/ui/button-variants'
[0m [90m 10 |[39m [36mimport[39m { [33mBadge[39m } [36mfrom[39m [32m'@/components/ui/badge'[39m
 [90m 11 |[39m [36mimport[39m { [33mButton[39m } [36mfrom[39m [32m'@/components/ui/button'[39m
[31m[1m>[22m[39m[90m 12 |[39m [36mimport[39m { buttonVariants } [36mfrom[39m 
[32m'@/components/ui/button-variants'[39m
 [90m    |[39m [31m[1m^[22m[39m[31m[1m^[22m[39m[31m[1m^[22m[39m[31m[1m^[22m[39m[31m[1m^[22m[39m[
31m[1m^[22m[39m[31m[1m^[22m[39m[31m[1m^[22m[39m[31m[1m^[22m[39m[31m[1m^[22m[39m[31m[1m^[22m[39m
[31m[1m^[22m[39m[31m[1m^[22m[39m[31m[1m^[22m[39m[31m[1m^[22m[39m[31m[1m^[22m[39m[31m[1m^[22m[39m
[31m[1m^[22m[39m[31m[1m^[22m[39m[31m[1m^[22m[39m[31m[1m^[22m[39m[31m[1m^[22m[39m[31m[1m^[22m[39
m[31m[1m^[22m[39m[31m[1m^[22m[39m[31m[1m^[22m[39m[31m[1m^[22m[39m[31m[1m^[22m[39m[31m[1m^[22m[3
9m[31m[1m^[22m[39m[31m[1m^[22m[39m[31m[1m^[22m[39m[31m[1m^[22m[39m[31m[1m^[22m[39m[31m[1m^[22m[
39m[31m[1m^[22m[39m[31m[1m^[22m[39m[31m[1m^[22m[39m[31m[1m^[22m[39m[31m[1m^[22m[39m[31m[1m^[22m
[39m[31m[1m^[22m[39m[31m[1m^[22m[39m[31m[1m^[22m[39m[31m[1m^[22m[39m[31m[1m^[22m[39m[31m[1m^[22m
[39m[31m[1m^[22m[39m[31m[1m^[22m[39m[31m[1m^[22m[39m[31m[1m^[22m[39m[31m[1m^[22m[39m[31m[1m^[22
m[39m[31m[1m^[22m[39m[31m[1m^[22m[39m[31m[1m^[22m[39m[31m[1m^[22m[39m[31m[1m^[22m[39m[31m[1m^[2
2m[39m[31m[1m^[22m[39m[31m[1m^[22m[39m[31m[1m^[22m[39m[31m[1m^[22m[39m[31m[1m^[22m[39m
 [90m 13 |[39m [36mimport[39m { cn } [36mfrom[39m [32m'@/lib/utils'[39m
 [90m 14 |[39m [36mimport[39m { [33mAlertCircle[39m[33m,[39m [33mArrowRight[39m } [36mfrom[39m 
[32m'lucide-react'[39m
 [90m 15 |[39m [36mimport[39m [33mLink[39m [36mfrom[39m [32m'next/link'[39m[0m



https://nextjs.org/docs/messages/module-not-found


./src/app/families/new/page.tsx:7:1
Module not found: Can't resolve '@/components/ui/card'
[0m [90m  5 |[39m [36mimport[39m { [33mInput[39m } [36mfrom[39m [32m'@/components/ui/input'[39m
 [90m  6 |[39m [36mimport[39m { [33mLabel[39m } [36mfrom[39m [32m'@/components/ui/label'[39m
[31m[1m>[22m[39m[90m  7 |[39m [36mimport[39m { [33mCard[39m[33m,[39m [33mCardHeader[39m[33m,[39m 
[33mCardTitle[39m[33m,[39m [33mCardContent[39m[33m,[39m [33mCardDescription[39m } [36mfrom[39m 
[32m'@/components/ui/card'[39m
 [90m    |[39m [31m[1m^[22m[39m[31m[1m^[22m[39m[31m[1m^[22m[39m[31m[1m^[22m[39m[31m[1m^[22m[39m[
31m[1m^[22m[39m[31m[1m^[22m[39m[31m[1m^[22m[39m[31m[1m^[22m[39m[31m[1m^[22m[39m[31m[1m^[22m[39m
[31m[1m^[22m[39m[31m[1m^[22m[39m[31m[1m^[22m[39m[31m[1m^[22m[39m[31m[1m^[22m[39m[31m[1m^[22m[39m
[31m[1m^[22m[39m[31m[1m^[22m[39m[31m[1m^[22m[39m[31m[1m^[22m[39m[31m[1m^[22m[39m[31m[1m^[22m[39
m[31m[1m^[22m[39m[31m[1m^[22m[39m[31m[1m^[22m[39m[31m[1m^[22m[39m[31m[1m^[22m[39m[31m[1m^[22m[3
9m[31m[1m^[22m[39m[31m[1m^[22m[39m[31m[1m^[22m[39m[31m[1m^[22m[39m[31m[1m^[22m[39m[31m[1m^[22m[
39m[31m[1m^[22m[39m[31m[1m^[22m[39m[31m[1m^[22m[39m[31m[1m^[22m[39m[31m[1m^[22m[39m[31m[1m^[22m
[39m[31m[1m^[22m[39m[31m[1m^[22m[39m[31m[1m^[22m[39m[31m[1m^[22m[39m[31m[1m^[22m[39m[31m[1m^[22m
[39m[31m[1m^[22m[39m[31m[1m^[22m[39m[31m[1m^[22m[39m[31m[1m^[22m[39m[31m[1m^[22m[39m[31m[1m^[22
m[39m[31m[1m^[22m[39m[31m[1m^[22m[39m[31m[1m^[22m[39m[31m[1m^[22m[39m[31m[1m^[22m[39m[31m[1m^[2
2m[39m[31m[1m^[22m[39m[31m[1m^[22m[39m[31m[1m^[22m[39m[31m[1m^[22m[39m[31m[1m^[22m[39m[31m[1m^[
22m[39m[31m[1m^[22m[39m[31m[1m^[22m[39m[31m[1m^[22m[39m[31m[1m^[22m[39m[31m[1m^[22m[39m[31m[1m^
[22m[39m[31m[1m^[22m[39m[31m[1m^[22m[39m[31m[1m^[22m[39m[31m[1m^[22m[39m[31m[1m^[22m[39m[31m[1m^
[22m[39m[31m[1m^[22m[39m[31m[1m^[22m[39m[31m[1m^[22m[39m[31m[1m^[22m[39m[31m[1m^[22m[39m[31m[1m
^[22m[39m[31m[1m^[22m[39m[31m[1m^[22m[39m[31m[1m^[22m[39m[31m[1m^[22m[39m[31m[1m^[22m[39m[31m[1
m^[22m[39m[31m[1m^[22m[39m[31m[1m^[22m[39m[31m[1m^[22m[39m[31m[1m^[22m[39m[31m[1m^[22m[39m[31m[
1m^[22m[39m[31m[1m^[22m[39m
 [90m  8 |[39m [36mimport[39m { [33mSelect[39m[33m,[39m [33mSelectContent[39m[33m,[39m 
[33mSelectItem[39m[33m,[39m [33mSelectTrigger[39m[33m,[39m [33mSelectValue[39m } [36mfrom[39m 
[32m'@/components/ui/select'[39m
 [90m  9 |[39m [36mimport[39m [33mLink[39m [36mfrom[39m [32m'next/link'[39m
 [90m 10 |[39m [36mimport[39m { upsertFamilyAction } [36mfrom[39m [32m'@/app/products/actions'[39m[0m



Import traces:
  Client Component Browser:
    ./src/app/families/new/page.tsx [Client Component Browser]
    ./src/app/families/new/page.tsx [Server Component]

  Client Component SSR:
    ./src/app/families/new/page.tsx [Client Component SSR]
    ./src/app/families/new/page.tsx [Server Component]

https://nextjs.org/docs/messages/module-not-found


./src/app/page.tsx:3:1
Module not found: Can't resolve '@/components/ui/card'
[0m [90m 1 |[39m [36mimport[39m { dbQuery } [36mfrom[39m [32m'@/lib/supabase'[39m
 [90m 2 |[39m [36mimport[39m [33mLink[39m [36mfrom[39m [32m'next/link'[39m
[31m[1m>[22m[39m[90m 3 |[39m [36mimport[39m { [33mCard[39m[33m,[39m [33mCardContent[39m } [36mfrom[39m 
[32m"@/components/ui/card"[39m
 [90m   |[39m [31m[1m^[22m[39m[31m[1m^[22m[39m[31m[1m^[22m[39m[31m[1m^[22m[39m[31m[1m^[22m[39m[3
1m[1m^[22m[39m[31m[1m^[22m[39m[31m[1m^[22m[39m[31m[1m^[22m[39m[31m[1m^[22m[39m[31m[1m^[22m[39m[
31m[1m^[22m[39m[31m[1m^[22m[39m[31m[1m^[22m[39m[31m[1m^[22m[39m[31m[1m^[22m[39m[31m[1m^[22m[39m
[31m[1m^[22m[39m[31m[1m^[22m[39m[31m[1m^[22m[39m[31m[1m^[22m[39m[31m[1m^[22m[39m[31m[1m^[22m[39m
[31m[1m^[22m[39m[31m[1m^[22m[39m[31m[1m^[22m[39m[31m[1m^[22m[39m[31m[1m^[22m[39m[31m[1m^[22m[39
m[31m[1m^[22m[39m[31m[1m^[22m[39m[31m[1m^[22m[39m[31m[1m^[22m[39m[31m[1m^[22m[39m[31m[1m^[22m[3
9m[31m[1m^[22m[39m[31m[1m^[22m[39m[31m[1m^[22m[39m[31m[1m^[22m[39m[31m[1m^[22m[39m[31m[1m^[22m[
39m[31m[1m^[22m[39m[31m[1m^[22m[39m[31m[1m^[22m[39m[31m[1m^[22m[39m[31m[1m^[22m[39m[31m[1m^[22m
[39m[31m[1m^[22m[39m[31m[1m^[22m[39m[31m[1m^[22m[39m[31m[1m^[22m[39m[31m[1m^[22m[39m[31m[1m^[22m
[39m[31m[1m^[22m[39m[31m[1m^[22m[39m[31m[1m^[22m[39m
 [90m 4 |[39m [36mimport[39m { [33mButton[39m } [36mfrom[39m [32m"@/components/ui/button"[39m
 [90m 5 |[39m [36mimport[39m { [33mBadge[39m } [36mfrom[39m [32m"@/components/ui/badge"[39m
 [90m 6 |[39m [36mimport[39m { [0m



https://nextjs.org/docs/messages/module-not-found


./src/app/products/glossary/GlossaryClient.tsx:12:1
Module not found: Can't resolve '@/components/ui/dialog'
[0m [90m 10 |[39m [36mimport[39m { upsertGlossaryTermAction[33m,[39m deleteGlossaryTermAction } [36mfrom[39m 
[32m'./actions'[39m
 [90m 11 |[39m [36mimport[39m { toast } [36mfrom[39m [32m'sonner'[39m
[31m[1m>[22m[39m[90m 12 |[39m [36mimport[39m {
 [90m    |[39m [31m[1m^[22m[39m[31m[1m^[22m[39m[31m[1m^[22m[39m[31m[1m^[22m[39m[31m[1m^[22m[39m[
31m[1m^[22m[39m[31m[1m^[22m[39m[31m[1m^[22m[39m
[31m[1m>[22m[39m[90m 13 |[39m     [33mDialog[39m[33m,[39m
 [90m    |[39m [31m[1m^[22m[39m[31m[1m^[22m[39m[31m[1m^[22m[39m[31m[1m^[22m[39m[31m[1m^[22m[39m[
31m[1m^[22m[39m[31m[1m^[22m[39m[31m[1m^[22m[39m[31m[1m^[22m[39m[31m[1m^[22m[39m[31m[1m^[22m[39m
[31m[1m>[22m[39m[90m 14 |[39m     [33mDialogContent[39m[33m,[39m
 [90m    |[39m [31m[1m^[22m[39m[31m[1m^[22m[39m[31m[1m^[22m[39m[31m[1m^[22m[39m[31m[1m^[22m[39m[
31m[1m^[22m[39m[31m[1m^[22m[39m[31m[1m^[22m[39m[31m[1m^[22m[39m[31m[1m^[22m[39m[31m[1m^[22m[39m
[31m[1m>[22m[39m[90m 15 |[39m     [33mDialogHeader[39m[33m,[39m
 [90m    |[39m [31m[1m^[22m[39m[31m[1m^[22m[39m[31m[1m^[22m[39m[31m[1m^[22m[39m[31m[1m^[22m[39m[
31m[1m^[22m[39m[31m[1m^[22m[39m[31m[1m^[22m[39m[31m[1m^[22m[39m[31m[1m^[22m[39m[31m[1m^[22m[39m
[31m[1m>[22m[39m[90m 16 |[39m     [33mDialogTitle[39m[33m,[39m
 [90m    |[39m [31m[1m^[22m[39m[31m[1m^[22m[39m[31m[1m^[22m[39m[31m[1m^[22m[39m[31m[1m^[22m[39m[
31m[1m^[22m[39m[31m[1m^[22m[39m[31m[1m^[22m[39m[31m[1m^[22m[39m[31m[1m^[22m[39m[31m[1m^[22m[39m
[31m[1m>[22m[39m[90m 17 |[39m     [33mDialogFooter[39m[33m,[39m
 [90m    |[39m [31m[1m^[22m[39m[31m[1m^[22m[39m[31m[1m^[22m[39m[31m[1m^[22m[39m[31m[1m^[22m[39m[
31m[1m^[22m[39m[31m[1m^[22m[39m[31m[1m^[22m[39m[31m[1m^[22m[39m[31m[1m^[22m[39m[31m[1m^[22m[39m
[31m[1m>[22m[39m[90m 18 |[39m     [33mDialogDescription[39m
 [90m    |[39m [31m[1m^[22m[39m[31m[1m^[22m[39m[31m[1m^[22m[39m[31m[1m^[22m[39m[31m[1m^[22m[39m[
31m[1m^[22m[39m[31m[1m^[22m[39m[31m[1m^[22m[39m[31m[1m^[22m[39m[31m[1m^[22m[39m[31m[1m^[22m[39m
[31m[1m>[22m[39m[90m 19 |[39m } [36mfrom[39m [32m'@/components/ui/dialog'[39m
 [90m    |[39m [31m[1m^[22m[39m[31m[1m^[22m[39m[31m[1m^[22m[39m[31m[1m^[22m[39m[31m[1m^[22m[39m[
31m[1m^[22m[39m[31m[1m^[22m[39m[31m[1m^[22m[39m[31m[1m^[22m[39m[31m[1m^[22m[39m[31m[1m^[22m[39m
[31m[1m^[22m[39m[31m[1m^[22m[39m[31m[1m^[22m[39m[31m[1m^[22m[39m[31m[1m^[22m[39m[31m[1m^[22m[39m
[31m[1m^[22m[39m[31m[1m^[22m[39m[31m[1m^[22m[39m[31m[1m^[22m[39m[31m[1m^[22m[39m[31m[1m^[22m[39
m[31m[1m^[22m[39m[31m[1m^[22m[39m[31m[1m^[22m[39m[31m[1m^[22m[39m[31m[1m^[22m[39m[31m[1m^[22m[3
9m[31m[1m^[22m[39m[31m[1m^[22m[39m[31m[1m^[22m[39m
 [90m 20 |[39m [36mimport[39m { [33mLabel[39m } [36mfrom[39m [32m'@/components/ui/label'[39m
 [90m 21 |[39m
 [90m 22 |[39m [36minterface[39m [33mGlossaryEntry[39m {[0m



Import trace:
  Server Component:
    ./src/app/products/glossary/GlossaryClient.tsx
    ./src/app/products/glossary/page.tsx

https://nextjs.org/docs/messages/module-not-found


./src/app/rules/versions/VersionsClient.tsx:12:1
Module not found: Can't resolve '@/components/ui/dialog'
[0m [90m 10 |[39m [36mimport[39m { upsertVersionAction[33m,[39m deleteVersionAction } [36mfrom[39m 
[32m'./actions'[39m
 [90m 11 |[39m [36mimport[39m { toast } [36mfrom[39m [32m'sonner'[39m
[31m[1m>[22m[39m[90m 12 |[39m [36mimport[39m {
 [90m    |[39m [31m[1m^[22m[39m[31m[1m^[22m[39m[31m[1m^[22m[39m[31m[1m^[22m[39m[31m[1m^[22m[39m[
31m[1m^[22m[39m[31m[1m^[22m[39m[31m[1m^[22m[39m
[31m[1m>[22m[39m[90m 13 |[39m     [33mDialog[39m[33m,[39m
 [90m    |[39m [31m[1m^[22m[39m[31m[1m^[22m[39m[31m[1m^[22m[39m[31m[1m^[22m[39m[31m[1m^[22m[39m[
31m[1m^[22m[39m[31m[1m^[22m[39m[31m[1m^[22m[39m[31m[1m^[22m[39m[31m[1m^[22m[39m[31m[1m^[22m[39m
[31m[1m>[22m[39m[90m 14 |[39m     [33mDialogContent[39m[33m,[39m
 [90m    |[39m [31m[1m^[22m[39m[31m[1m^[22m[39m[31m[1m^[22m[39m[31m[1m^[22m[39m[31m[1m^[22m[39m[
31m[1m^[22m[39m[31m[1m^[22m[39m[31m[1m^[22m[39m[31m[1m^[22m[39m[31m[1m^[22m[39m[31m[1m^[22m[39m
[31m[1m>[22m[39m[90m 15 |[39m     [33mDialogHeader[39m[33m,[39m
 [90m    |[39m [31m[1m^[22m[39m[31m[1m^[22m[39m[31m[1m^[22m[39m[31m[1m^[22m[39m[31m[1m^[22m[39m[
31m[1m^[22m[39m[31m[1m^[22m[39m[31m[1m^[22m[39m[31m[1m^[22m[39m[31m[1m^[22m[39m[31m[1m^[22m[39m
[31m[1m>[22m[39m[90m 16 |[39m     [33mDialogTitle[39m[33m,[39m
 [90m    |[39m [31m[1m^[22m[39m[31m[1m^[22m[39m[31m[1m^[22m[39m[31m[1m^[22m[39m[31m[1m^[22m[39m[
31m[1m^[22m[39m[31m[1m^[22m[39m[31m[1m^[22m[39m[31m[1m^[22m[39m[31m[1m^[22m[39m[31m[1m^[22m[39m
[31m[1m>[22m[39m[90m 17 |[39m     [33mDialogFooter[39m[33m,[39m
 [90m    |[39m [31m[1m^[22m[39m[31m[1m^[22m[39m[31m[1m^[22m[39m[31m[1m^[22m[39m[31m[1m^[22m[39m[
31m[1m^[22m[39m[31m[1m^[22m[39m[31m[1m^[22m[39m[31m[1m^[22m[39m[31m[1m^[22m[39m[31m[1m^[22m[39m
[31m[1m>[22m[39m[90m 18 |[39m     [33mDialogDescription[39m
 [90m    |[39m [31m[1m^[22m[39m[31m[1m^[22m[39m[31m[1m^[22m[39m[31m[1m^[22m[39m[31m[1m^[22m[39m[
31m[1m^[22m[39m[31m[1m^[22m[39m[31m[1m^[22m[39m[31m[1m^[22m[39m[31m[1m^[22m[39m[31m[1m^[22m[39m
[31m[1m>[22m[39m[90m 19 |[39m } [36mfrom[39m [32m'@/components/ui/dialog'[39m
 [90m    |[39m [31m[1m^[22m[39m[31m[1m^[22m[39m[31m[1m^[22m[39m[31m[1m^[22m[39m[31m[1m^[22m[39m[
31m[1m^[22m[39m[31m[1m^[22m[39m[31m[1m^[22m[39m[31m[1m^[22m[39m[31m[1m^[22m[39m[31m[1m^[22m[39m
[31m[1m^[22m[39m[31m[1m^[22m[39m[31m[1m^[22m[39m[31m[1m^[22m[39m[31m[1m^[22m[39m[31m[1m^[22m[39m
[31m[1m^[22m[39m[31m[1m^[22m[39m[31m[1m^[22m[39m[31m[1m^[22m[39m[31m[1m^[22m[39m[31m[1m^[22m[39
m[31m[1m^[22m[39m[31m[1m^[22m[39m[31m[1m^[22m[39m[31m[1m^[22m[39m[31m[1m^[22m[39m[31m[1m^[22m[3
9m[31m[1m^[22m[39m[31m[1m^[22m[39m[31m[1m^[22m[39m
 [90m 20 |[39m [36mimport[39m { [33mLabel[39m } [36mfrom[39m [32m'@/components/ui/label'[39m
 [90m 21 |[39m
 [90m 22 |[39m [36minterface[39m [33mVersionEntry[39m {[0m



Import trace:
  Server Component:
    ./src/app/rules/versions/VersionsClient.tsx
    ./src/app/rules/versions/page.tsx

https://nextjs.org/docs/messages/module-not-found


./src/app/families/new/page.tsx:5:1
Module not found: Can't resolve '@/components/ui/input'
[0m [90m 3 |[39m [36mimport[39m { useState } [36mfrom[39m [32m'react'[39m
 [90m 4 |[39m [36mimport[39m { [33mButton[39m } [36mfrom[39m [32m'@/components/ui/button'[39m
[31m[1m>[22m[39m[90m 5 |[39m [36mimport[39m { [33mInput[39m } [36mfrom[39m 
[32m'@/components/ui/input'[39m
 [90m   |[39m [31m[1m^[22m[39m[31m[1m^[22m[39m[31m[1m^[22m[39m[31m[1m^[22m[39m[31m[1m^[22m[39m[3
1m[1m^[22m[39m[31m[1m^[22m[39m[31m[1m^[22m[39m[31m[1m^[22m[39m[31m[1m^[22m[39m[31m[1m^[22m[39m[
31m[1m^[22m[39m[31m[1m^[22m[39m[31m[1m^[22m[39m[31m[1m^[22m[39m[31m[1m^[22m[39m[31m[1m^[22m[39m
[31m[1m^[22m[39m[31m[1m^[22m[39m[31m[1m^[22m[39m[31m[1m^[22m[39m[31m[1m^[22m[39m[31m[1m^[22m[39m
[31m[1m^[22m[39m[31m[1m^[22m[39m[31m[1m^[22m[39m[31m[1m^[22m[39m[31m[1m^[22m[39m[31m[1m^[22m[39
m[31m[1m^[22m[39m[31m[1m^[22m[39m[31m[1m^[22m[39m[31m[1m^[22m[39m[31m[1m^[22m[39m[31m[1m^[22m[3
9m[31m[1m^[22m[39m[31m[1m^[22m[39m[31m[1m^[22m[39m[31m[1m^[22m[39m[31m[1m^[22m[39m[31m[1m^[22m[
39m[31m[1m^[22m[39m[31m[1m^[22m[39m[31m[1m^[22m[39m[31m[1m^[22m[39m
 [90m 6 |[39m [36mimport[39m { [33mLabel[39m } [36mfrom[39m [32m'@/components/ui/label'[39m
 [90m 7 |[39m [36mimport[39m { [33mCard[39m[33m,[39m [33mCardHeader[39m[33m,[39m 
[33mCardTitle[39m[33m,[39m [33mCardContent[39m[33m,[39m [33mCardDescription[39m } [36mfrom[39m 
[32m'@/components/ui/card'[39m
 [90m 8 |[39m [36mimport[39m { [33mSelect[39m[33m,[39m [33mSelectContent[39m[33m,[39m 
[33mSelectItem[39m[33m,[39m [33mSelectTrigger[39m[33m,[39m [33mSelectValue[39m } [36mfrom[39m 
[32m'@/components/ui/select'[39m[0m



Import traces:
  Client Component Browser:
    ./src/app/families/new/page.tsx [Client Component Browser]
    ./src/app/families/new/page.tsx [Server Component]

  Client Component SSR:
    ./src/app/families/new/page.tsx [Client Component SSR]
    ./src/app/families/new/page.tsx [Server Component]

https://nextjs.org/docs/messages/module-not-found


./src/app/products/glossary/GlossaryClient.tsx:5:1
Module not found: Can't resolve '@/components/ui/input'
[0m [90m 3 |[39m [36mimport[39m { useState } [36mfrom[39m [32m'react'[39m
 [90m 4 |[39m [36mimport[39m { [33mButton[39m } [36mfrom[39m [32m'@/components/ui/button'[39m
[31m[1m>[22m[39m[90m 5 |[39m [36mimport[39m { [33mInput[39m } [36mfrom[39m 
[32m'@/components/ui/input'[39m
 [90m   |[39m [31m[1m^[22m[39m[31m[1m^[22m[39m[31m[1m^[22m[39m[31m[1m^[22m[39m[31m[1m^[22m[39m[3
1m[1m^[22m[39m[31m[1m^[22m[39m[31m[1m^[22m[39m[31m[1m^[22m[39m[31m[1m^[22m[39m[31m[1m^[22m[39m[
31m[1m^[22m[39m[31m[1m^[22m[39m[31m[1m^[22m[39m[31m[1m^[22m[39m[31m[1m^[22m[39m[31m[1m^[22m[39m
[31m[1m^[22m[39m[31m[1m^[22m[39m[31m[1m^[22m[39m[31m[1m^[22m[39m[31m[1m^[22m[39m[31m[1m^[22m[39m
[31m[1m^[22m[39m[31m[1m^[22m[39m[31m[1m^[22m[39m[31m[1m^[22m[39m[31m[1m^[22m[39m[31m[1m^[22m[39
m[31m[1m^[22m[39m[31m[1m^[22m[39m[31m[1m^[22m[39m[31m[1m^[22m[39m[31m[1m^[22m[39m[31m[1m^[22m[3
9m[31m[1m^[22m[39m[31m[1m^[22m[39m[31m[1m^[22m[39m[31m[1m^[22m[39m[31m[1m^[22m[39m[31m[1m^[22m[
39m[31m[1m^[22m[39m[31m[1m^[22m[39m[31m[1m^[22m[39m[31m[1m^[22m[39m
 [90m 6 |[39m [36mimport[39m { [33mTable[39m[33m,[39m [33mTableBody[39m[33m,[39m 
[33mTableCell[39m[33m,[39m [33mTableHead[39m[33m,[39m [33mTableHeader[39m[33m,[39m [33mTableRow[39m } 
[36mfrom[39m [32m'@/components/ui/table'[39m
 [90m 7 |[39m [36mimport[39m { [33mBadge[39m } [36mfrom[39m [32m'@/components/ui/badge'[39m
 [90m 8 |[39m [36mimport[39m { [33mPlusCircle[39m[33m,[39m [33mTrash2[39m[33m,[39m 
[33mSearch[39m[33m,[39m [33mArrowLeft[39m[33m,[39m [33mLoader2[39m[33m,[39m [33mSave[39m } 
[36mfrom[39m [32m'lucide-react'[39m[0m



Import trace:
  Server Component:
    ./src/app/products/glossary/GlossaryClient.tsx
    ./src/app/products/glossary/page.tsx

https://nextjs.org/docs/messages/module-not-found


./src/app/rules/versions/VersionsClient.tsx:5:1
Module not found: Can't resolve '@/components/ui/input'
[0m [90m 3 |[39m [36mimport[39m { useState } [36mfrom[39m [32m'react'[39m
 [90m 4 |[39m [36mimport[39m { [33mButton[39m } [36mfrom[39m [32m'@/components/ui/button'[39m
[31m[1m>[22m[39m[90m 5 |[39m [36mimport[39m { [33mInput[39m } [36mfrom[39m 
[32m'@/components/ui/input'[39m
 [90m   |[39m [31m[1m^[22m[39m[31m[1m^[22m[39m[31m[1m^[22m[39m[31m[1m^[22m[39m[31m[1m^[22m[39m[3
1m[1m^[22m[39m[31m[1m^[22m[39m[31m[1m^[22m[39m[31m[1m^[22m[39m[31m[1m^[22m[39m[31m[1m^[22m[39m[
31m[1m^[22m[39m[31m[1m^[22m[39m[31m[1m^[22m[39m[31m[1m^[22m[39m[31m[1m^[22m[39m[31m[1m^[22m[39m
[31m[1m^[22m[39m[31m[1m^[22m[39m[31m[1m^[22m[39m[31m[1m^[22m[39m[31m[1m^[22m[39m[31m[1m^[22m[39m
[31m[1m^[22m[39m[31m[1m^[22m[39m[31m[1m^[22m[39m[31m[1m^[22m[39m[31m[1m^[22m[39m[31m[1m^[22m[39
m[31m[1m^[22m[39m[31m[1m^[22m[39m[31m[1m^[22m[39m[31m[1m^[22m[39m[31m[1m^[22m[39m[31m[1m^[22m[3
9m[31m[1m^[22m[39m[31m[1m^[22m[39m[31m[1m^[22m[39m[31m[1m^[22m[39m[31m[1m^[22m[39m[31m[1m^[22m[
39m[31m[1m^[22m[39m[31m[1m^[22m[39m[31m[1m^[22m[39m[31m[1m^[22m[39m
 [90m 6 |[39m [36mimport[39m { [33mTable[39m[33m,[39m [33mTableBody[39m[33m,[39m 
[33mTableCell[39m[33m,[39m [33mTableHead[39m[33m,[39m [33mTableHeader[39m[33m,[39m [33mTableRow[39m } 
[36mfrom[39m [32m'@/components/ui/table'[39m
 [90m 7 |[39m [36mimport[39m { [33mBadge[39m } [36mfrom[39m [32m'@/components/ui/badge'[39m
 [90m 8 |[39m [36mimport[39m { [33mPlusCircle[39m[33m,[39m [33mTrash2[39m[33m,[39m 
[33mSearch[39m[33m,[39m [33mArrowLeft[39m[33m,[39m [33mLoader2[39m[33m,[39m [33mSave[39m[33m,[39m 
[33mSettings[39m } [36mfrom[39m [32m'lucide-react'[39m[0m



Import trace:
  Server Component:
    ./src/app/rules/versions/VersionsClient.tsx
    ./src/app/rules/versions/page.tsx

https://nextjs.org/docs/messages/module-not-found


./src/app/families/new/page.tsx:6:1
Module not found: Can't resolve '@/components/ui/label'
[0m [90m 4 |[39m [36mimport[39m { [33mButton[39m } [36mfrom[39m [32m'@/components/ui/button'[39m
 [90m 5 |[39m [36mimport[39m { [33mInput[39m } [36mfrom[39m [32m'@/components/ui/input'[39m
[31m[1m>[22m[39m[90m 6 |[39m [36mimport[39m { [33mLabel[39m } [36mfrom[39m 
[32m'@/components/ui/label'[39m
 [90m   |[39m [31m[1m^[22m[39m[31m[1m^[22m[39m[31m[1m^[22m[39m[31m[1m^[22m[39m[31m[1m^[22m[39m[3
1m[1m^[22m[39m[31m[1m^[22m[39m[31m[1m^[22m[39m[31m[1m^[22m[39m[31m[1m^[22m[39m[31m[1m^[22m[39m[
31m[1m^[22m[39m[31m[1m^[22m[39m[31m[1m^[22m[39m[31m[1m^[22m[39m[31m[1m^[22m[39m[31m[1m^[22m[39m
[31m[1m^[22m[39m[31m[1m^[22m[39m[31m[1m^[22m[39m[31m[1m^[22m[39m[31m[1m^[22m[39m[31m[1m^[22m[39m
[31m[1m^[22m[39m[31m[1m^[22m[39m[31m[1m^[22m[39m[31m[1m^[22m[39m[31m[1m^[22m[39m[31m[1m^[22m[39
m[31m[1m^[22m[39m[31m[1m^[22m[39m[31m[1m^[22m[39m[31m[1m^[22m[39m[31m[1m^[22m[39m[31m[1m^[22m[3
9m[31m[1m^[22m[39m[31m[1m^[22m[39m[31m[1m^[22m[39m[31m[1m^[22m[39m[31m[1m^[22m[39m[31m[1m^[22m[
39m[31m[1m^[22m[39m[31m[1m^[22m[39m[31m[1m^[22m[39m[31m[1m^[22m[39m
 [90m 7 |[39m [36mimport[39m { [33mCard[39m[33m,[39m [33mCardHeader[39m[33m,[39m 
[33mCardTitle[39m[33m,[39m [33mCardContent[39m[33m,[39m [33mCardDescription[39m } [36mfrom[39m 
[32m'@/components/ui/card'[39m
 [90m 8 |[39m [36mimport[39m { [33mSelect[39m[33m,[39m [33mSelectContent[39m[33m,[39m 
[33mSelectItem[39m[33m,[39m [33mSelectTrigger[39m[33m,[39m [33mSelectValue[39m } [36mfrom[39m 
[32m'@/components/ui/select'[39m
 [90m 9 |[39m [36mimport[39m [33mLink[39m [36mfrom[39m [32m'next/link'[39m[0m



Import traces:
  Client Component Browser:
    ./src/app/families/new/page.tsx [Client Component Browser]
    ./src/app/families/new/page.tsx [Server Component]

  Client Component SSR:
    ./src/app/families/new/page.tsx [Client Component SSR]
    ./src/app/families/new/page.tsx [Server Component]

https://nextjs.org/docs/messages/module-not-found


./src/app/products/glossary/GlossaryClient.tsx:20:1
Module not found: Can't resolve '@/components/ui/label'
[0m [90m 18 |[39m     [33mDialogDescription[39m
 [90m 19 |[39m } [36mfrom[39m [32m'@/components/ui/dialog'[39m
[31m[1m>[22m[39m[90m 20 |[39m [36mimport[39m { [33mLabel[39m } [36mfrom[39m 
[32m'@/components/ui/label'[39m
 [90m    |[39m [31m[1m^[22m[39m[31m[1m^[22m[39m[31m[1m^[22m[39m[31m[1m^[22m[39m[31m[1m^[22m[39m[
31m[1m^[22m[39m[31m[1m^[22m[39m[31m[1m^[22m[39m[31m[1m^[22m[39m[31m[1m^[22m[39m[31m[1m^[22m[39m
[31m[1m^[22m[39m[31m[1m^[22m[39m[31m[1m^[22m[39m[31m[1m^[22m[39m[31m[1m^[22m[39m[31m[1m^[22m[39m
[31m[1m^[22m[39m[31m[1m^[22m[39m[31m[1m^[22m[39m[31m[1m^[22m[39m[31m[1m^[22m[39m[31m[1m^[22m[39
m[31m[1m^[22m[39m[31m[1m^[22m[39m[31m[1m^[22m[39m[31m[1m^[22m[39m[31m[1m^[22m[39m[31m[1m^[22m[3
9m[31m[1m^[22m[39m[31m[1m^[22m[39m[31m[1m^[22m[39m[31m[1m^[22m[39m[31m[1m^[22m[39m[31m[1m^[22m[
39m[31m[1m^[22m[39m[31m[1m^[22m[39m[31m[1m^[22m[39m[31m[1m^[22m[39m[31m[1m^[22m[39m[31m[1m^[22m
[39m[31m[1m^[22m[39m[31m[1m^[22m[39m[31m[1m^[22m[39m[31m[1m^[22m[39m
 [90m 21 |[39m
 [90m 22 |[39m [36minterface[39m [33mGlossaryEntry[39m {
 [90m 23 |[39m     id[33m:[39m string[0m



Import trace:
  Server Component:
    ./src/app/products/glossary/GlossaryClient.tsx
    ./src/app/products/glossary/page.tsx

https://nextjs.org/docs/messages/module-not-found


./src/app/rules/versions/VersionsClient.tsx:20:1
Module not found: Can't resolve '@/components/ui/label'
[0m [90m 18 |[39m     [33mDialogDescription[39m
 [90m 19 |[39m } [36mfrom[39m [32m'@/components/ui/dialog'[39m
[31m[1m>[22m[39m[90m 20 |[39m [36mimport[39m { [33mLabel[39m } [36mfrom[39m 
[32m'@/components/ui/label'[39m
 [90m    |[39m [31m[1m^[22m[39m[31m[1m^[22m[39m[31m[1m^[22m[39m[31m[1m^[22m[39m[31m[1m^[22m[39m[
31m[1m^[22m[39m[31m[1m^[22m[39m[31m[1m^[22m[39m[31m[1m^[22m[39m[31m[1m^[22m[39m[31m[1m^[22m[39m
[31m[1m^[22m[39m[31m[1m^[22m[39m[31m[1m^[22m[39m[31m[1m^[22m[39m[31m[1m^[22m[39m[31m[1m^[22m[39m
[31m[1m^[22m[39m[31m[1m^[22m[39m[31m[1m^[22m[39m[31m[1m^[22m[39m[31m[1m^[22m[39m[31m[1m^[22m[39
m[31m[1m^[22m[39m[31m[1m^[22m[39m[31m[1m^[22m[39m[31m[1m^[22m[39m[31m[1m^[22m[39m[31m[1m^[22m[3
9m[31m[1m^[22m[39m[31m[1m^[22m[39m[31m[1m^[22m[39m[31m[1m^[22m[39m[31m[1m^[22m[39m[31m[1m^[22m[
39m[31m[1m^[22m[39m[31m[1m^[22m[39m[31m[1m^[22m[39m[31m[1m^[22m[39m[31m[1m^[22m[39m[31m[1m^[22m
[39m[31m[1m^[22m[39m[31m[1m^[22m[39m[31m[1m^[22m[39m[31m[1m^[22m[39m
 [90m 21 |[39m
 [90m 22 |[39m [36minterface[39m [33mVersionEntry[39m {
 [90m 23 |[39m     id[33m:[39m string[0m



Import trace:
  Server Component:
    ./src/app/rules/versions/VersionsClient.tsx
    ./src/app/rules/versions/page.tsx

https://nextjs.org/docs/messages/module-not-found


./src/app/families/new/page.tsx:8:1
Module not found: Can't resolve '@/components/ui/select'
[0m [90m  6 |[39m [36mimport[39m { [33mLabel[39m } [36mfrom[39m [32m'@/components/ui/label'[39m
 [90m  7 |[39m [36mimport[39m { [33mCard[39m[33m,[39m [33mCardHeader[39m[33m,[39m 
[33mCardTitle[39m[33m,[39m [33mCardContent[39m[33m,[39m [33mCardDescription[39m } [36mfrom[39m 
[32m'@/components/ui/card'[39m
[31m[1m>[22m[39m[90m  8 |[39m [36mimport[39m { [33mSelect[39m[33m,[39m [33mSelectContent[39m[33m,[39m 
[33mSelectItem[39m[33m,[39m [33mSelectTrigger[39m[33m,[39m [33mSelectValue[39m } [36mfrom[39m 
[32m'@/components/ui/select'[39m
 [90m    |[39m [31m[1m^[22m[39m[31m[1m^[22m[39m[31m[1m^[22m[39m[31m[1m^[22m[39m[31m[1m^[22m[39m[
31m[1m^[22m[39m[31m[1m^[22m[39m[31m[1m^[22m[39m[31m[1m^[22m[39m[31m[1m^[22m[39m[31m[1m^[22m[39m
[31m[1m^[22m[39m[31m[1m^[22m[39m[31m[1m^[22m[39m[31m[1m^[22m[39m[31m[1m^[22m[39m[31m[1m^[22m[39m
[31m[1m^[22m[39m[31m[1m^[22m[39m[31m[1m^[22m[39m[31m[1m^[22m[39m[31m[1m^[22m[39m[31m[1m^[22m[39
m[31m[1m^[22m[39m[31m[1m^[22m[39m[31m[1m^[22m[39m[31m[1m^[22m[39m[31m[1m^[22m[39m[31m[1m^[22m[3
9m[31m[1m^[22m[39m[31m[1m^[22m[39m[31m[1m^[22m[39m[31m[1m^[22m[39m[31m[1m^[22m[39m[31m[1m^[22m[
39m[31m[1m^[22m[39m[31m[1m^[22m[39m[31m[1m^[22m[39m[31m[1m^[22m[39m[31m[1m^[22m[39m[31m[1m^[22m
[39m[31m[1m^[22m[39m[31m[1m^[22m[39m[31m[1m^[22m[39m[31m[1m^[22m[39m[31m[1m^[22m[39m[31m[1m^[22m
[39m[31m[1m^[22m[39m[31m[1m^[22m[39m[31m[1m^[22m[39m[31m[1m^[22m[39m[31m[1m^[22m[39m[31m[1m^[22
m[39m[31m[1m^[22m[39m[31m[1m^[22m[39m[31m[1m^[22m[39m[31m[1m^[22m[39m[31m[1m^[22m[39m[31m[1m^[2
2m[39m[31m[1m^[22m[39m[31m[1m^[22m[39m[31m[1m^[22m[39m[31m[1m^[22m[39m[31m[1m^[22m[39m[31m[1m^[
22m[39m[31m[1m^[22m[39m[31m[1m^[22m[39m[31m[1m^[22m[39m[31m[1m^[22m[39m[31m[1m^[22m[39m[31m[1m^
[22m[39m[31m[1m^[22m[39m[31m[1m^[22m[39m[31m[1m^[22m[39m[31m[1m^[22m[39m[31m[1m^[22m[39m[31m[1m^
[22m[39m[31m[1m^[22m[39m[31m[1m^[22m[39m[31m[1m^[22m[39m[31m[1m^[22m[39m[31m[1m^[22m[39m[31m[1m
^[22m[39m[31m[1m^[22m[39m[31m[1m^[22m[39m[31m[1m^[22m[39m[31m[1m^[22m[39m[31m[1m^[22m[39m[31m[1
m^[22m[39m[31m[1m^[22m[39m[31m[1m^[22m[39m[31m[1m^[22m[39m[31m[1m^[22m[39m[31m[1m^[22m[39m[31m[
1m^[22m[39m[31m[1m^[22m[39m[31m[1m^[22m[39m[31m[1m^[22m[39m[31m[1m^[22m[39m[31m[1m^[22m[39m[31m
[1m^[22m[39m[31m[1m^[22m[39m
 [90m  9 |[39m [36mimport[39m [33mLink[39m [36mfrom[39m [32m'next/link'[39m
 [90m 10 |[39m [36mimport[39m { upsertFamilyAction } [36mfrom[39m [32m'@/app/products/actions'[39m
 [90m 11 |[39m [36mimport[39m { [33mArrowLeft[39m } [36mfrom[39m [32m'lucide-react'[39m[0m



Import traces:
  Client Component Browser:
    ./src/app/families/new/page.tsx [Client Component Browser]
    ./src/app/families/new/page.tsx [Server Component]

  Client Component SSR:
    ./src/app/families/new/page.tsx [Client Component SSR]
    ./src/app/families/new/page.tsx [Server Component]

https://nextjs.org/docs/messages/module-not-found


./src/app/assets/page.tsx:2:1
Module not found: Can't resolve '@/components/ui/table'
[0m [90m  1 |[39m [36mimport[39m { dbQuery } [36mfrom[39m [32m'@/lib/supabase'[39m
[31m[1m>[22m[39m[90m  2 |[39m [36mimport[39m {
 [90m    |[39m [31m[1m^[22m[39m[31m[1m^[22m[39m[31m[1m^[22m[39m[31m[1m^[22m[39m[31m[1m^[22m[39m[
31m[1m^[22m[39m[31m[1m^[22m[39m[31m[1m^[22m[39m
[31m[1m>[22m[39m[90m  3 |[39m     [33mTable[39m[33m,[39m
 [90m    |[39m [31m[1m^[22m[39m[31m[1m^[22m[39m[31m[1m^[22m[39m[31m[1m^[22m[39m[31m[1m^[22m[39m[
31m[1m^[22m[39m[31m[1m^[22m[39m[31m[1m^[22m[39m[31m[1m^[22m[39m[31m[1m^[22m[39m
[31m[1m>[22m[39m[90m  4 |[39m     [33mTableBody[39m[33m,[39m
 [90m    |[39m [31m[1m^[22m[39m[31m[1m^[22m[39m[31m[1m^[22m[39m[31m[1m^[22m[39m[31m[1m^[22m[39m[
31m[1m^[22m[39m[31m[1m^[22m[39m[31m[1m^[22m[39m[31m[1m^[22m[39m[31m[1m^[22m[39m
[31m[1m>[22m[39m[90m  5 |[39m     [33mTableCell[39m[33m,[39m
 [90m    |[39m [31m[1m^[22m[39m[31m[1m^[22m[39m[31m[1m^[22m[39m[31m[1m^[22m[39m[31m[1m^[22m[39m[
31m[1m^[22m[39m[31m[1m^[22m[39m[31m[1m^[22m[39m[31m[1m^[22m[39m[31m[1m^[22m[39m
[31m[1m>[22m[39m[90m  6 |[39m     [33mTableHead[39m[33m,[39m
 [90m    |[39m [31m[1m^[22m[39m[31m[1m^[22m[39m[31m[1m^[22m[39m[31m[1m^[22m[39m[31m[1m^[22m[39m[
31m[1m^[22m[39m[31m[1m^[22m[39m[31m[1m^[22m[39m[31m[1m^[22m[39m[31m[1m^[22m[39m
[31m[1m>[22m[39m[90m  7 |[39m     [33mTableHeader[39m[33m,[39m
 [90m    |[39m [31m[1m^[22m[39m[31m[1m^[22m[39m[31m[1m^[22m[39m[31m[1m^[22m[39m[31m[1m^[22m[39m[
31m[1m^[22m[39m[31m[1m^[22m[39m[31m[1m^[22m[39m[31m[1m^[22m[39m[31m[1m^[22m[39m
[31m[1m>[22m[39m[90m  8 |[39m     [33mTableRow[39m[33m,[39m
 [90m    |[39m [31m[1m^[22m[39m[31m[1m^[22m[39m[31m[1m^[22m[39m[31m[1m^[22m[39m[31m[1m^[22m[39m[
31m[1m^[22m[39m[31m[1m^[22m[39m[31m[1m^[22m[39m[31m[1m^[22m[39m[31m[1m^[22m[39m
[31m[1m>[22m[39m[90m  9 |[39m } [36mfrom[39m [32m'@/components/ui/table'[39m
 [90m    |[39m [31m[1m^[22m[39m[31m[1m^[22m[39m[31m[1m^[22m[39m[31m[1m^[22m[39m[31m[1m^[22m[39m[
31m[1m^[22m[39m[31m[1m^[22m[39m[31m[1m^[22m[39m[31m[1m^[22m[39m[31m[1m^[22m[39m[31m[1m^[22m[39m
[31m[1m^[22m[39m[31m[1m^[22m[39m[31m[1m^[22m[39m[31m[1m^[22m[39m[31m[1m^[22m[39m[31m[1m^[22m[39m
[31m[1m^[22m[39m[31m[1m^[22m[39m[31m[1m^[22m[39m[31m[1m^[22m[39m[31m[1m^[22m[39m[31m[1m^[22m[39
m[31m[1m^[22m[39m[31m[1m^[22m[39m[31m[1m^[22m[39m[31m[1m^[22m[39m[31m[1m^[22m[39m[31m[1m^[22m[3
9m[31m[1m^[22m[39m[31m[1m^[22m[39m
 [90m 10 |[39m [36mimport[39m { [33mButton[39m } [36mfrom[39m [32m'@/components/ui/button'[39m
 [90m 11 |[39m [36mimport[39m { [33mSearch[39m[33m,[39m [33mImage[39m [36mas[39m [33mImageIcon[39m } 
[36mfrom[39m [32m'lucide-react'[39m
 [90m 12 |[39m [36mimport[39m { [33mInput[39m } [36mfrom[39m [32m'@/components/ui/input'[39m[0m



https://nextjs.org/docs/messages/module-not-found


./src/app/exceptions/page.tsx:2:1
Module not found: Can't resolve '@/components/ui/table'
[0m [90m  1 |[39m [36mimport[39m { dbQuery } [36mfrom[39m [32m'@/lib/supabase'[39m
[31m[1m>[22m[39m[90m  2 |[39m [36mimport[39m {
 [90m    |[39m [31m[1m^[22m[39m[31m[1m^[22m[39m[31m[1m^[22m[39m[31m[1m^[22m[39m[31m[1m^[22m[39m[
31m[1m^[22m[39m[31m[1m^[22m[39m[31m[1m^[22m[39m
[31m[1m>[22m[39m[90m  3 |[39m     [33mTable[39m[33m,[39m
 [90m    |[39m [31m[1m^[22m[39m[31m[1m^[22m[39m[31m[1m^[22m[39m[31m[1m^[22m[39m[31m[1m^[22m[39m[
31m[1m^[22m[39m[31m[1m^[22m[39m[31m[1m^[22m[39m[31m[1m^[22m[39m[31m[1m^[22m[39m
[31m[1m>[22m[39m[90m  4 |[39m     [33mTableBody[39m[33m,[39m
 [90m    |[39m [31m[1m^[22m[39m[31m[1m^[22m[39m[31m[1m^[22m[39m[31m[1m^[22m[39m[31m[1m^[22m[39m[
31m[1m^[22m[39m[31m[1m^[22m[39m[31m[1m^[22m[39m[31m[1m^[22m[39m[31m[1m^[22m[39m
[31m[1m>[22m[39m[90m  5 |[39m     [33mTableCell[39m[33m,[39m
 [90m    |[39m [31m[1m^[22m[39m[31m[1m^[22m[39m[31m[1m^[22m[39m[31m[1m^[22m[39m[31m[1m^[22m[39m[
31m[1m^[22m[39m[31m[1m^[22m[39m[31m[1m^[22m[39m[31m[1m^[22m[39m[31m[1m^[22m[39m
[31m[1m>[22m[39m[90m  6 |[39m     [33mTableHead[39m[33m,[39m
 [90m    |[39m [31m[1m^[22m[39m[31m[1m^[22m[39m[31m[1m^[22m[39m[31m[1m^[22m[39m[31m[1m^[22m[39m[
31m[1m^[22m[39m[31m[1m^[22m[39m[31m[1m^[22m[39m[31m[1m^[22m[39m[31m[1m^[22m[39m
[31m[1m>[22m[39m[90m  7 |[39m     [33mTableHeader[39m[33m,[39m
 [90m    |[39m [31m[1m^[22m[39m[31m[1m^[22m[39m[31m[1m^[22m[39m[31m[1m^[22m[39m[31m[1m^[22m[39m[
31m[1m^[22m[39m[31m[1m^[22m[39m[31m[1m^[22m[39m[31m[1m^[22m[39m[31m[1m^[22m[39m
[31m[1m>[22m[39m[90m  8 |[39m     [33mTableRow[39m[33m,[39m
 [90m    |[39m [31m[1m^[22m[39m[31m[1m^[22m[39m[31m[1m^[22m[39m[31m[1m^[22m[39m[31m[1m^[22m[39m[
31m[1m^[22m[39m[31m[1m^[22m[39m[31m[1m^[22m[39m[31m[1m^[22m[39m[31m[1m^[22m[39m
[31m[1m>[22m[39m[90m  9 |[39m } [36mfrom[39m [32m'@/components/ui/table'[39m
 [90m    |[39m [31m[1m^[22m[39m[31m[1m^[22m[39m[31m[1m^[22m[39m[31m[1m^[22m[39m[31m[1m^[22m[39m[
31m[1m^[22m[39m[31m[1m^[22m[39m[31m[1m^[22m[39m[31m[1m^[22m[39m[31m[1m^[22m[39m[31m[1m^[22m[39m
[31m[1m^[22m[39m[31m[1m^[22m[39m[31m[1m^[22m[39m[31m[1m^[22m[39m[31m[1m^[22m[39m[31m[1m^[22m[39m
[31m[1m^[22m[39m[31m[1m^[22m[39m[31m[1m^[22m[39m[31m[1m^[22m[39m[31m[1m^[22m[39m[31m[1m^[22m[39
m[31m[1m^[22m[39m[31m[1m^[22m[39m[31m[1m^[22m[39m[31m[1m^[22m[39m[31m[1m^[22m[39m[31m[1m^[22m[3
9m[31m[1m^[22m[39m[31m[1m^[22m[39m
 [90m 10 |[39m [36mimport[39m { [33mBadge[39m } [36mfrom[39m [32m'@/components/ui/badge'[39m
 [90m 11 |[39m [36mimport[39m { [33mButton[39m } [36mfrom[39m [32m'@/components/ui/button'[39m
 [90m 12 |[39m [36mimport[39m { buttonVariants } [36mfrom[39m [32m'@/components/ui/button-variants'[39m[0m



https://nextjs.org/docs/messages/module-not-found


./src/app/products/glossary/GlossaryClient.tsx:6:1
Module not found: Can't resolve '@/components/ui/table'
[0m [90m 4 |[39m [36mimport[39m { [33mButton[39m } [36mfrom[39m [32m'@/components/ui/button'[39m
 [90m 5 |[39m [36mimport[39m { [33mInput[39m } [36mfrom[39m [32m'@/components/ui/input'[39m
[31m[1m>[22m[39m[90m 6 |[39m [36mimport[39m { [33mTable[39m[33m,[39m [33mTableBody[39m[33m,[39m 
[33mTableCell[39m[33m,[39m [33mTableHead[39m[33m,[39m [33mTableHeader[39m[33m,[39m [33mTableRow[39m } 
[36mfrom[39m [32m'@/components/ui/table'[39m
 [90m   |[39m [31m[1m^[22m[39m[31m[1m^[22m[39m[31m[1m^[22m[39m[31m[1m^[22m[39m[31m[1m^[22m[39m[3
1m[1m^[22m[39m[31m[1m^[22m[39m[31m[1m^[22m[39m[31m[1m^[22m[39m[31m[1m^[22m[39m[31m[1m^[22m[39m[
31m[1m^[22m[39m[31m[1m^[22m[39m[31m[1m^[22m[39m[31m[1m^[22m[39m[31m[1m^[22m[39m[31m[1m^[22m[39m
[31m[1m^[22m[39m[31m[1m^[22m[39m[31m[1m^[22m[39m[31m[1m^[22m[39m[31m[1m^[22m[39m[31m[1m^[22m[39m
[31m[1m^[22m[39m[31m[1m^[22m[39m[31m[1m^[22m[39m[31m[1m^[22m[39m[31m[1m^[22m[39m[31m[1m^[22m[39
m[31m[1m^[22m[39m[31m[1m^[22m[39m[31m[1m^[22m[39m[31m[1m^[22m[39m[31m[1m^[22m[39m[31m[1m^[22m[3
9m[31m[1m^[22m[39m[31m[1m^[22m[39m[31m[1m^[22m[39m[31m[1m^[22m[39m[31m[1m^[22m[39m[31m[1m^[22m[
39m[31m[1m^[22m[39m[31m[1m^[22m[39m[31m[1m^[22m[39m[31m[1m^[22m[39m[31m[1m^[22m[39m[31m[1m^[22m
[39m[31m[1m^[22m[39m[31m[1m^[22m[39m[31m[1m^[22m[39m[31m[1m^[22m[39m[31m[1m^[22m[39m[31m[1m^[22m
[39m[31m[1m^[22m[39m[31m[1m^[22m[39m[31m[1m^[22m[39m[31m[1m^[22m[39m[31m[1m^[22m[39m[31m[1m^[22
m[39m[31m[1m^[22m[39m[31m[1m^[22m[39m[31m[1m^[22m[39m[31m[1m^[22m[39m[31m[1m^[22m[39m[31m[1m^[2
2m[39m[31m[1m^[22m[39m[31m[1m^[22m[39m[31m[1m^[22m[39m[31m[1m^[22m[39m[31m[1m^[22m[39m[31m[1m^[
22m[39m[31m[1m^[22m[39m[31m[1m^[22m[39m[31m[1m^[22m[39m[31m[1m^[22m[39m[31m[1m^[22m[39m[31m[1m^
[22m[39m[31m[1m^[22m[39m[31m[1m^[22m[39m[31m[1m^[22m[39m[31m[1m^[22m[39m[31m[1m^[22m[39m[31m[1m^
[22m[39m[31m[1m^[22m[39m[31m[1m^[22m[39m[31m[1m^[22m[39m[31m[1m^[22m[39m[31m[1m^[22m[39m[31m[1m
^[22m[39m[31m[1m^[22m[39m[31m[1m^[22m[39m[31m[1m^[22m[39m[31m[1m^[22m[39m[31m[1m^[22m[39m[31m[1
m^[22m[39m[31m[1m^[22m[39m[31m[1m^[22m[39m[31m[1m^[22m[39m[31m[1m^[22m[39m[31m[1m^[22m[39m[31m[
1m^[22m[39m
 [90m 7 |[39m [36mimport[39m { [33mBadge[39m } [36mfrom[39m [32m'@/components/ui/badge'[39m
 [90m 8 |[39m [36mimport[39m { [33mPlusCircle[39m[33m,[39m [33mTrash2[39m[33m,[39m 
[33mSearch[39m[33m,[39m [33mArrowLeft[39m[33m,[39m [33mLoader2[39m[33m,[39m [33mSave[39m } 
[36mfrom[39m [32m'lucide-react'[39m
 [90m 9 |[39m [36mimport[39m [33mLink[39m [36mfrom[39m [32m'next/link'[39m[0m



Import trace:
  Server Component:
    ./src/app/products/glossary/GlossaryClient.tsx
    ./src/app/products/glossary/page.tsx

https://nextjs.org/docs/messages/module-not-found


./src/app/rules/versions/VersionsClient.tsx:6:1
Module not found: Can't resolve '@/components/ui/table'
[0m [90m 4 |[39m [36mimport[39m { [33mButton[39m } [36mfrom[39m [32m'@/components/ui/button'[39m
 [90m 5 |[39m [36mimport[39m { [33mInput[39m } [36mfrom[39m [32m'@/components/ui/input'[39m
[31m[1m>[22m[39m[90m 6 |[39m [36mimport[39m { [33mTable[39m[33m,[39m [33mTableBody[39m[33m,[39m 
[33mTableCell[39m[33m,[39m [33mTableHead[39m[33m,[39m [33mTableHeader[39m[33m,[39m [33mTableRow[39m } 
[36mfrom[39m [32m'@/components/ui/table'[39m
 [90m   |[39m [31m[1m^[22m[39m[31m[1m^[22m[39m[31m[1m^[22m[39m[31m[1m^[22m[39m[31m[1m^[22m[39m[3
1m[1m^[22m[39m[31m[1m^[22m[39m[31m[1m^[22m[39m[31m[1m^[22m[39m[31m[1m^[22m[39m[31m[1m^[22m[39m[
31m[1m^[22m[39m[31m[1m^[22m[39m[31m[1m^[22m[39m[31m[1m^[22m[39m[31m[1m^[22m[39m[31m[1m^[22m[39m
[31m[1m^[22m[39m[31m[1m^[22m[39m[31m[1m^[22m[39m[31m[1m^[22m[39m[31m[1m^[22m[39m[31m[1m^[22m[39m
[31m[1m^[22m[39m[31m[1m^[22m[39m[31m[1m^[22m[39m[31m[1m^[22m[39m[31m[1m^[22m[39m[31m[1m^[22m[39
m[31m[1m^[22m[39m[31m[1m^[22m[39m[31m[1m^[22m[39m[31m[1m^[22m[39m[31m[1m^[22m[39m[31m[1m^[22m[3
9m[31m[1m^[22m[39m[31m[1m^[22m[39m[31m[1m^[22m[39m[31m[1m^[22m[39m[31m[1m^[22m[39m[31m[1m^[22m[
39m[31m[1m^[22m[39m[31m[1m^[22m[39m[31m[1m^[22m[39m[31m[1m^[22m[39m[31m[1m^[22m[39m[31m[1m^[22m
[39m[31m[1m^[22m[39m[31m[1m^[22m[39m[31m[1m^[22m[39m[31m[1m^[22m[39m[31m[1m^[22m[39m[31m[1m^[22m
[39m[31m[1m^[22m[39m[31m[1m^[22m[39m[31m[1m^[22m[39m[31m[1m^[22m[39m[31m[1m^[22m[39m[31m[1m^[22
m[39m[31m[1m^[22m[39m[31m[1m^[22m[39m[31m[1m^[22m[39m[31m[1m^[22m[39m[31m[1m^[22m[39m[31m[1m^[2
2m[39m[31m[1m^[22m[39m[31m[1m^[22m[39m[31m[1m^[22m[39m[31m[1m^[22m[39m[31m[1m^[22m[39m[31m[1m^[
22m[39m[31m[1m^[22m[39m[31m[1m^[22m[39m[31m[1m^[22m[39m[31m[1m^[22m[39m[31m[1m^[22m[39m[31m[1m^
[22m[39m[31m[1m^[22m[39m[31m[1m^[22m[39m[31m[1m^[22m[39m[31m[1m^[22m[39m[31m[1m^[22m[39m[31m[1m^
[22m[39m[31m[1m^[22m[39m[31m[1m^[22m[39m[31m[1m^[22m[39m[31m[1m^[22m[39m[31m[1m^[22m[39m[31m[1m
^[22m[39m[31m[1m^[22m[39m[31m[1m^[22m[39m[31m[1m^[22m[39m[31m[1m^[22m[39m[31m[1m^[22m[39m[31m[1
m^[22m[39m[31m[1m^[22m[39m[31m[1m^[22m[39m[31m[1m^[22m[39m[31m[1m^[22m[39m[31m[1m^[22m[39m[31m[
1m^[22m[39m
 [90m 7 |[39m [36mimport[39m { [33mBadge[39m } [36mfrom[39m [32m'@/components/ui/badge'[39m
 [90m 8 |[39m [36mimport[39m { [33mPlusCircle[39m[33m,[39m [33mTrash2[39m[33m,[39m 
[33mSearch[39m[33m,[39m [33mArrowLeft[39m[33m,[39m [33mLoader2[39m[33m,[39m [33mSave[39m[33m,[39m 
[33mSettings[39m } [36mfrom[39m [32m'lucide-react'[39m
 [90m 9 |[39m [36mimport[39m [33mLink[39m [36mfrom[39m [32m'next/link'[39m[0m



Import trace:
  Server Component:
    ./src/app/rules/versions/VersionsClient.tsx
    ./src/app/rules/versions/page.tsx

https://nextjs.org/docs/messages/module-not-found


./src/app/exceptions/page.tsx:16:1
Module not found: Can't resolve '@/lib/engine/validationActions'
[0m [90m 14 |[39m [36mimport[39m { [33mAlertCircle[39m[33m,[39m [33mArrowRight[39m } [36mfrom[39m 
[32m'lucide-react'[39m
 [90m 15 |[39m [36mimport[39m [33mLink[39m [36mfrom[39m [32m'next/link'[39m
[31m[1m>[22m[39m[90m 16 |[39m [36mimport[39m { getFullValidationSweep } [36mfrom[39m 
[32m'@/lib/engine/validationActions'[39m
 [90m    |[39m [31m[1m^[22m[39m[31m[1m^[22m[39m[31m[1m^[22m[39m[31m[1m^[22m[39m[31m[1m^[22m[39m[
31m[1m^[22m[39m[31m[1m^[22m[39m[31m[1m^[22m[39m[31m[1m^[22m[39m[31m[1m^[22m[39m[31m[1m^[22m[39m
[31m[1m^[22m[39m[31m[1m^[22m[39m[31m[1m^[22m[39m[31m[1m^[22m[39m[31m[1m^[22m[39m[31m[1m^[22m[39m
[31m[1m^[22m[39m[31m[1m^[22m[39m[31m[1m^[22m[39m[31m[1m^[22m[39m[31m[1m^[22m[39m[31m[1m^[22m[39
m[31m[1m^[22m[39m[31m[1m^[22m[39m[31m[1m^[22m[39m[31m[1m^[22m[39m[31m[1m^[22m[39m[31m[1m^[22m[3
9m[31m[1m^[22m[39m[31m[1m^[22m[39m[31m[1m^[22m[39m[31m[1m^[22m[39m[31m[1m^[22m[39m[31m[1m^[22m[
39m[31m[1m^[22m[39m[31m[1m^[22m[39m[31m[1m^[22m[39m[31m[1m^[22m[39m[31m[1m^[22m[39m[31m[1m^[22m
[39m[31m[1m^[22m[39m[31m[1m^[22m[39m[31m[1m^[22m[39m[31m[1m^[22m[39m[31m[1m^[22m[39m[31m[1m^[22m
[39m[31m[1m^[22m[39m[31m[1m^[22m[39m[31m[1m^[22m[39m[31m[1m^[22m[39m[31m[1m^[22m[39m[31m[1m^[22
m[39m[31m[1m^[22m[39m[31m[1m^[22m[39m[31m[1m^[22m[39m[31m[1m^[22m[39m[31m[1m^[22m[39m[31m[1m^[2
2m[39m[31m[1m^[22m[39m[31m[1m^[22m[39m[31m[1m^[22m[39m[31m[1m^[22m[39m[31m[1m^[22m[39m[31m[1m^[
22m[39m[31m[1m^[22m[39m[31m[1m^[22m[39m[31m[1m^[22m[39m[31m[1m^[22m[39m[31m[1m^[22m[39m[31m[1m^
[22m[39m
 [90m 17 |[39m
 [90m 18 |[39m [36mexport[39m [36mdefault[39m [36masync[39m [36mfunction[39m [33mExceptionsPage[39m() {
 [90m 19 |[39m     [36mconst[39m validationSummary [33m=[39m [36mawait[39m getFullValidationSweep()[0m



https://nextjs.org/docs/messages/module-not-found


./src/app/page.tsx:12:1
Module not found: Can't resolve '@/lib/engine/validationActions'
[0m [90m 10 |[39m [36mimport[39m { cn } [36mfrom[39m [32m'@/lib/utils'[39m
 [90m 11 |[39m
[31m[1m>[22m[39m[90m 12 |[39m [36mimport[39m { getFullValidationSweep } [36mfrom[39m 
[32m'@/lib/engine/validationActions'[39m
 [90m    |[39m [31m[1m^[22m[39m[31m[1m^[22m[39m[31m[1m^[22m[39m[31m[1m^[22m[39m[31m[1m^[22m[39m[
31m[1m^[22m[39m[31m[1m^[22m[39m[31m[1m^[22m[39m[31m[1m^[22m[39m[31m[1m^[22m[39m[31m[1m^[22m[39m
[31m[1m^[22m[39m[31m[1m^[22m[39m[31m[1m^[22m[39m[31m[1m^[22m[39m[31m[1m^[22m[39m[31m[1m^[22m[39m
[31m[1m^[22m[39m[31m[1m^[22m[39m[31m[1m^[22m[39m[31m[1m^[22m[39m[31m[1m^[22m[39m[31m[1m^[22m[39
m[31m[1m^[22m[39m[31m[1m^[22m[39m[31m[1m^[22m[39m[31m[1m^[22m[39m[31m[1m^[22m[39m[31m[1m^[22m[3
9m[31m[1m^[22m[39m[31m[1m^[22m[39m[31m[1m^[22m[39m[31m[1m^[22m[39m[31m[1m^[22m[39m[31m[1m^[22m[
39m[31m[1m^[22m[39m[31m[1m^[22m[39m[31m[1m^[22m[39m[31m[1m^[22m[39m[31m[1m^[22m[39m[31m[1m^[22m
[39m[31m[1m^[22m[39m[31m[1m^[22m[39m[31m[1m^[22m[39m[31m[1m^[22m[39m[31m[1m^[22m[39m[31m[1m^[22m
[39m[31m[1m^[22m[39m[31m[1m^[22m[39m[31m[1m^[22m[39m[31m[1m^[22m[39m[31m[1m^[22m[39m[31m[1m^[22
m[39m[31m[1m^[22m[39m[31m[1m^[22m[39m[31m[1m^[22m[39m[31m[1m^[22m[39m[31m[1m^[22m[39m[31m[1m^[2
2m[39m[31m[1m^[22m[39m[31m[1m^[22m[39m[31m[1m^[22m[39m[31m[1m^[22m[39m[31m[1m^[22m[39m[31m[1m^[
22m[39m[31m[1m^[22m[39m[31m[1m^[22m[39m[31m[1m^[22m[39m[31m[1m^[22m[39m[31m[1m^[22m[39m[31m[1m^
[22m[39m
 [90m 13 |[39m
 [90m 14 |[39m [36mexport[39m [36mdefault[39m [36masync[39m [36mfunction[39m [33mHome[39m() {
 [90m 15 |[39m   [90m// Fetch real KPIs and validation state[39m[0m



https://nextjs.org/docs/messages/module-not-found


./src/app/api/assets/upload/route.ts:2:1
Module not found: Can't resolve '@/lib/supabase'
[0m [90m 1 |[39m [36mimport[39m { [33mNextResponse[39m } [36mfrom[39m [32m'next/server'[39m
[31m[1m>[22m[39m[90m 2 |[39m [36mimport[39m { dbQuery } [36mfrom[39m [32m'@/lib/supabase'[39m
 [90m   |[39m [31m[1m^[22m[39m[31m[1m^[22m[39m[31m[1m^[22m[39m[31m[1m^[22m[39m[31m[1m^[22m[39m[3
1m[1m^[22m[39m[31m[1m^[22m[39m[31m[1m^[22m[39m[31m[1m^[22m[39m[31m[1m^[22m[39m[31m[1m^[22m[39m[
31m[1m^[22m[39m[31m[1m^[22m[39m[31m[1m^[22m[39m[31m[1m^[22m[39m[31m[1m^[22m[39m[31m[1m^[22m[39m
[31m[1m^[22m[39m[31m[1m^[22m[39m[31m[1m^[22m[39m[31m[1m^[22m[39m[31m[1m^[22m[39m[31m[1m^[22m[39m
[31m[1m^[22m[39m[31m[1m^[22m[39m[31m[1m^[22m[39m[31m[1m^[22m[39m[31m[1m^[22m[39m[31m[1m^[22m[39
m[31m[1m^[22m[39m[31m[1m^[22m[39m[31m[1m^[22m[39m[31m[1m^[22m[39m[31m[1m^[22m[39m[31m[1m^[22m[3
9m[31m[1m^[22m[39m[31m[1m^[22m[39m[31m[1m^[22m[39m[31m[1m^[22m[39m[31m[1m^[22m[39m
 [90m 3 |[39m [36mimport[39m { supabase } [36mfrom[39m [32m'@/lib/supabase'[39m
 [90m 4 |[39m [36mimport[39m { v4 [36mas[39m uuidv4 } [36mfrom[39m [32m'uuid'[39m
 [90m 5 |[39m[0m



https://nextjs.org/docs/messages/module-not-found


./src/app/api/assets/upload/route.ts:3:1
Module not found: Can't resolve '@/lib/supabase'
[0m [90m 1 |[39m [36mimport[39m { [33mNextResponse[39m } [36mfrom[39m [32m'next/server'[39m
 [90m 2 |[39m [36mimport[39m { dbQuery } [36mfrom[39m [32m'@/lib/supabase'[39m
[31m[1m>[22m[39m[90m 3 |[39m [36mimport[39m { supabase } [36mfrom[39m [32m'@/lib/supabase'[39m
 [90m   |[39m [31m[1m^[22m[39m[31m[1m^[22m[39m[31m[1m^[22m[39m[31m[1m^[22m[39m[31m[1m^[22m[39m[3
1m[1m^[22m[39m[31m[1m^[22m[39m[31m[1m^[22m[39m[31m[1m^[22m[39m[31m[1m^[22m[39m[31m[1m^[22m[39m[
31m[1m^[22m[39m[31m[1m^[22m[39m[31m[1m^[22m[39m[31m[1m^[22m[39m[31m[1m^[22m[39m[31m[1m^[22m[39m
[31m[1m^[22m[39m[31m[1m^[22m[39m[31m[1m^[22m[39m[31m[1m^[22m[39m[31m[1m^[22m[39m[31m[1m^[22m[39m
[31m[1m^[22m[39m[31m[1m^[22m[39m[31m[1m^[22m[39m[31m[1m^[22m[39m[31m[1m^[22m[39m[31m[1m^[22m[39
m[31m[1m^[22m[39m[31m[1m^[22m[39m[31m[1m^[22m[39m[31m[1m^[22m[39m[31m[1m^[22m[39m[31m[1m^[22m[3
9m[31m[1m^[22m[39m[31m[1m^[22m[39m[31m[1m^[22m[39m[31m[1m^[22m[39m[31m[1m^[22m[39m[31m[1m^[22m[
39m
 [90m 4 |[39m [36mimport[39m { v4 [36mas[39m uuidv4 } [36mfrom[39m [32m'uuid'[39m
 [90m 5 |[39m
 [90m 6 |[39m [36mexport[39m [36masync[39m [36mfunction[39m [33mPOST[39m(request[33m:[39m 
[33mRequest[39m) {[0m



https://nextjs.org/docs/messages/module-not-found


./src/app/api/families/[code]/route.ts:1:1
Module not found: Can't resolve '@/lib/supabase'
[0m[31m[1m>[22m[39m[90m 1 |[39m [36mimport[39m { dbQuery } [36mfrom[39m [32m'@/lib/supabase'[39m
 [90m   |[39m [31m[1m^[22m[39m[31m[1m^[22m[39m[31m[1m^[22m[39m[31m[1m^[22m[39m[31m[1m^[22m[39m[3
1m[1m^[22m[39m[31m[1m^[22m[39m[31m[1m^[22m[39m[31m[1m^[22m[39m[31m[1m^[22m[39m[31m[1m^[22m[39m[
31m[1m^[22m[39m[31m[1m^[22m[39m[31m[1m^[22m[39m[31m[1m^[22m[39m[31m[1m^[22m[39m[31m[1m^[22m[39m
[31m[1m^[22m[39m[31m[1m^[22m[39m[31m[1m^[22m[39m[31m[1m^[22m[39m[31m[1m^[22m[39m[31m[1m^[22m[39m
[31m[1m^[22m[39m[31m[1m^[22m[39m[31m[1m^[22m[39m[31m[1m^[22m[39m[31m[1m^[22m[39m[31m[1m^[22m[39
m[31m[1m^[22m[39m[31m[1m^[22m[39m[31m[1m^[22m[39m[31m[1m^[22m[39m[31m[1m^[22m[39m[31m[1m^[22m[3
9m[31m[1m^[22m[39m[31m[1m^[22m[39m[31m[1m^[22m[39m[31m[1m^[22m[39m[31m[1m^[22m[39m
 [90m 2 |[39m [36mimport[39m { [33mNextResponse[39m } [36mfrom[39m [32m'next/server'[39m
 [90m 3 |[39m
 [90m 4 |[39m [36mexport[39m [36masync[39m [36mfunction[39m [33mGET[39m([0m



https://nextjs.org/docs/messages/module-not-found


./src/app/assets/page.tsx:1:1
Module not found: Can't resolve '@/lib/supabase'
[0m[31m[1m>[22m[39m[90m 1 |[39m [36mimport[39m { dbQuery } [36mfrom[39m [32m'@/lib/supabase'[39m
 [90m   |[39m [31m[1m^[22m[39m[31m[1m^[22m[39m[31m[1m^[22m[39m[31m[1m^[22m[39m[31m[1m^[22m[39m[3
1m[1m^[22m[39m[31m[1m^[22m[39m[31m[1m^[22m[39m[31m[1m^[22m[39m[31m[1m^[22m[39m[31m[1m^[22m[39m[
31m[1m^[22m[39m[31m[1m^[22m[39m[31m[1m^[22m[39m[31m[1m^[22m[39m[31m[1m^[22m[39m[31m[1m^[22m[39m
[31m[1m^[22m[39m[31m[1m^[22m[39m[31m[1m^[22m[39m[31m[1m^[22m[39m[31m[1m^[22m[39m[31m[1m^[22m[39m
[31m[1m^[22m[39m[31m[1m^[22m[39m[31m[1m^[22m[39m[31m[1m^[22m[39m[31m[1m^[22m[39m[31m[1m^[22m[39
m[31m[1m^[22m[39m[31m[1m^[22m[39m[31m[1m^[22m[39m[31m[1m^[22m[39m[31m[1m^[22m[39m[31m[1m^[22m[3
9m[31m[1m^[22m[39m[31m[1m^[22m[39m[31m[1m^[22m[39m[31m[1m^[22m[39m[31m[1m^[22m[39m
 [90m 2 |[39m [36mimport[39m {
 [90m 3 |[39m     [33mTable[39m[33m,[39m
 [90m 4 |[39m     [33mTableBody[39m[33m,[39m[0m



https://nextjs.org/docs/messages/module-not-found


./src/app/datasets/actions.ts:3:1
Module not found: Can't resolve '@/lib/supabase'
[0m [90m 1 |[39m [32m"use server"[39m
 [90m 2 |[39m
[31m[1m>[22m[39m[90m 3 |[39m [36mimport[39m { dbQuery } [36mfrom[39m [32m"@/lib/supabase"[39m
 [90m   |[39m [31m[1m^[22m[39m[31m[1m^[22m[39m[31m[1m^[22m[39m[31m[1m^[22m[39m[31m[1m^[22m[39m[3
1m[1m^[22m[39m[31m[1m^[22m[39m[31m[1m^[22m[39m[31m[1m^[22m[39m[31m[1m^[22m[39m[31m[1m^[22m[39m[
31m[1m^[22m[39m[31m[1m^[22m[39m[31m[1m^[22m[39m[31m[1m^[22m[39m[31m[1m^[22m[39m[31m[1m^[22m[39m
[31m[1m^[22m[39m[31m[1m^[22m[39m[31m[1m^[22m[39m[31m[1m^[22m[39m[31m[1m^[22m[39m[31m[1m^[22m[39m
[31m[1m^[22m[39m[31m[1m^[22m[39m[31m[1m^[22m[39m[31m[1m^[22m[39m[31m[1m^[22m[39m[31m[1m^[22m[39
m[31m[1m^[22m[39m[31m[1m^[22m[39m[31m[1m^[22m[39m[31m[1m^[22m[39m[31m[1m^[22m[39m[31m[1m^[22m[3
9m[31m[1m^[22m[39m[31m[1m^[22m[39m[31m[1m^[22m[39m[31m[1m^[22m[39m[31m[1m^[22m[39m
 [90m 4 |[39m [36mimport[39m { revalidatePath } [36mfrom[39m [32m"next/cache"[39m
 [90m 5 |[39m
 [90m 6 |[39m [90m// ÔöÇÔöÇÔöÇ Types ÔöÇÔöÇÔöÇÔöÇÔöÇÔöÇÔöÇÔöÇÔöÇÔöÇÔöÇÔöÇÔöÇÔöÇÔöÇÔöÇÔöÇÔöÇÔöÇÔöÇÔöÇÔöÇÔöÇÔöÇÔöÇÔöÇÔ
öÇÔöÇÔöÇÔöÇÔöÇÔöÇÔöÇÔöÇÔöÇÔöÇÔöÇÔöÇÔöÇÔöÇÔöÇÔöÇÔöÇÔöÇÔöÇÔöÇÔöÇÔöÇÔöÇÔöÇÔöÇÔöÇÔöÇÔöÇÔöÇÔöÇÔöÇÔöÇÔöÇÔöÇÔöÇÔöÇÔöÇÔöÇÔöÇÔöÇ
ÔöÇÔöÇ[39m[0m



Import trace:
  Server Component:
    ./src/app/datasets/actions.ts
    ./src/app/datasets/page.tsx

https://nextjs.org/docs/messages/module-not-found


./src/app/page.tsx:1:1
Module not found: Can't resolve '@/lib/supabase'
[0m[31m[1m>[22m[39m[90m 1 |[39m [36mimport[39m { dbQuery } [36mfrom[39m [32m'@/lib/supabase'[39m
 [90m   |[39m [31m[1m^[22m[39m[31m[1m^[22m[39m[31m[1m^[22m[39m[31m[1m^[22m[39m[31m[1m^[22m[39m[3
1m[1m^[22m[39m[31m[1m^[22m[39m[31m[1m^[22m[39m[31m[1m^[22m[39m[31m[1m^[22m[39m[31m[1m^[22m[39m[
31m[1m^[22m[39m[31m[1m^[22m[39m[31m[1m^[22m[39m[31m[1m^[22m[39m[31m[1m^[22m[39m[31m[1m^[22m[39m
[31m[1m^[22m[39m[31m[1m^[22m[39m[31m[1m^[22m[39m[31m[1m^[22m[39m[31m[1m^[22m[39m[31m[1m^[22m[39m
[31m[1m^[22m[39m[31m[1m^[22m[39m[31m[1m^[22m[39m[31m[1m^[22m[39m[31m[1m^[22m[39m[31m[1m^[22m[39
m[31m[1m^[22m[39m[31m[1m^[22m[39m[31m[1m^[22m[39m[31m[1m^[22m[39m[31m[1m^[22m[39m[31m[1m^[22m[3
9m[31m[1m^[22m[39m[31m[1m^[22m[39m[31m[1m^[22m[39m[31m[1m^[22m[39m[31m[1m^[22m[39m
 [90m 2 |[39m [36mimport[39m [33mLink[39m [36mfrom[39m [32m'next/link'[39m
 [90m 3 |[39m [36mimport[39m { [33mCard[39m[33m,[39m [33mCardContent[39m } [36mfrom[39m 
[32m"@/components/ui/card"[39m
 [90m 4 |[39m [36mimport[39m { [33mButton[39m } [36mfrom[39m [32m"@/components/ui/button"[39m[0m



https://nextjs.org/docs/messages/module-not-found


./src/app/products/glossary/actions.ts:3:1
Module not found: Can't resolve '@/lib/supabase'
[0m [90m 1 |[39m [32m'use server'[39m
 [90m 2 |[39m
[31m[1m>[22m[39m[90m 3 |[39m [36mimport[39m { dbQuery } [36mfrom[39m [32m'@/lib/supabase'[39m
 [90m   |[39m [31m[1m^[22m[39m[31m[1m^[22m[39m[31m[1m^[22m[39m[31m[1m^[22m[39m[31m[1m^[22m[39m[3
1m[1m^[22m[39m[31m[1m^[22m[39m[31m[1m^[22m[39m[31m[1m^[22m[39m[31m[1m^[22m[39m[31m[1m^[22m[39m[
31m[1m^[22m[39m[31m[1m^[22m[39m[31m[1m^[22m[39m[31m[1m^[22m[39m[31m[1m^[22m[39m[31m[1m^[22m[39m
[31m[1m^[22m[39m[31m[1m^[22m[39m[31m[1m^[22m[39m[31m[1m^[22m[39m[31m[1m^[22m[39m[31m[1m^[22m[39m
[31m[1m^[22m[39m[31m[1m^[22m[39m[31m[1m^[22m[39m[31m[1m^[22m[39m[31m[1m^[22m[39m[31m[1m^[22m[39
m[31m[1m^[22m[39m[31m[1m^[22m[39m[31m[1m^[22m[39m[31m[1m^[22m[39m[31m[1m^[22m[39m[31m[1m^[22m[3
9m[31m[1m^[22m[39m[31m[1m^[22m[39m[31m[1m^[22m[39m[31m[1m^[22m[39m[31m[1m^[22m[39m
 [90m 4 |[39m [36mimport[39m { revalidatePath } [36mfrom[39m [32m'next/cache'[39m
 [90m 5 |[39m
 [90m 6 |[39m [36mexport[39m [36masync[39m [36mfunction[39m getGlossaryAction() {[0m



https://nextjs.org/docs/messages/module-not-found


./src/app/products/glossary/page.tsx:1:1
Module not found: Can't resolve '@/lib/supabase'
[0m[31m[1m>[22m[39m[90m 1 |[39m [36mimport[39m { dbQuery } [36mfrom[39m [32m'@/lib/supabase'[39m
 [90m   |[39m [31m[1m^[22m[39m[31m[1m^[22m[39m[31m[1m^[22m[39m[31m[1m^[22m[39m[31m[1m^[22m[39m[3
1m[1m^[22m[39m[31m[1m^[22m[39m[31m[1m^[22m[39m[31m[1m^[22m[39m[31m[1m^[22m[39m[31m[1m^[22m[39m[
31m[1m^[22m[39m[31m[1m^[22m[39m[31m[1m^[22m[39m[31m[1m^[22m[39m[31m[1m^[22m[39m[31m[1m^[22m[39m
[31m[1m^[22m[39m[31m[1m^[22m[39m[31m[1m^[22m[39m[31m[1m^[22m[39m[31m[1m^[22m[39m[31m[1m^[22m[39m
[31m[1m^[22m[39m[31m[1m^[22m[39m[31m[1m^[22m[39m[31m[1m^[22m[39m[31m[1m^[22m[39m[31m[1m^[22m[39
m[31m[1m^[22m[39m[31m[1m^[22m[39m[31m[1m^[22m[39m[31m[1m^[22m[39m[31m[1m^[22m[39m[31m[1m^[22m[3
9m[31m[1m^[22m[39m[31m[1m^[22m[39m[31m[1m^[22m[39m[31m[1m^[22m[39m[31m[1m^[22m[39m
 [90m 2 |[39m [36mimport[39m [33mGlossaryClient[39m [36mfrom[39m [32m'./GlossaryClient'[39m
 [90m 3 |[39m
 [90m 4 |[39m [36mexport[39m [36mdefault[39m [36masync[39m [36mfunction[39m [33mGlossaryPage[39m() {[0m



https://nextjs.org/docs/messages/module-not-found


./src/app/rules/page.tsx:1:1
Module not found: Can't resolve '@/lib/supabase'
[0m[31m[1m>[22m[39m[90m 1 |[39m [36mimport[39m { dbQuery } [36mfrom[39m [32m'@/lib/supabase'[39m
 [90m   |[39m [31m[1m^[22m[39m[31m[1m^[22m[39m[31m[1m^[22m[39m[31m[1m^[22m[39m[31m[1m^[22m[39m[3
1m[1m^[22m[39m[31m[1m^[22m[39m[31m[1m^[22m[39m[31m[1m^[22m[39m[31m[1m^[22m[39m[31m[1m^[22m[39m[
31m[1m^[22m[39m[31m[1m^[22m[39m[31m[1m^[22m[39m[31m[1m^[22m[39m[31m[1m^[22m[39m[31m[1m^[22m[39m
[31m[1m^[22m[39m[31m[1m^[22m[39m[31m[1m^[22m[39m[31m[1m^[22m[39m[31m[1m^[22m[39m[31m[1m^[22m[39m
[31m[1m^[22m[39m[31m[1m^[22m[39m[31m[1m^[22m[39m[31m[1m^[22m[39m[31m[1m^[22m[39m[31m[1m^[22m[39
m[31m[1m^[22m[39m[31m[1m^[22m[39m[31m[1m^[22m[39m[31m[1m^[22m[39m[31m[1m^[22m[39m[31m[1m^[22m[3
9m[31m[1m^[22m[39m[31m[1m^[22m[39m[31m[1m^[22m[39m[31m[1m^[22m[39m[31m[1m^[22m[39m
 [90m 2 |[39m [36mimport[39m { [33mRulesTable[39m } [36mfrom[39m [32m'@/components/rules/RulesTable'[39m
 [90m 3 |[39m [36mimport[39m { [33mNomenclaturesSection[39m } [36mfrom[39m 
[32m'@/components/rules/NomenclaturesSection'[39m
 [90m 4 |[39m [36mimport[39m [33mLink[39m [36mfrom[39m [32m'next/link'[39m[0m



https://nextjs.org/docs/messages/module-not-found


./src/app/rules/versions/actions.ts:3:1
Module not found: Can't resolve '@/lib/supabase'
[0m [90m 1 |[39m [32m'use server'[39m
 [90m 2 |[39m
[31m[1m>[22m[39m[90m 3 |[39m [36mimport[39m { dbQuery } [36mfrom[39m [32m'@/lib/supabase'[39m
 [90m   |[39m [31m[1m^[22m[39m[31m[1m^[22m[39m[31m[1m^[22m[39m[31m[1m^[22m[39m[31m[1m^[22m[39m[3
1m[1m^[22m[39m[31m[1m^[22m[39m[31m[1m^[22m[39m[31m[1m^[22m[39m[31m[1m^[22m[39m[31m[1m^[22m[39m[
31m[1m^[22m[39m[31m[1m^[22m[39m[31m[1m^[22m[39m[31m[1m^[22m[39m[31m[1m^[22m[39m[31m[1m^[22m[39m
[31m[1m^[22m[39m[31m[1m^[22m[39m[31m[1m^[22m[39m[31m[1m^[22m[39m[31m[1m^[22m[39m[31m[1m^[22m[39m
[31m[1m^[22m[39m[31m[1m^[22m[39m[31m[1m^[22m[39m[31m[1m^[22m[39m[31m[1m^[22m[39m[31m[1m^[22m[39
m[31m[1m^[22m[39m[31m[1m^[22m[39m[31m[1m^[22m[39m[31m[1m^[22m[39m[31m[1m^[22m[39m[31m[1m^[22m[3
9m[31m[1m^[22m[39m[31m[1m^[22m[39m[31m[1m^[22m[39m[31m[1m^[22m[39m[31m[1m^[22m[39m
 [90m 4 |[39m [36mimport[39m { revalidatePath } [36mfrom[39m [32m'next/cache'[39m
 [90m 5 |[39m
 [90m 6 |[39m [36mexport[39m [36masync[39m [36mfunction[39m upsertVersionAction(data[33m:[39m {[0m



https://nextjs.org/docs/messages/module-not-found


./src/app/rules/versions/page.tsx:1:1
Module not found: Can't resolve '@/lib/supabase'
[0m[31m[1m>[22m[39m[90m 1 |[39m [36mimport[39m { dbQuery } [36mfrom[39m [32m'@/lib/supabase'[39m
 [90m   |[39m [31m[1m^[22m[39m[31m[1m^[22m[39m[31m[1m^[22m[39m[31m[1m^[22m[39m[31m[1m^[22m[39m[3
1m[1m^[22m[39m[31m[1m^[22m[39m[31m[1m^[22m[39m[31m[1m^[22m[39m[31m[1m^[22m[39m[31m[1m^[22m[39m[
31m[1m^[22m[39m[31m[1m^[22m[39m[31m[1m^[22m[39m[31m[1m^[22m[39m[31m[1m^[22m[39m[31m[1m^[22m[39m
[31m[1m^[22m[39m[31m[1m^[22m[39m[31m[1m^[22m[39m[31m[1m^[22m[39m[31m[1m^[22m[39m[31m[1m^[22m[39m
[31m[1m^[22m[39m[31m[1m^[22m[39m[31m[1m^[22m[39m[31m[1m^[22m[39m[31m[1m^[22m[39m[31m[1m^[22m[39
m[31m[1m^[22m[39m[31m[1m^[22m[39m[31m[1m^[22m[39m[31m[1m^[22m[39m[31m[1m^[22m[39m[31m[1m^[22m[3
9m[31m[1m^[22m[39m[31m[1m^[22m[39m[31m[1m^[22m[39m[31m[1m^[22m[39m[31m[1m^[22m[39m
 [90m 2 |[39m [36mimport[39m [33mVersionsClient[39m [36mfrom[39m [32m'./VersionsClient'[39m
 [90m 3 |[39m
 [90m 4 |[39m [36mexport[39m [36mconst[39m dynamic [33m=[39m [32m'force-dynamic'[39m[0m



https://nextjs.org/docs/messages/module-not-found


./src/app/templates/builder/page.tsx:1:1
Module not found: Can't resolve '@/lib/supabase'
[0m[31m[1m>[22m[39m[90m 1 |[39m [36mimport[39m { dbQuery } [36mfrom[39m [32m'@/lib/supabase'[39m
 [90m   |[39m [31m[1m^[22m[39m[31m[1m^[22m[39m[31m[1m^[22m[39m[31m[1m^[22m[39m[31m[1m^[22m[39m[3
1m[1m^[22m[39m[31m[1m^[22m[39m[31m[1m^[22m[39m[31m[1m^[22m[39m[31m[1m^[22m[39m[31m[1m^[22m[39m[
31m[1m^[22m[39m[31m[1m^[22m[39m[31m[1m^[22m[39m[31m[1m^[22m[39m[31m[1m^[22m[39m[31m[1m^[22m[39m
[31m[1m^[22m[39m[31m[1m^[22m[39m[31m[1m^[22m[39m[31m[1m^[22m[39m[31m[1m^[22m[39m[31m[1m^[22m[39m
[31m[1m^[22m[39m[31m[1m^[22m[39m[31m[1m^[22m[39m[31m[1m^[22m[39m[31m[1m^[22m[39m[31m[1m^[22m[39
m[31m[1m^[22m[39m[31m[1m^[22m[39m[31m[1m^[22m[39m[31m[1m^[22m[39m[31m[1m^[22m[39m[31m[1m^[22m[3
9m[31m[1m^[22m[39m[31m[1m^[22m[39m[31m[1m^[22m[39m[31m[1m^[22m[39m[31m[1m^[22m[39m
 [90m 2 |[39m [36mimport[39m { [33mBuilderCanvas[39m } [36mfrom[39m 
[32m'@/components/templates/TemplateCanvas'[39m
 [90m 3 |[39m [36mimport[39m [33mLink[39m [36mfrom[39m [32m'next/link'[39m
 [90m 4 |[39m [36mimport[39m { [33mArrowLeft[39m } [36mfrom[39m [32m'lucide-react'[39m[0m



https://nextjs.org/docs/messages/module-not-found


./src/app/exceptions/page.tsx:13:1
Module not found: Can't resolve '@/lib/utils'
[0m [90m 11 |[39m [36mimport[39m { [33mButton[39m } [36mfrom[39m [32m'@/components/ui/button'[39m
 [90m 12 |[39m [36mimport[39m { buttonVariants } [36mfrom[39m [32m'@/components/ui/button-variants'[39m
[31m[1m>[22m[39m[90m 13 |[39m [36mimport[39m { cn } [36mfrom[39m [32m'@/lib/utils'[39m
 [90m    |[39m [31m[1m^[22m[39m[31m[1m^[22m[39m[31m[1m^[22m[39m[31m[1m^[22m[39m[31m[1m^[22m[39m[
31m[1m^[22m[39m[31m[1m^[22m[39m[31m[1m^[22m[39m[31m[1m^[22m[39m[31m[1m^[22m[39m[31m[1m^[22m[39m
[31m[1m^[22m[39m[31m[1m^[22m[39m[31m[1m^[22m[39m[31m[1m^[22m[39m[31m[1m^[22m[39m[31m[1m^[22m[39m
[31m[1m^[22m[39m[31m[1m^[22m[39m[31m[1m^[22m[39m[31m[1m^[22m[39m[31m[1m^[22m[39m[31m[1m^[22m[39
m[31m[1m^[22m[39m[31m[1m^[22m[39m[31m[1m^[22m[39m[31m[1m^[22m[39m[31m[1m^[22m[39m[31m[1m^[22m[3
9m[31m[1m^[22m[39m[31m[1m^[22m[39m[31m[1m^[22m[39m
 [90m 14 |[39m [36mimport[39m { [33mAlertCircle[39m[33m,[39m [33mArrowRight[39m } [36mfrom[39m 
[32m'lucide-react'[39m
 [90m 15 |[39m [36mimport[39m [33mLink[39m [36mfrom[39m [32m'next/link'[39m
 [90m 16 |[39m [36mimport[39m { getFullValidationSweep } [36mfrom[39m 
[32m'@/lib/engine/validationActions'[39m[0m



https://nextjs.org/docs/messages/module-not-found


./src/app/page.tsx:10:1
Module not found: Can't resolve '@/lib/utils'
[0m [90m  8 |[39m   [33mFileText[39m[33m,[39m [33mPlusCircle[39m[33m,[39m [33mUpload[39m[33m,[39m 
[33mArrowRight[39m[33m,[39m [33mSettings2[39m[33m,[39m [33mDatabaseZap[39m
 [90m  9 |[39m } [36mfrom[39m [32m'lucide-react'[39m
[31m[1m>[22m[39m[90m 10 |[39m [36mimport[39m { cn } [36mfrom[39m [32m'@/lib/utils'[39m
 [90m    |[39m [31m[1m^[22m[39m[31m[1m^[22m[39m[31m[1m^[22m[39m[31m[1m^[22m[39m[31m[1m^[22m[39m[
31m[1m^[22m[39m[31m[1m^[22m[39m[31m[1m^[22m[39m[31m[1m^[22m[39m[31m[1m^[22m[39m[31m[1m^[22m[39m
[31m[1m^[22m[39m[31m[1m^[22m[39m[31m[1m^[22m[39m[31m[1m^[22m[39m[31m[1m^[22m[39m[31m[1m^[22m[39m
[31m[1m^[22m[39m[31m[1m^[22m[39m[31m[1m^[22m[39m[31m[1m^[22m[39m[31m[1m^[22m[39m[31m[1m^[22m[39
m[31m[1m^[22m[39m[31m[1m^[22m[39m[31m[1m^[22m[39m[31m[1m^[22m[39m[31m[1m^[22m[39m[31m[1m^[22m[3
9m[31m[1m^[22m[39m[31m[1m^[22m[39m[31m[1m^[22m[39m
 [90m 11 |[39m
 [90m 12 |[39m [36mimport[39m { getFullValidationSweep } [36mfrom[39m [32m'@/lib/engine/validationActions'[39m
 [90m 13 |[39m[0m



https://nextjs.org/docs/messages/module-not-found


    at <unknown> (./tsconfig.json:32:5)
    at <unknown> (./src/app/api/products/import/route.ts:7:1)
    at <unknown> (./src/app/api/products/import/route.ts:14:1)
    at <unknown> (./src/app/api/products/import/route.ts:15:1)
    at <unknown> (./src/app/families/edit/[code]/page.tsx:32:1)
    at <unknown> (./src/app/families/edit/[code]/page.tsx:35:1)
    at <unknown> (./src/app/families/page.tsx:88:21)
    at <unknown> (./src/app/families/page.tsx:67:1)
    at <unknown> (./src/app/families/page.tsx:71:1)
    at <unknown> (./src/app/families/page.tsx:71:2)
    at <unknown> (./src/app/families/page.tsx:71:3)
    at <unknown> (./src/app/families/page.tsx:71:4)
    at <unknown> (./src/app/families/page.tsx:71:5)
    at <unknown> (./src/app/families/page.tsx:71:6)
    at <unknown> (./src/app/families/page.tsx:71:7)
    at <unknown> (./src/app/families/page.tsx:86:30)
    at <unknown> (./src/app/families/page.tsx:88:22)
    at <unknown> (./src/app/generate/[id]/page.tsx:129:1)
    at <unknown> (./src/app/generate/[id]/page.tsx:39:1)
    at <unknown> (./src/app/generate/[id]/page.tsx:46:1)
    at <unknown> (./src/app/generate/[id]/page.tsx:57:1)
    at <unknown> (./src/app/generate/page.tsx:152:1)
    at <unknown> (./src/app/generate/page.tsx:33:1)
    at <unknown> (./src/app/generate/page.tsx:46:1)
    at <unknown> (./src/app/generate/page.tsx:60:1)
    at <unknown> (./src/app/generate/page.tsx:144:1)
    at <unknown> (./src/app/generate/page.tsx:146:1)
    at <unknown> (./src/app/generate/page.tsx:147:1)
    at <unknown> (./src/app/products/ProductForm.tsx:12:1)
    at <unknown> (./src/app/products/ProductForm.tsx:17:1)
    at <unknown> (./src/app/products/ProductForm.tsx:21:1)
    at <unknown> (./src/app/products/ProductForm.tsx:28:1)
    at <unknown> (./src/app/products/ProductForm.tsx:30:1)
    at <unknown> (./src/app/products/ProductForm.tsx:31:1)
    at <unknown> (./src/app/products/[id]/page.tsx:50:2)
    at <unknown> (./src/app/products/[id]/page.tsx:50:4)
    at <unknown> (./src/app/products/[id]/page.tsx:1:1)
    at <unknown> (./src/app/products/[id]/page.tsx:5:1)
    at <unknown> (./src/app/products/[id]/page.tsx:9:1)
    at <unknown> (./src/app/products/[id]/page.tsx:21:1)
    at <unknown> (./src/app/products/[id]/page.tsx:28:1)
    at <unknown> (./src/app/products/[id]/page.tsx:34:1)
    at <unknown> (./src/app/products/mass-edit/page.tsx:27:2)
    at <unknown> (./src/app/products/mass-edit/page.tsx:27:4)
    at <unknown> (./src/app/products/mass-edit/page.tsx:8:1)
    at <unknown> (./src/app/products/mass-edit/page.tsx:18:1)
    at <unknown> (./src/app/products/mass-edit/page.tsx:20:1)
    at <unknown> (./src/app/products/page.tsx:48:1)
    at <unknown> (./src/app/products/page.tsx:68:1)
    at <unknown> (./src/app/products/page.tsx:79:1)
    at <unknown> (./src/app/templates/page.tsx:83:2)
    at <unknown> (./src/app/templates/page.tsx:83:4)
    at <unknown> (./src/app/templates/page.tsx:83:6)
    at <unknown> (./src/app/templates/page.tsx:16:1)
    at <unknown> (./src/app/templates/page.tsx:18:1)
    at <unknown> (./src/app/templates/page.tsx:19:1)
    at <unknown> (./src/app/families/new/page.tsx:10:1)
    at <unknown> (https://nextjs.org/docs/messages/module-not-found)
    at <unknown> (./src/app/assets/page.tsx:16:1)
    at <unknown> (https://nextjs.org/docs/messages/module-not-found)
    at <unknown> (./src/app/assets/page.tsx:15:1)
    at <unknown> (https://nextjs.org/docs/messages/module-not-found)
    at <unknown> (./src/app/assets/page.tsx:18:1)
    at <unknown> (https://nextjs.org/docs/messages/module-not-found)
    at <unknown> (./src/app/assets/page.tsx:20:1)
    at <unknown> (https://nextjs.org/docs/messages/module-not-found)
    at <unknown> (./src/app/assets/page.tsx:14:1)
    at <unknown> (https://nextjs.org/docs/messages/module-not-found)
    at <unknown> (./src/app/assets/page.tsx:17:1)
    at <unknown> (https://nextjs.org/docs/messages/module-not-found)
    at <unknown> (./src/app/datasets/page.tsx:2:1)
    at <unknown> (https://nextjs.org/docs/messages/module-not-found)
    at <unknown> (./src/app/export-render/page.tsx:4:1)
    at <unknown> (https://nextjs.org/docs/messages/module-not-found)
    at <unknown> (./src/app/layout.tsx:5:1)
    at <unknown> (https://nextjs.org/docs/messages/module-not-found)
    at <unknown> (./src/app/rules/page.tsx:3:1)
    at <unknown> (https://nextjs.org/docs/messages/module-not-found)
    at <unknown> (./src/app/rules/page.tsx:2:1)
    at <unknown> (https://nextjs.org/docs/messages/module-not-found)
    at <unknown> (./src/app/templates/builder/page.tsx:2:1)
    at <unknown> (https://nextjs.org/docs/messages/module-not-found)
    at <unknown> (./src/app/assets/page.tsx:13:1)
    at <unknown> (https://nextjs.org/docs/messages/module-not-found)
    at <unknown> (./src/app/exceptions/page.tsx:10:1)
    at <unknown> (https://nextjs.org/docs/messages/module-not-found)
    at <unknown> (./src/app/page.tsx:5:1)
    at <unknown> (https://nextjs.org/docs/messages/module-not-found)
    at <unknown> (./src/app/products/glossary/GlossaryClient.tsx:7:1)
    at <unknown> (https://nextjs.org/docs/messages/module-not-found)
    at <unknown> (./src/app/rules/versions/VersionsClient.tsx:7:1)
    at <unknown> (https://nextjs.org/docs/messages/module-not-found)
    at <unknown> (./src/app/families/new/page.tsx:4:1)
    at <unknown> (https://nextjs.org/docs/messages/module-not-found)
    at <unknown> (./src/app/page.tsx:4:1)
    at <unknown> (https://nextjs.org/docs/messages/module-not-found)
    at <unknown> (./src/app/products/glossary/GlossaryClient.tsx:4:1)
    at <unknown> (https://nextjs.org/docs/messages/module-not-found)
    at <unknown> (./src/app/rules/page.tsx:5:1)
    at <unknown> (https://nextjs.org/docs/messages/module-not-found)
    at <unknown> (./src/app/rules/versions/VersionsClient.tsx:4:1)
    at <unknown> (https://nextjs.org/docs/messages/module-not-found)
    at <unknown> (./src/app/exceptions/page.tsx:12:1)
    at <unknown> (https://nextjs.org/docs/messages/module-not-found)
    at <unknown> (./src/app/families/new/page.tsx:7:1)
    at <unknown> (https://nextjs.org/docs/messages/module-not-found)
    at <unknown> (./src/app/page.tsx:3:1)
    at <unknown> (https://nextjs.org/docs/messages/module-not-found)
    at <unknown> (./src/app/products/glossary/GlossaryClient.tsx:12:1)
    at <unknown> (https://nextjs.org/docs/messages/module-not-found)
    at <unknown> (./src/app/rules/versions/VersionsClient.tsx:12:1)
    at <unknown> (https://nextjs.org/docs/messages/module-not-found)
    at <unknown> (./src/app/families/new/page.tsx:5:1)
    at <unknown> (https://nextjs.org/docs/messages/module-not-found)
    at <unknown> (./src/app/products/glossary/GlossaryClient.tsx:5:1)
    at <unknown> (https://nextjs.org/docs/messages/module-not-found)
    at <unknown> (./src/app/rules/versions/VersionsClient.tsx:5:1)
    at <unknown> (https://nextjs.org/docs/messages/module-not-found)
    at <unknown> (./src/app/families/new/page.tsx:6:1)
    at <unknown> (https://nextjs.org/docs/messages/module-not-found)
    at <unknown> (./src/app/products/glossary/GlossaryClient.tsx:20:1)
    at <unknown> (https://nextjs.org/docs/messages/module-not-found)
    at <unknown> (./src/app/rules/versions/VersionsClient.tsx:20:1)
    at <unknown> (https://nextjs.org/docs/messages/module-not-found)
    at <unknown> (./src/app/families/new/page.tsx:8:1)
    at <unknown> (https://nextjs.org/docs/messages/module-not-found)
    at <unknown> (./src/app/assets/page.tsx:2:1)
    at <unknown> (https://nextjs.org/docs/messages/module-not-found)
    at <unknown> (./src/app/exceptions/page.tsx:2:1)
    at <unknown> (https://nextjs.org/docs/messages/module-not-found)
    at <unknown> (./src/app/products/glossary/GlossaryClient.tsx:6:1)
    at <unknown> (https://nextjs.org/docs/messages/module-not-found)
    at <unknown> (./src/app/rules/versions/VersionsClient.tsx:6:1)
    at <unknown> (https://nextjs.org/docs/messages/module-not-found)
    at <unknown> (./src/app/exceptions/page.tsx:16:1)
    at <unknown> (https://nextjs.org/docs/messages/module-not-found)
    at <unknown> (./src/app/page.tsx:12:1)
    at <unknown> (https://nextjs.org/docs/messages/module-not-found)
    at <unknown> (./src/app/api/assets/upload/route.ts:2:1)
    at <unknown> (https://nextjs.org/docs/messages/module-not-found)
    at <unknown> (./src/app/api/assets/upload/route.ts:3:1)
    at <unknown> (https://nextjs.org/docs/messages/module-not-found)
    at <unknown> (./src/app/api/families/[code]/route.ts:1:1)
    at <unknown> (https://nextjs.org/docs/messages/module-not-found)
    at <unknown> (./src/app/assets/page.tsx:1:1)
    at <unknown> (https://nextjs.org/docs/messages/module-not-found)
    at <unknown> (./src/app/datasets/actions.ts:3:1)
    at <unknown> (https://nextjs.org/docs/messages/module-not-found)
    at <unknown> (./src/app/page.tsx:1:1)
    at <unknown> (https://nextjs.org/docs/messages/module-not-found)
    at <unknown> (./src/app/products/glossary/actions.ts:3:1)
    at <unknown> (https://nextjs.org/docs/messages/module-not-found)
    at <unknown> (./src/app/products/glossary/page.tsx:1:1)
    at <unknown> (https://nextjs.org/docs/messages/module-not-found)
    at <unknown> (./src/app/rules/page.tsx:1:1)
    at <unknown> (https://nextjs.org/docs/messages/module-not-found)
    at <unknown> (./src/app/rules/versions/actions.ts:3:1)
    at <unknown> (https://nextjs.org/docs/messages/module-not-found)
    at <unknown> (./src/app/rules/versions/page.tsx:1:1)
    at <unknown> (https://nextjs.org/docs/messages/module-not-found)
    at <unknown> (./src/app/templates/builder/page.tsx:1:1)
    at <unknown> (https://nextjs.org/docs/messages/module-not-found)
    at <unknown> (./src/app/exceptions/page.tsx:13:1)
    at <unknown> (https://nextjs.org/docs/messages/module-not-found)
    at <unknown> (./src/app/page.tsx:10:1)
    at <unknown> (https://nextjs.org/docs/messages/module-not-found)
